[    0.000000] microcode: updated early: 0x8e -> 0xf4, date = 2023-02-23
[    0.000000] Linux version 6.4.6-76060406-generic (jenkins@warp.pop-os.org) (x86_64-linux-gnu-gcc-12 (Ubuntu 12.3.0-1ubuntu1~22.04) 12.3.0, GNU ld (GNU Binutils for Ubuntu) 2.38) #202307241739~1694621917~22.04~ac5e1a8 SMP PREEMPT_DYNAMIC Wed S
[    0.000000] Command line: initrd=\EFI\Pop_OS-5023fe3c-89dd-431c-a2a3-f91e472e4fb8\initrd.img root=UUID=5023fe3c-89dd-431c-a2a3-f91e472e4fb8 ro quiet loglevel=0 systemd.show_status=false splash rootflags=subvol=@
[    0.000000] KERNEL supported cpus:
[    0.000000]   Intel GenuineIntel
[    0.000000]   AMD AuthenticAMD
[    0.000000]   Hygon HygonGenuine
[    0.000000]   Centaur CentaurHauls
[    0.000000]   zhaoxin   Shanghai  
[    0.000000] x86/fpu: Supporting XSAVE feature 0x001: 'x87 floating point registers'
[    0.000000] x86/fpu: Supporting XSAVE feature 0x002: 'SSE registers'
[    0.000000] x86/fpu: Supporting XSAVE feature 0x004: 'AVX registers'
[    0.000000] x86/fpu: Supporting XSAVE feature 0x008: 'MPX bounds registers'
[    0.000000] x86/fpu: Supporting XSAVE feature 0x010: 'MPX CSR'
[    0.000000] x86/fpu: xstate_offset[2]:  576, xstate_sizes[2]:  256
[    0.000000] x86/fpu: xstate_offset[3]:  832, xstate_sizes[3]:   64
[    0.000000] x86/fpu: xstate_offset[4]:  896, xstate_sizes[4]:   64
[    0.000000] x86/fpu: Enabled xstate features 0x1f, context size is 960 bytes, using 'compacted' format.
[    0.000000] signal: max sigframe size: 2032
[    0.000000] BIOS-provided physical RAM map:
[    0.000000] BIOS-e820: [mem 0x0000000000000000-0x0000000000057fff] usable
[    0.000000] BIOS-e820: [mem 0x0000000000058000-0x0000000000058fff] reserved
[    0.000000] BIOS-e820: [mem 0x0000000000059000-0x000000000009dfff] usable
[    0.000000] BIOS-e820: [mem 0x000000000009e000-0x00000000000fffff] reserved
[    0.000000] BIOS-e820: [mem 0x0000000000100000-0x0000000072a20fff] usable
[    0.000000] BIOS-e820: [mem 0x0000000072a21000-0x0000000072a21fff] ACPI NVS
[    0.000000] BIOS-e820: [mem 0x0000000072a22000-0x0000000072a22fff] reserved
[    0.000000] BIOS-e820: [mem 0x0000000072a23000-0x000000008e4c2fff] usable
[    0.000000] BIOS-e820: [mem 0x000000008e4c3000-0x000000008e973fff] reserved
[    0.000000] BIOS-e820: [mem 0x000000008e974000-0x000000008e9a5fff] ACPI data
[    0.000000] BIOS-e820: [mem 0x000000008e9a6000-0x000000008edfefff] ACPI NVS
[    0.000000] BIOS-e820: [mem 0x000000008edff000-0x000000008fbfdfff] reserved
[    0.000000] BIOS-e820: [mem 0x000000008fbfe000-0x000000008fbfefff] usable
[    0.000000] BIOS-e820: [mem 0x000000008fbff000-0x000000008fffffff] reserved
[    0.000000] BIOS-e820: [mem 0x00000000e0000000-0x00000000efffffff] reserved
[    0.000000] BIOS-e820: [mem 0x00000000fe000000-0x00000000fe010fff] reserved
[    0.000000] BIOS-e820: [mem 0x00000000fec00000-0x00000000fec00fff] reserved
[    0.000000] BIOS-e820: [mem 0x00000000fed00000-0x00000000fed00fff] reserved
[    0.000000] BIOS-e820: [mem 0x00000000fee00000-0x00000000fee00fff] reserved
[    0.000000] BIOS-e820: [mem 0x00000000ff000000-0x00000000ffffffff] reserved
[    0.000000] BIOS-e820: [mem 0x0000000100000000-0x000000086effffff] usable
[    0.000000] NX (Execute Disable) protection: active
[    0.000000] e820: update [mem 0x6b1af018-0x6b1cf057] usable ==> usable
[    0.000000] e820: update [mem 0x6b1af018-0x6b1cf057] usable ==> usable
[    0.000000] e820: update [mem 0x6b19e018-0x6b1aee57] usable ==> usable
[    0.000000] e820: update [mem 0x6b19e018-0x6b1aee57] usable ==> usable
[    0.000000] extended physical RAM map:
[    0.000000] reserve setup_data: [mem 0x0000000000000000-0x0000000000057fff] usable
[    0.000000] reserve setup_data: [mem 0x0000000000058000-0x0000000000058fff] reserved
[    0.000000] reserve setup_data: [mem 0x0000000000059000-0x000000000009dfff] usable
[    0.000000] reserve setup_data: [mem 0x000000000009e000-0x00000000000fffff] reserved
[    0.000000] reserve setup_data: [mem 0x0000000000100000-0x000000006b19e017] usable
[    0.000000] reserve setup_data: [mem 0x000000006b19e018-0x000000006b1aee57] usable
[    0.000000] reserve setup_data: [mem 0x000000006b1aee58-0x000000006b1af017] usable
[    0.000000] reserve setup_data: [mem 0x000000006b1af018-0x000000006b1cf057] usable
[    0.000000] reserve setup_data: [mem 0x000000006b1cf058-0x0000000072a20fff] usable
[    0.000000] reserve setup_data: [mem 0x0000000072a21000-0x0000000072a21fff] ACPI NVS
[    0.000000] reserve setup_data: [mem 0x0000000072a22000-0x0000000072a22fff] reserved
[    0.000000] reserve setup_data: [mem 0x0000000072a23000-0x000000008e4c2fff] usable
[    0.000000] reserve setup_data: [mem 0x000000008e4c3000-0x000000008e973fff] reserved
[    0.000000] reserve setup_data: [mem 0x000000008e974000-0x000000008e9a5fff] ACPI data
[    0.000000] reserve setup_data: [mem 0x000000008e9a6000-0x000000008edfefff] ACPI NVS
[    0.000000] reserve setup_data: [mem 0x000000008edff000-0x000000008fbfdfff] reserved
[    0.000000] reserve setup_data: [mem 0x000000008fbfe000-0x000000008fbfefff] usable
[    0.000000] reserve setup_data: [mem 0x000000008fbff000-0x000000008fffffff] reserved
[    0.000000] reserve setup_data: [mem 0x00000000e0000000-0x00000000efffffff] reserved
[    0.000000] reserve setup_data: [mem 0x00000000fe000000-0x00000000fe010fff] reserved
[    0.000000] reserve setup_data: [mem 0x00000000fec00000-0x00000000fec00fff] reserved
[    0.000000] reserve setup_data: [mem 0x00000000fed00000-0x00000000fed00fff] reserved
[    0.000000] reserve setup_data: [mem 0x00000000fee00000-0x00000000fee00fff] reserved
[    0.000000] reserve setup_data: [mem 0x00000000ff000000-0x00000000ffffffff] reserved
[    0.000000] reserve setup_data: [mem 0x0000000100000000-0x000000086effffff] usable
[    0.000000] efi: EFI v2.6 by American Megatrends
[    0.000000] efi: ACPI 2.0=0x8ed87000 ACPI=0x8ed87000 SMBIOS=0x8fa66000 ESRT=0x8786ae98 MEMATTR=0x87820018 INITRD=0x72aefa18 
[    0.000000] efi: Remove mem32: MMIO range=[0xe0000000-0xefffffff] (256MB) from e820 map
[    0.000000] e820: remove [mem 0xe0000000-0xefffffff] reserved
[    0.000000] efi: Not removing mem33: MMIO range=[0xfe000000-0xfe010fff] (68KB) from e820 map
[    0.000000] efi: Not removing mem34: MMIO range=[0xfec00000-0xfec00fff] (4KB) from e820 map
[    0.000000] efi: Not removing mem35: MMIO range=[0xfed00000-0xfed00fff] (4KB) from e820 map
[    0.000000] efi: Not removing mem36: MMIO range=[0xfee00000-0xfee00fff] (4KB) from e820 map
[    0.000000] efi: Remove mem37: MMIO range=[0xff000000-0xffffffff] (16MB) from e820 map
[    0.000000] e820: remove [mem 0xff000000-0xffffffff] reserved
[    0.000000] SMBIOS 3.0 present.
[    0.000000] DMI: MSI MS-7A63/Z270 GAMING PRO CARBON (MS-7A63), BIOS 1.90 07/03/2018
[    0.000000] tsc: Detected 4200.000 MHz processor
[    0.000939] e820: update [mem 0x00000000-0x00000fff] usable ==> reserved
[    0.000941] e820: remove [mem 0x000a0000-0x000fffff] usable
[    0.000948] last_pfn = 0x86f000 max_arch_pfn = 0x400000000
[    0.000951] x86/PAT: Configuration [0-7]: WB  WC  UC- UC  WB  WP  UC- WT  
[    0.001345] last_pfn = 0x8fbff max_arch_pfn = 0x400000000
[    0.010741] esrt: Reserving ESRT space from 0x000000008786ae98 to 0x000000008786aed0.
[    0.010744] e820: update [mem 0x8786a000-0x8786afff] usable ==> reserved
[    0.010755] Using GB pages for direct mapping
[    0.011121] Secure boot disabled
[    0.011121] RAMDISK: [mem 0x6b1d0000-0x72625fff]
[    0.011125] ACPI: Early table checksum verification disabled
[    0.011127] ACPI: RSDP 0x000000008ED87000 000024 (v02 ALASKA)
[    0.011129] ACPI: XSDT 0x000000008ED870B0 0000DC (v01 ALASKA A M I    01072009 AMI  00010013)
[    0.011133] ACPI: FACP 0x000000008EDAE458 000114 (v06 ALASKA A M I    01072009 AMI  00010013)
[    0.011137] ACPI: DSDT 0x000000008ED87220 027237 (v02 ALASKA A M I    01072009 INTL 20160422)
[    0.011139] ACPI: FACS 0x000000008EDFED80 000040
[    0.011141] ACPI: APIC 0x000000008EDAE570 0000BC (v03 ALASKA A M I    01072009 AMI  00010013)
[    0.011143] ACPI: FPDT 0x000000008EDAE630 000044 (v01 ALASKA A M I    01072009 AMI  00010013)
[    0.011145] ACPI: FIDT 0x000000008EDAE678 00009C (v01 ALASKA A M I    01072009 AMI  00010013)
[    0.011147] ACPI: MCFG 0x000000008EDAE718 00003C (v01 ALASKA A M I    01072009 MSFT 00000097)
[    0.011149] ACPI: SSDT 0x000000008EDAE758 0003A3 (v01 SataRe SataTabl 00001000 INTL 20160422)
[    0.011151] ACPI: SSDT 0x000000008EDAEB00 003176 (v02 SaSsdt SaSsdt   00003000 INTL 20160422)
[    0.011153] ACPI: SSDT 0x000000008EDB1C78 0025A5 (v02 PegSsd PegSsdt  00001000 INTL 20160422)
[    0.011155] ACPI: HPET 0x000000008EDB4220 000038 (v01 INTEL  KBL      00000001 MSFT 0000005F)
[    0.011157] ACPI: SSDT 0x000000008EDB4258 000DE5 (v02 INTEL  Ther_Rvp 00001000 INTL 20160422)
[    0.011158] ACPI: SSDT 0x000000008EDB5040 000A2C (v02 INTEL  xh_rvp08 00000000 INTL 20160422)
[    0.011160] ACPI: UEFI 0x000000008EDB5A70 000042 (v01 ALASKA A M I    00000002      01000013)
[    0.011162] ACPI: SSDT 0x000000008EDB5AB8 000EDE (v02 CpuRef CpuSsdt  00003000 INTL 20160422)
[    0.011164] ACPI: LPIT 0x000000008EDB6998 000094 (v01 INTEL  KBL      00000000 MSFT 0000005F)
[    0.011166] ACPI: SSDT 0x000000008EDB6A30 000141 (v02 INTEL  HdaDsp   00000000 INTL 20160422)
[    0.011168] ACPI: SSDT 0x000000008EDB6B78 00029F (v02 INTEL  sensrhub 00000000 INTL 20160422)
[    0.011170] ACPI: SSDT 0x000000008EDB6E18 003002 (v02 INTEL  PtidDevc 00001000 INTL 20160422)
[    0.011172] ACPI: SSDT 0x000000008EDB9E20 000517 (v02 INTEL  TbtTypeC 00000000 INTL 20160422)
[    0.011174] ACPI: DBGP 0x000000008EDBA338 000034 (v01 INTEL           00000002 MSFT 0000005F)
[    0.011176] ACPI: DBG2 0x000000008EDBA370 000054 (v00 INTEL           00000002 MSFT 0000005F)
[    0.011178] ACPI: DMAR 0x000000008EDBA3C8 0000DC (v01 INTEL  KBL      00000001 INTL 00000001)
[    0.011180] ACPI: BGRT 0x000000008EDBA4A8 000038 (v01 ALASKA A M I    01072009 AMI  00010013)
[    0.011182] ACPI: WSMT 0x000000008EDBA4E0 000028 (v01 ALASKA A M I    01072009 AMI  00010013)
[    0.011183] ACPI: Reserving FACP table memory at [mem 0x8edae458-0x8edae56b]
[    0.011184] ACPI: Reserving DSDT table memory at [mem 0x8ed87220-0x8edae456]
[    0.011185] ACPI: Reserving FACS table memory at [mem 0x8edfed80-0x8edfedbf]
[    0.011185] ACPI: Reserving APIC table memory at [mem 0x8edae570-0x8edae62b]
[    0.011186] ACPI: Reserving FPDT table memory at [mem 0x8edae630-0x8edae673]
[    0.011186] ACPI: Reserving FIDT table memory at [mem 0x8edae678-0x8edae713]
[    0.011187] ACPI: Reserving MCFG table memory at [mem 0x8edae718-0x8edae753]
[    0.011187] ACPI: Reserving SSDT table memory at [mem 0x8edae758-0x8edaeafa]
[    0.011188] ACPI: Reserving SSDT table memory at [mem 0x8edaeb00-0x8edb1c75]
[    0.011188] ACPI: Reserving SSDT table memory at [mem 0x8edb1c78-0x8edb421c]
[    0.011189] ACPI: Reserving HPET table memory at [mem 0x8edb4220-0x8edb4257]
[    0.011189] ACPI: Reserving SSDT table memory at [mem 0x8edb4258-0x8edb503c]
[    0.011190] ACPI: Reserving SSDT table memory at [mem 0x8edb5040-0x8edb5a6b]
[    0.011191] ACPI: Reserving UEFI table memory at [mem 0x8edb5a70-0x8edb5ab1]
[    0.011191] ACPI: Reserving SSDT table memory at [mem 0x8edb5ab8-0x8edb6995]
[    0.011192] ACPI: Reserving LPIT table memory at [mem 0x8edb6998-0x8edb6a2b]
[    0.011192] ACPI: Reserving SSDT table memory at [mem 0x8edb6a30-0x8edb6b70]
[    0.011193] ACPI: Reserving SSDT table memory at [mem 0x8edb6b78-0x8edb6e16]
[    0.011193] ACPI: Reserving SSDT table memory at [mem 0x8edb6e18-0x8edb9e19]
[    0.011194] ACPI: Reserving SSDT table memory at [mem 0x8edb9e20-0x8edba336]
[    0.011194] ACPI: Reserving DBGP table memory at [mem 0x8edba338-0x8edba36b]
[    0.011195] ACPI: Reserving DBG2 table memory at [mem 0x8edba370-0x8edba3c3]
[    0.011195] ACPI: Reserving DMAR table memory at [mem 0x8edba3c8-0x8edba4a3]
[    0.011196] ACPI: Reserving BGRT table memory at [mem 0x8edba4a8-0x8edba4df]
[    0.011196] ACPI: Reserving WSMT table memory at [mem 0x8edba4e0-0x8edba507]
[    0.011382] No NUMA configuration found
[    0.011383] Faking a node at [mem 0x0000000000000000-0x000000086effffff]
[    0.011388] NODE_DATA(0) allocated [mem 0x86efd5000-0x86effffff]
[    0.011494] Zone ranges:
[    0.011495]   DMA      [mem 0x0000000000001000-0x0000000000ffffff]
[    0.011496]   DMA32    [mem 0x0000000001000000-0x00000000ffffffff]
[    0.011497]   Normal   [mem 0x0000000100000000-0x000000086effffff]
[    0.011498]   Device   empty
[    0.011499] Movable zone start for each node
[    0.011500] Early memory node ranges
[    0.011501]   node   0: [mem 0x0000000000001000-0x0000000000057fff]
[    0.011502]   node   0: [mem 0x0000000000059000-0x000000000009dfff]
[    0.011502]   node   0: [mem 0x0000000000100000-0x0000000072a20fff]
[    0.011503]   node   0: [mem 0x0000000072a23000-0x000000008e4c2fff]
[    0.011503]   node   0: [mem 0x000000008fbfe000-0x000000008fbfefff]
[    0.011504]   node   0: [mem 0x0000000100000000-0x000000086effffff]
[    0.011506] Initmem setup node 0 [mem 0x0000000000001000-0x000000086effffff]
[    0.011509] On node 0, zone DMA: 1 pages in unavailable ranges
[    0.011510] On node 0, zone DMA: 1 pages in unavailable ranges
[    0.011523] On node 0, zone DMA: 98 pages in unavailable ranges
[    0.014149] On node 0, zone DMA32: 2 pages in unavailable ranges
[    0.014182] On node 0, zone DMA32: 5947 pages in unavailable ranges
[    0.051585] On node 0, zone Normal: 1025 pages in unavailable ranges
[    0.051609] On node 0, zone Normal: 4096 pages in unavailable ranges
[    0.051825] ACPI: PM-Timer IO Port: 0x1808
[    0.051829] ACPI: LAPIC_NMI (acpi_id[0x01] high edge lint[0x1])
[    0.051830] ACPI: LAPIC_NMI (acpi_id[0x02] high edge lint[0x1])
[    0.051831] ACPI: LAPIC_NMI (acpi_id[0x03] high edge lint[0x1])
[    0.051831] ACPI: LAPIC_NMI (acpi_id[0x04] high edge lint[0x1])
[    0.051832] ACPI: LAPIC_NMI (acpi_id[0x05] high edge lint[0x1])
[    0.051832] ACPI: LAPIC_NMI (acpi_id[0x06] high edge lint[0x1])
[    0.051833] ACPI: LAPIC_NMI (acpi_id[0x07] high edge lint[0x1])
[    0.051833] ACPI: LAPIC_NMI (acpi_id[0x08] high edge lint[0x1])
[    0.051858] IOAPIC[0]: apic_id 2, version 32, address 0xfec00000, GSI 0-119
[    0.051860] ACPI: INT_SRC_OVR (bus 0 bus_irq 0 global_irq 2 dfl dfl)
[    0.051862] ACPI: INT_SRC_OVR (bus 0 bus_irq 9 global_irq 9 high level)
[    0.051864] ACPI: Using ACPI (MADT) for SMP configuration information
[    0.051865] ACPI: HPET id: 0x8086a201 base: 0xfed00000
[    0.051869] e820: update [mem 0x87793000-0x877d4fff] usable ==> reserved
[    0.051878] TSC deadline timer available
[    0.051878] smpboot: Allowing 8 CPUs, 0 hotplug CPUs
[    0.051889] PM: hibernation: Registered nosave memory: [mem 0x00000000-0x00000fff]
[    0.051890] PM: hibernation: Registered nosave memory: [mem 0x00058000-0x00058fff]
[    0.051891] PM: hibernation: Registered nosave memory: [mem 0x0009e000-0x000fffff]
[    0.051892] PM: hibernation: Registered nosave memory: [mem 0x6b19e000-0x6b19efff]
[    0.051893] PM: hibernation: Registered nosave memory: [mem 0x6b1ae000-0x6b1aefff]
[    0.051894] PM: hibernation: Registered nosave memory: [mem 0x6b1af000-0x6b1affff]
[    0.051895] PM: hibernation: Registered nosave memory: [mem 0x6b1cf000-0x6b1cffff]
[    0.051896] PM: hibernation: Registered nosave memory: [mem 0x72a21000-0x72a21fff]
[    0.051896] PM: hibernation: Registered nosave memory: [mem 0x72a22000-0x72a22fff]
[    0.051897] PM: hibernation: Registered nosave memory: [mem 0x87793000-0x877d4fff]
[    0.051898] PM: hibernation: Registered nosave memory: [mem 0x8786a000-0x8786afff]
[    0.051900] PM: hibernation: Registered nosave memory: [mem 0x8e4c3000-0x8e973fff]
[    0.051900] PM: hibernation: Registered nosave memory: [mem 0x8e974000-0x8e9a5fff]
[    0.051900] PM: hibernation: Registered nosave memory: [mem 0x8e9a6000-0x8edfefff]
[    0.051901] PM: hibernation: Registered nosave memory: [mem 0x8edff000-0x8fbfdfff]
[    0.051902] PM: hibernation: Registered nosave memory: [mem 0x8fbff000-0x8fffffff]
[    0.051902] PM: hibernation: Registered nosave memory: [mem 0x90000000-0xfdffffff]
[    0.051903] PM: hibernation: Registered nosave memory: [mem 0xfe000000-0xfe010fff]
[    0.051903] PM: hibernation: Registered nosave memory: [mem 0xfe011000-0xfebfffff]
[    0.051904] PM: hibernation: Registered nosave memory: [mem 0xfec00000-0xfec00fff]
[    0.051904] PM: hibernation: Registered nosave memory: [mem 0xfec01000-0xfecfffff]
[    0.051905] PM: hibernation: Registered nosave memory: [mem 0xfed00000-0xfed00fff]
[    0.051905] PM: hibernation: Registered nosave memory: [mem 0xfed01000-0xfedfffff]
[    0.051905] PM: hibernation: Registered nosave memory: [mem 0xfee00000-0xfee00fff]
[    0.051906] PM: hibernation: Registered nosave memory: [mem 0xfee01000-0xffffffff]
[    0.051907] [mem 0x90000000-0xfdffffff] available for PCI devices
[    0.051908] Booting paravirtualized kernel on bare hardware
[    0.051909] clocksource: refined-jiffies: mask: 0xffffffff max_cycles: 0xffffffff, max_idle_ns: 7645519600211568 ns
[    0.051914] setup_percpu: NR_CPUS:8192 nr_cpumask_bits:8 nr_cpu_ids:8 nr_node_ids:1
[    0.052210] percpu: Embedded 62 pages/cpu s217088 r8192 d28672 u262144
[    0.052214] pcpu-alloc: s217088 r8192 d28672 u262144 alloc=1*2097152
[    0.052216] pcpu-alloc: [0] 0 1 2 3 4 5 6 7 
[    0.052232] Kernel command line: initrd=\EFI\Pop_OS-5023fe3c-89dd-431c-a2a3-f91e472e4fb8\initrd.img root=UUID=5023fe3c-89dd-431c-a2a3-f91e472e4fb8 ro quiet loglevel=0 systemd.show_status=false splash rootflags=subvol=@
[    0.052293] Unknown kernel command line parameters "splash", will be passed to user space.
[    0.052322] random: crng init done
[    0.054819] Dentry cache hash table entries: 4194304 (order: 13, 33554432 bytes, linear)
[    0.056073] Inode-cache hash table entries: 2097152 (order: 12, 16777216 bytes, linear)
[    0.056142] Fallback order for Node 0: 0 
[    0.056144] Built 1 zonelists, mobility grouping on.  Total pages: 8246382
[    0.056145] Policy zone: Normal
[    0.056148] mem auto-init: stack:all(zero), heap alloc:on, heap free:off
[    0.056152] software IO TLB: area num 8.
[    0.121809] Memory: 32572804K/33509752K available (20480K kernel code, 4204K rwdata, 12900K rodata, 4716K init, 17532K bss, 936688K reserved, 0K cma-reserved)
[    0.121884] SLUB: HWalign=64, Order=0-3, MinObjects=0, CPUs=8, Nodes=1
[    0.121891] Kernel/User page tables isolation: enabled
[    0.121914] ftrace: allocating 54010 entries in 211 pages
[    0.128343] ftrace: allocated 211 pages with 5 groups
[    0.128850] Dynamic Preempt: voluntary
[    0.128870] rcu: Preemptible hierarchical RCU implementation.
[    0.128870] rcu: 	RCU restricting CPUs from NR_CPUS=8192 to nr_cpu_ids=8.
[    0.128871] 	Trampoline variant of Tasks RCU enabled.
[    0.128872] 	Rude variant of Tasks RCU enabled.
[    0.128872] 	Tracing variant of Tasks RCU enabled.
[    0.128872] rcu: RCU calculated value of scheduler-enlistment delay is 25 jiffies.
[    0.128873] rcu: Adjusting geometry for rcu_fanout_leaf=16, nr_cpu_ids=8
[    0.130657] NR_IRQS: 524544, nr_irqs: 2048, preallocated irqs: 16
[    0.130841] rcu: srcu_init: Setting srcu_struct sizes based on contention.
[    0.130993] Console: colour dummy device 80x25
[    0.130995] printk: console [tty0] enabled
[    0.131025] ACPI: Core revision 20230331
[    0.131200] clocksource: hpet: mask: 0xffffffff max_cycles: 0xffffffff, max_idle_ns: 79635855245 ns
[    0.131266] APIC: Switch to symmetric I/O mode setup
[    0.131267] DMAR: Host address width 39
[    0.131268] DMAR: DRHD base: 0x000000fed90000 flags: 0x1
[    0.131272] DMAR: dmar0: reg_base_addr fed90000 ver 1:0 cap d2008c40660462 ecap f050da
[    0.131274] DMAR: RMRR base: 0x0000008e8d9000 end: 0x0000008e8f8fff
[    0.131275] DMAR: ANDD device: 1 name: \_SB.PCI0.I2C0
[    0.131276] DMAR: ANDD device: 2 name: \_SB.PCI0.I2C1
[    0.131276] DMAR: ANDD device: 9 name: \_SB.PCI0.UA00
[    0.131277] DMAR-IR: IOAPIC id 2 under DRHD base  0xfed90000 IOMMU 0
[    0.131278] DMAR-IR: HPET id 0 under DRHD base 0xfed90000
[    0.131279] DMAR-IR: Queued invalidation will be enabled to support x2apic and Intr-remapping.
[    0.132639] DMAR-IR: Enabled IRQ remapping in x2apic mode
[    0.132640] x2apic enabled
[    0.132650] Switched APIC routing to cluster x2apic.
[    0.136726] ..TIMER: vector=0x30 apic1=0 pin1=2 apic2=-1 pin2=-1
[    0.155238] clocksource: tsc-early: mask: 0xffffffffffffffff max_cycles: 0x3c8a615336c, max_idle_ns: 440795257976 ns
[    0.155243] Calibrating delay loop (skipped), value calculated using timer frequency.. 8400.00 BogoMIPS (lpj=16800000)
[    0.155245] pid_max: default: 32768 minimum: 301
[    0.157628] LSM: initializing lsm=lockdown,capability,landlock,yama,apparmor,integrity
[    0.157637] landlock: Up and running.
[    0.157637] Yama: becoming mindful.
[    0.157652] AppArmor: AppArmor initialized
[    0.157705] Mount-cache hash table entries: 65536 (order: 7, 524288 bytes, linear)
[    0.157748] Mountpoint-cache hash table entries: 65536 (order: 7, 524288 bytes, linear)
[    0.157882] x86/cpu: SGX disabled by BIOS.
[    0.157886] CPU0: Thermal monitoring enabled (TM1)
[    0.157915] process: using mwait in idle threads
[    0.157918] Last level iTLB entries: 4KB 64, 2MB 8, 4MB 8
[    0.157918] Last level dTLB entries: 4KB 64, 2MB 0, 4MB 0, 1GB 4
[    0.157922] Spectre V1 : Mitigation: usercopy/swapgs barriers and __user pointer sanitization
[    0.157923] Spectre V2 : Mitigation: IBRS
[    0.157924] Spectre V2 : Spectre v2 / SpectreRSB mitigation: Filling RSB on context switch
[    0.157925] Spectre V2 : Spectre v2 / SpectreRSB : Filling RSB on VMEXIT
[    0.157925] RETBleed: Mitigation: IBRS
[    0.157927] Spectre V2 : mitigation: Enabling conditional Indirect Branch Prediction Barrier
[    0.157927] Spectre V2 : User space: Mitigation: STIBP via prctl
[    0.157929] Speculative Store Bypass: Mitigation: Speculative Store Bypass disabled via prctl
[    0.157935] MDS: Mitigation: Clear CPU buffers
[    0.157936] TAA: Mitigation: TSX disabled
[    0.157936] MMIO Stale Data: Mitigation: Clear CPU buffers
[    0.157940] SRBDS: Mitigation: Microcode
[    0.176911] Freeing SMP alternatives memory: 44K
[    0.177209] smpboot: CPU0: Intel(R) Core(TM) i7-7700K CPU @ 4.20GHz (family: 0x6, model: 0x9e, stepping: 0x9)
[    0.177293] cblist_init_generic: Setting adjustable number of callback queues.
[    0.177295] cblist_init_generic: Setting shift to 3 and lim to 1.
[    0.177303] cblist_init_generic: Setting shift to 3 and lim to 1.
[    0.177313] cblist_init_generic: Setting shift to 3 and lim to 1.
[    0.177321] Performance Events: PEBS fmt3+, Skylake events, 32-deep LBR, full-width counters, Intel PMU driver.
[    0.177339] ... version:                4
[    0.177340] ... bit width:              48
[    0.177340] ... generic registers:      4
[    0.177341] ... value mask:             0000ffffffffffff
[    0.177342] ... max period:             00007fffffffffff
[    0.177342] ... fixed-purpose events:   3
[    0.177343] ... event mask:             000000070000000f
[    0.177423] Estimated ratio of average max frequency by base frequency (times 1024): 1194
[    0.177435] rcu: Hierarchical SRCU implementation.
[    0.177436] rcu: 	Max phase no-delay instances is 1000.
[    0.177899] NMI watchdog: Enabled. Permanently consumes one hw-PMU counter.
[    0.177946] smp: Bringing up secondary CPUs ...
[    0.178008] x86: Booting SMP configuration:
[    0.178009] .... node  #0, CPUs:      #1 #2 #3 #4
[    0.180607] MDS CPU bug present and SMT on, data leak possible. See https://www.kernel.org/doc/html/latest/admin-guide/hw-vuln/mds.html for more details.
[    0.180607] MMIO Stale Data CPU bug present and SMT on, data leak possible. See https://www.kernel.org/doc/html/latest/admin-guide/hw-vuln/processor_mmio_stale_data.html for more details.
[    0.180607]  #5 #6 #7
[    0.180607] smp: Brought up 1 node, 8 CPUs
[    0.180607] smpboot: Max logical packages: 1
[    0.180607] smpboot: Total of 8 processors activated (67200.00 BogoMIPS)
[    0.183990] devtmpfs: initialized
[    0.183990] x86/mm: Memory block size: 128MB
[    0.185097] ACPI: PM: Registering ACPI NVS region [mem 0x72a21000-0x72a21fff] (4096 bytes)
[    0.185097] ACPI: PM: Registering ACPI NVS region [mem 0x8e9a6000-0x8edfefff] (4558848 bytes)
[    0.185097] clocksource: jiffies: mask: 0xffffffff max_cycles: 0xffffffff, max_idle_ns: 7645041785100000 ns
[    0.185097] futex hash table entries: 2048 (order: 5, 131072 bytes, linear)
[    0.185097] pinctrl core: initialized pinctrl subsystem
[    0.185097] PM: RTC time: 06:20:20, date: 2023-09-24
[    0.185097] NET: Registered PF_NETLINK/PF_ROUTE protocol family
[    0.185097] DMA: preallocated 4096 KiB GFP_KERNEL pool for atomic allocations
[    0.185097] DMA: preallocated 4096 KiB GFP_KERNEL|GFP_DMA pool for atomic allocations
[    0.185097] DMA: preallocated 4096 KiB GFP_KERNEL|GFP_DMA32 pool for atomic allocations
[    0.185097] audit: initializing netlink subsys (disabled)
[    0.185097] audit: type=2000 audit(1695536420.052:1): state=initialized audit_enabled=0 res=1
[    0.185097] thermal_sys: Registered thermal governor 'fair_share'
[    0.185097] thermal_sys: Registered thermal governor 'bang_bang'
[    0.185097] thermal_sys: Registered thermal governor 'step_wise'
[    0.185097] thermal_sys: Registered thermal governor 'user_space'
[    0.185097] thermal_sys: Registered thermal governor 'power_allocator'
[    0.185097] EISA bus registered
[    0.185097] cpuidle: using governor ladder
[    0.185097] cpuidle: using governor menu
[    0.187274] ACPI FADT declares the system doesn't support PCIe ASPM, so disable it
[    0.187274] acpiphp: ACPI Hot Plug PCI Controller Driver version: 0.5
[    0.187321] PCI: MMCONFIG for domain 0000 [bus 00-ff] at [mem 0xe0000000-0xefffffff] (base 0xe0000000)
[    0.187324] PCI: not using MMCONFIG
[    0.187325] PCI: Using configuration type 1 for base access
[    0.187518] ENERGY_PERF_BIAS: Set to 'normal', was 'performance'
[    0.187523] kprobes: kprobe jump-optimization is enabled. All kprobes are optimized if possible.
[    0.191314] HugeTLB: registered 1.00 GiB page size, pre-allocated 0 pages
[    0.191315] HugeTLB: 16380 KiB vmemmap can be freed for a 1.00 GiB page
[    0.191316] HugeTLB: registered 2.00 MiB page size, pre-allocated 0 pages
[    0.191317] HugeTLB: 28 KiB vmemmap can be freed for a 2.00 MiB page
[    0.191371] ACPI: Added _OSI(Module Device)
[    0.191371] ACPI: Added _OSI(Processor Device)
[    0.191371] ACPI: Added _OSI(3.0 _SCP Extensions)
[    0.191371] ACPI: Added _OSI(Processor Aggregator Device)
[    0.220283] ACPI: 11 ACPI AML tables successfully acquired and loaded
[    0.224900] ACPI: Dynamic OEM Table Load:
[    0.224900] ACPI: SSDT 0xFFFFA09280C48000 00081F (v02 PmRef  Cpu0Ist  00003000 INTL 20160422)
[    0.224997] ACPI: \_PR_.CPU0: _OSC native thermal LVT Acked
[    0.228080] ACPI: Dynamic OEM Table Load:
[    0.228085] ACPI: SSDT 0xFFFFA09281182000 00065C (v02 PmRef  ApIst    00003000 INTL 20160422)
[    0.229413] ACPI: Dynamic OEM Table Load:
[    0.229417] ACPI: SSDT 0xFFFFA092810E2400 000197 (v02 PmRef  ApHwp    00003000 INTL 20160422)
[    0.233492] ACPI: Interpreter enabled
[    0.233516] ACPI: PM: (supports S0 S3 S4 S5)
[    0.233517] ACPI: Using IOAPIC for interrupt routing
[    0.233543] PCI: MMCONFIG for domain 0000 [bus 00-ff] at [mem 0xe0000000-0xefffffff] (base 0xe0000000)
[    0.234724] PCI: MMCONFIG at [mem 0xe0000000-0xefffffff] reserved as ACPI motherboard resource
[    0.234735] PCI: Using host bridge windows from ACPI; if necessary, use "pci=nocrs" and report a bug
[    0.234736] PCI: Using E820 reservations for host bridge windows
[    0.235559] ACPI: Enabled 7 GPEs in block 00 to 7F
[    0.237451] ACPI: \_SB_.PCI0.PEG0.PG00: New power resource
[    0.237742] ACPI: \_SB_.PCI0.PEG1.PG01: New power resource
[    0.238033] ACPI: \_SB_.PCI0.PEG2.PG02: New power resource
[    0.239477] ACPI: \_SB_.PCI0.RP09.PXSX.WRST: New power resource
[    0.239733] ACPI: \_SB_.PCI0.RP10.PXSX.WRST: New power resource
[    0.239986] ACPI: \_SB_.PCI0.RP11.PXSX.WRST: New power resource
[    0.240243] ACPI: \_SB_.PCI0.RP12.PXSX.WRST: New power resource
[    0.240497] ACPI: \_SB_.PCI0.RP13.PXSX.WRST: New power resource
[    0.240751] ACPI: \_SB_.PCI0.RP01.PXSX.WRST: New power resource
[    0.241009] ACPI: \_SB_.PCI0.RP02.PXSX.WRST: New power resource
[    0.241265] ACPI: \_SB_.PCI0.RP03.PXSX.WRST: New power resource
[    0.241521] ACPI: \_SB_.PCI0.RP04.PXSX.WRST: New power resource
[    0.241776] ACPI: \_SB_.PCI0.RP05.PXSX.WRST: New power resource
[    0.242379] ACPI: \_SB_.PCI0.RP06.PXSX.WRST: New power resource
[    0.242632] ACPI: \_SB_.PCI0.RP07.PXSX.WRST: New power resource
[    0.242889] ACPI: \_SB_.PCI0.RP08.PXSX.WRST: New power resource
[    0.243145] ACPI: \_SB_.PCI0.RP17.PXSX.WRST: New power resource
[    0.243400] ACPI: \_SB_.PCI0.RP18.PXSX.WRST: New power resource
[    0.243655] ACPI: \_SB_.PCI0.RP19.PXSX.WRST: New power resource
[    0.243909] ACPI: \_SB_.PCI0.RP20.PXSX.WRST: New power resource
[    0.244981] ACPI: \_SB_.PCI0.RP14.PXSX.WRST: New power resource
[    0.245237] ACPI: \_SB_.PCI0.RP15.PXSX.WRST: New power resource
[    0.245494] ACPI: \_SB_.PCI0.RP16.PXSX.WRST: New power resource
[    0.255049] ACPI: \_TZ_.FN00: New power resource
[    0.255118] ACPI: \_TZ_.FN01: New power resource
[    0.255185] ACPI: \_TZ_.FN02: New power resource
[    0.255252] ACPI: \_TZ_.FN03: New power resource
[    0.255321] ACPI: \_TZ_.FN04: New power resource
[    0.256280] ACPI: PCI Root Bridge [PCI0] (domain 0000 [bus 00-fe])
[    0.256286] acpi PNP0A08:00: _OSC: OS supports [ExtendedConfig ASPM ClockPM Segments MSI EDR HPX-Type3]
[    0.256382] acpi PNP0A08:00: _OSC: platform does not support [PCIeHotplug SHPCHotplug PME AER]
[    0.256558] acpi PNP0A08:00: _OSC: OS now controls [PCIeCapability LTR DPC]
[    0.256559] acpi PNP0A08:00: FADT indicates ASPM is unsupported, using BIOS configuration
[    0.257385] PCI host bridge to bus 0000:00
[    0.257387] pci_bus 0000:00: root bus resource [io  0x0000-0x0cf7 window]
[    0.257388] pci_bus 0000:00: root bus resource [io  0x0d00-0xffff window]
[    0.257390] pci_bus 0000:00: root bus resource [mem 0x000a0000-0x000fffff window]
[    0.257391] pci_bus 0000:00: root bus resource [mem 0x90000000-0xdfffffff window]
[    0.257392] pci_bus 0000:00: root bus resource [mem 0xfd000000-0xfe7fffff window]
[    0.257393] pci_bus 0000:00: root bus resource [bus 00-fe]
[    0.257458] pci 0000:00:00.0: [8086:591f] type 00 class 0x060000
[    0.257525] pci 0000:00:01.0: [8086:1901] type 01 class 0x060400
[    0.257569] pci 0000:00:01.0: PME# supported from D0 D3hot D3cold
[    0.257925] pci 0000:00:08.0: [8086:1911] type 00 class 0x088000
[    0.257937] pci 0000:00:08.0: reg 0x10: [mem 0xdf552000-0xdf552fff 64bit]
[    0.258029] pci 0000:00:14.0: [8086:a2af] type 00 class 0x0c0330
[    0.258050] pci 0000:00:14.0: reg 0x10: [mem 0xdf530000-0xdf53ffff 64bit]
[    0.258119] pci 0000:00:14.0: PME# supported from D3hot D3cold
[    0.258637] pci 0000:00:14.2: [8086:a2b1] type 00 class 0x118000
[    0.258658] pci 0000:00:14.2: reg 0x10: [mem 0xdf551000-0xdf551fff 64bit]
[    0.258810] pci 0000:00:15.0: [8086:a2e0] type 00 class 0x118000
[    0.258979] pci 0000:00:15.0: reg 0x10: [mem 0xdf550000-0xdf550fff 64bit]
[    0.259554] pci 0000:00:15.1: [8086:a2e1] type 00 class 0x118000
[    0.259723] pci 0000:00:15.1: reg 0x10: [mem 0xdf54f000-0xdf54ffff 64bit]
[    0.260290] pci 0000:00:16.0: [8086:a2ba] type 00 class 0x078000
[    0.260313] pci 0000:00:16.0: reg 0x10: [mem 0xdf54e000-0xdf54efff 64bit]
[    0.260383] pci 0000:00:16.0: PME# supported from D3hot
[    0.260633] pci 0000:00:17.0: [8086:a282] type 00 class 0x010601
[    0.260648] pci 0000:00:17.0: reg 0x10: [mem 0xdf548000-0xdf549fff]
[    0.260658] pci 0000:00:17.0: reg 0x14: [mem 0xdf54d000-0xdf54d0ff]
[    0.260667] pci 0000:00:17.0: reg 0x18: [io  0xf050-0xf057]
[    0.260676] pci 0000:00:17.0: reg 0x1c: [io  0xf040-0xf043]
[    0.260686] pci 0000:00:17.0: reg 0x20: [io  0xf020-0xf03f]
[    0.260695] pci 0000:00:17.0: reg 0x24: [mem 0xdf54c000-0xdf54c7ff]
[    0.260729] pci 0000:00:17.0: PME# supported from D3hot
[    0.260957] pci 0000:00:1b.0: [8086:a2e7] type 01 class 0x060400
[    0.261026] pci 0000:00:1b.0: PME# supported from D0 D3hot D3cold
[    0.261529] pci 0000:00:1c.0: [8086:a290] type 01 class 0x060400
[    0.261604] pci 0000:00:1c.0: PME# supported from D0 D3hot D3cold
[    0.262078] pci 0000:00:1c.4: [8086:a294] type 01 class 0x060400
[    0.262147] pci 0000:00:1c.4: PME# supported from D0 D3hot D3cold
[    0.262626] pci 0000:00:1c.6: [8086:a296] type 01 class 0x060400
[    0.262696] pci 0000:00:1c.6: PME# supported from D0 D3hot D3cold
[    0.263179] pci 0000:00:1d.0: [8086:a298] type 01 class 0x060400
[    0.263251] pci 0000:00:1d.0: PME# supported from D0 D3hot D3cold
[    0.263789] pci 0000:00:1e.0: [8086:a2a7] type 00 class 0x118000
[    0.263959] pci 0000:00:1e.0: reg 0x10: [mem 0xdf54b000-0xdf54bfff 64bit]
[    0.264526] pci 0000:00:1f.0: [8086:a2c5] type 00 class 0x060100
[    0.264839] pci 0000:00:1f.2: [8086:a2a1] type 00 class 0x058000
[    0.264853] pci 0000:00:1f.2: reg 0x10: [mem 0xdf544000-0xdf547fff]
[    0.265083] pci 0000:00:1f.3: [8086:a2f0] type 00 class 0x040300
[    0.265105] pci 0000:00:1f.3: reg 0x10: [mem 0xdf540000-0xdf543fff 64bit]
[    0.265133] pci 0000:00:1f.3: reg 0x20: [mem 0xdf520000-0xdf52ffff 64bit]
[    0.265174] pci 0000:00:1f.3: PME# supported from D3hot D3cold
[    0.265637] pci 0000:00:1f.4: [8086:a2a3] type 00 class 0x0c0500
[    0.265694] pci 0000:00:1f.4: reg 0x10: [mem 0xdf54a000-0xdf54a0ff 64bit]
[    0.265763] pci 0000:00:1f.4: reg 0x20: [io  0xf000-0xf01f]
[    0.266028] pci 0000:00:1f.6: [8086:15b8] type 00 class 0x020000
[    0.266051] pci 0000:00:1f.6: reg 0x10: [mem 0xdf500000-0xdf51ffff]
[    0.266166] pci 0000:00:1f.6: PME# supported from D0 D3hot D3cold
[    0.266384] pci 0000:01:00.0: [10de:1f07] type 00 class 0x030000
[    0.266399] pci 0000:01:00.0: reg 0x10: [mem 0xde000000-0xdeffffff]
[    0.266413] pci 0000:01:00.0: reg 0x14: [mem 0xc0000000-0xcfffffff 64bit pref]
[    0.266427] pci 0000:01:00.0: reg 0x1c: [mem 0xd0000000-0xd1ffffff 64bit pref]
[    0.266436] pci 0000:01:00.0: reg 0x24: [io  0xe000-0xe07f]
[    0.266445] pci 0000:01:00.0: reg 0x30: [mem 0xdf000000-0xdf07ffff pref]
[    0.266460] pci 0000:01:00.0: BAR 1: assigned to efifb
[    0.266464] pci 0000:01:00.0: Video device with shadowed ROM at [mem 0x000c0000-0x000dffff]
[    0.266496] pci 0000:01:00.0: PME# supported from D0 D3hot
[    0.266545] pci 0000:01:00.0: 32.000 Gb/s available PCIe bandwidth, limited by 2.5 GT/s PCIe x16 link at 0000:00:01.0 (capable of 126.016 Gb/s with 8.0 GT/s PCIe x16 link)
[    0.266635] pci 0000:01:00.1: [10de:10f9] type 00 class 0x040300
[    0.266647] pci 0000:01:00.1: reg 0x10: [mem 0xdf080000-0xdf083fff]
[    0.266752] pci 0000:01:00.2: [10de:1ada] type 00 class 0x0c0330
[    0.266772] pci 0000:01:00.2: reg 0x10: [mem 0xd2000000-0xd203ffff 64bit pref]
[    0.266793] pci 0000:01:00.2: reg 0x1c: [mem 0xd2040000-0xd204ffff 64bit pref]
[    0.266844] pci 0000:01:00.2: PME# supported from D0 D3hot
[    0.266888] pci 0000:01:00.3: [10de:1adb] type 00 class 0x0c8000
[    0.266899] pci 0000:01:00.3: reg 0x10: [mem 0xdf084000-0xdf084fff]
[    0.266964] pci 0000:01:00.3: PME# supported from D0 D3hot
[    0.267020] pci 0000:00:01.0: PCI bridge to [bus 01]
[    0.267022] pci 0000:00:01.0:   bridge window [io  0xe000-0xefff]
[    0.267024] pci 0000:00:01.0:   bridge window [mem 0xde000000-0xdf0fffff]
[    0.267026] pci 0000:00:01.0:   bridge window [mem 0xc0000000-0xd20fffff 64bit pref]
[    0.267099] pci 0000:02:00.0: [8086:f1a6] type 00 class 0x010802
[    0.267129] pci 0000:02:00.0: reg 0x10: [mem 0xdf400000-0xdf403fff 64bit]
[    0.267586] pci 0000:00:1b.0: PCI bridge to [bus 02]
[    0.267589] pci 0000:00:1b.0:   bridge window [mem 0xdf400000-0xdf4fffff]
[    0.267651] acpiphp: Slot [1] registered
[    0.267660] pci 0000:00:1c.0: PCI bridge to [bus 03]
[    0.267728] pci 0000:04:00.0: [1b21:2142] type 00 class 0x0c0330
[    0.267754] pci 0000:04:00.0: reg 0x10: [mem 0xdf300000-0xdf307fff 64bit]
[    0.267813] pci 0000:04:00.0: enabling Extended Tags
[    0.267874] pci 0000:04:00.0: PME# supported from D0 D3hot D3cold
[    0.268197] pci 0000:00:1c.4: PCI bridge to [bus 04]
[    0.268201] pci 0000:00:1c.4:   bridge window [mem 0xdf300000-0xdf3fffff]
[    0.268275] pci 0000:05:00.0: [8086:2725] type 00 class 0x028000
[    0.268302] pci 0000:05:00.0: reg 0x10: [mem 0xdf200000-0xdf203fff 64bit]
[    0.268420] pci 0000:05:00.0: PME# supported from D0 D3hot D3cold
[    0.268749] pci 0000:00:1c.6: PCI bridge to [bus 05]
[    0.268752] pci 0000:00:1c.6:   bridge window [mem 0xdf200000-0xdf2fffff]
[    0.268819] pci 0000:06:00.0: [144d:a809] type 00 class 0x010802
[    0.268843] pci 0000:06:00.0: reg 0x10: [mem 0xdf100000-0xdf103fff 64bit]
[    0.269290] pci 0000:00:1d.0: PCI bridge to [bus 06]
[    0.269293] pci 0000:00:1d.0:   bridge window [mem 0xdf100000-0xdf1fffff]
[    0.271075] ACPI: PCI: Interrupt link LNKA configured for IRQ 11
[    0.271125] ACPI: PCI: Interrupt link LNKB configured for IRQ 10
[    0.271174] ACPI: PCI: Interrupt link LNKC configured for IRQ 11
[    0.271224] ACPI: PCI: Interrupt link LNKD configured for IRQ 11
[    0.271273] ACPI: PCI: Interrupt link LNKE configured for IRQ 11
[    0.271322] ACPI: PCI: Interrupt link LNKF configured for IRQ 11
[    0.271371] ACPI: PCI: Interrupt link LNKG configured for IRQ 11
[    0.271420] ACPI: PCI: Interrupt link LNKH configured for IRQ 11
[    0.276453] iommu: Default domain type: Translated 
[    0.276453] iommu: DMA domain TLB invalidation policy: lazy mode 
[    0.276453] SCSI subsystem initialized
[    0.276453] libata version 3.00 loaded.
[    0.276453] ACPI: bus type USB registered
[    0.276453] usbcore: registered new interface driver usbfs
[    0.276453] usbcore: registered new interface driver hub
[    0.276453] usbcore: registered new device driver usb
[    0.276453] pps_core: LinuxPPS API ver. 1 registered
[    0.276453] pps_core: Software ver. 5.3.6 - Copyright 2005-2007 Rodolfo Giometti <giometti@linux.it>
[    0.276453] PTP clock support registered
[    0.276453] EDAC MC: Ver: 3.0.0
[    0.276453] efivars: Registered efivars operations
[    0.276453] NetLabel: Initializing
[    0.276453] NetLabel:  domain hash size = 128
[    0.276453] NetLabel:  protocols = UNLABELED CIPSOv4 CALIPSO
[    0.276453] NetLabel:  unlabeled traffic allowed by default
[    0.276453] mctp: management component transport protocol core
[    0.276453] NET: Registered PF_MCTP protocol family
[    0.276453] PCI: Using ACPI for IRQ routing
[    0.304921] PCI: pci_cache_line_size set to 64 bytes
[    0.305016] e820: reserve RAM buffer [mem 0x00058000-0x0005ffff]
[    0.305017] e820: reserve RAM buffer [mem 0x0009e000-0x0009ffff]
[    0.305018] e820: reserve RAM buffer [mem 0x6b19e018-0x6bffffff]
[    0.305019] e820: reserve RAM buffer [mem 0x6b1af018-0x6bffffff]
[    0.305020] e820: reserve RAM buffer [mem 0x72a21000-0x73ffffff]
[    0.305021] e820: reserve RAM buffer [mem 0x87793000-0x87ffffff]
[    0.305022] e820: reserve RAM buffer [mem 0x8786a000-0x87ffffff]
[    0.305022] e820: reserve RAM buffer [mem 0x8e4c3000-0x8fffffff]
[    0.305023] e820: reserve RAM buffer [mem 0x8fbff000-0x8fffffff]
[    0.305024] e820: reserve RAM buffer [mem 0x86f000000-0x86fffffff]
[    0.305049] pci 0000:01:00.0: vgaarb: setting as boot VGA device
[    0.305049] pci 0000:01:00.0: vgaarb: bridge control possible
[    0.305049] pci 0000:01:00.0: vgaarb: VGA device added: decodes=io+mem,owns=io+mem,locks=none
[    0.305049] vgaarb: loaded
[    0.305049] hpet0: at MMIO 0xfed00000, IRQs 2, 8, 0, 0, 0, 0, 0, 0
[    0.305049] hpet0: 8 comparators, 64-bit 24.000000 MHz counter
[    0.307261] clocksource: Switched to clocksource tsc-early
[    0.314803] VFS: Disk quotas dquot_6.6.0
[    0.314813] VFS: Dquot-cache hash table entries: 512 (order 0, 4096 bytes)
[    0.314893] AppArmor: AppArmor Filesystem Enabled
[    0.314919] pnp: PnP ACPI init
[    0.315214] system 00:00: [io  0x0a00-0x0a0f] has been reserved
[    0.315217] system 00:00: [io  0x0a10-0x0a1f] has been reserved
[    0.315218] system 00:00: [io  0x0a20-0x0a2f] has been reserved
[    0.315219] system 00:00: [io  0x0a30-0x0a3f] has been reserved
[    0.315374] system 00:01: [io  0x0680-0x069f] has been reserved
[    0.315375] system 00:01: [io  0xffff] has been reserved
[    0.315376] system 00:01: [io  0xffff] has been reserved
[    0.315378] system 00:01: [io  0xffff] has been reserved
[    0.315379] system 00:01: [io  0x1800-0x18fe] has been reserved
[    0.315380] system 00:01: [io  0x164e-0x164f] has been reserved
[    0.315449] system 00:02: [io  0x0800-0x087f] has been reserved
[    0.315498] system 00:04: [io  0x1854-0x1857] has been reserved
[    0.315707] system 00:05: [mem 0xfed10000-0xfed17fff] has been reserved
[    0.315709] system 00:05: [mem 0xfed18000-0xfed18fff] has been reserved
[    0.315711] system 00:05: [mem 0xfed19000-0xfed19fff] has been reserved
[    0.315712] system 00:05: [mem 0xe0000000-0xefffffff] has been reserved
[    0.315713] system 00:05: [mem 0xfed20000-0xfed3ffff] has been reserved
[    0.315714] system 00:05: [mem 0xfed90000-0xfed93fff] could not be reserved
[    0.315716] system 00:05: [mem 0xfed45000-0xfed8ffff] has been reserved
[    0.315717] system 00:05: [mem 0xff000000-0xffffffff] has been reserved
[    0.315718] system 00:05: [mem 0xfee00000-0xfeefffff] could not be reserved
[    0.315719] system 00:05: [mem 0xdffc0000-0xdffdffff] has been reserved
[    0.315758] system 00:06: [mem 0xfd000000-0xfdabffff] has been reserved
[    0.315760] system 00:06: [mem 0xfdad0000-0xfdadffff] has been reserved
[    0.315761] system 00:06: [mem 0xfdb00000-0xfdffffff] has been reserved
[    0.315762] system 00:06: [mem 0xfe000000-0xfe01ffff] could not be reserved
[    0.315763] system 00:06: [mem 0xfe036000-0xfe03bfff] has been reserved
[    0.315765] system 00:06: [mem 0xfe03d000-0xfe3fffff] has been reserved
[    0.315988] system 00:07: [io  0xff00-0xfffe] has been reserved
[    0.317645] pnp: PnP ACPI: found 9 devices
[    0.322923] clocksource: acpi_pm: mask: 0xffffff max_cycles: 0xffffff, max_idle_ns: 2085701024 ns
[    0.322963] NET: Registered PF_INET protocol family
[    0.323055] IP idents hash table entries: 262144 (order: 9, 2097152 bytes, linear)
[    0.324739] tcp_listen_portaddr_hash hash table entries: 16384 (order: 6, 262144 bytes, linear)
[    0.324768] Table-perturb hash table entries: 65536 (order: 6, 262144 bytes, linear)
[    0.324850] TCP established hash table entries: 262144 (order: 9, 2097152 bytes, linear)
[    0.325030] TCP bind hash table entries: 65536 (order: 9, 2097152 bytes, linear)
[    0.325164] TCP: Hash tables configured (established 262144 bind 65536)
[    0.325235] MPTCP token hash table entries: 32768 (order: 7, 786432 bytes, linear)
[    0.325284] UDP hash table entries: 16384 (order: 7, 524288 bytes, linear)
[    0.325330] UDP-Lite hash table entries: 16384 (order: 7, 524288 bytes, linear)
[    0.325379] NET: Registered PF_UNIX/PF_LOCAL protocol family
[    0.325383] NET: Registered PF_XDP protocol family
[    0.325394] pci 0000:00:01.0: PCI bridge to [bus 01]
[    0.325397] pci 0000:00:01.0:   bridge window [io  0xe000-0xefff]
[    0.325402] pci 0000:00:01.0:   bridge window [mem 0xde000000-0xdf0fffff]
[    0.325405] pci 0000:00:01.0:   bridge window [mem 0xc0000000-0xd20fffff 64bit pref]
[    0.325412] pci 0000:00:1b.0: PCI bridge to [bus 02]
[    0.325417] pci 0000:00:1b.0:   bridge window [mem 0xdf400000-0xdf4fffff]
[    0.325427] pci 0000:00:1c.0: PCI bridge to [bus 03]
[    0.325443] pci 0000:00:1c.4: PCI bridge to [bus 04]
[    0.325448] pci 0000:00:1c.4:   bridge window [mem 0xdf300000-0xdf3fffff]
[    0.325458] pci 0000:00:1c.6: PCI bridge to [bus 05]
[    0.325463] pci 0000:00:1c.6:   bridge window [mem 0xdf200000-0xdf2fffff]
[    0.325473] pci 0000:00:1d.0: PCI bridge to [bus 06]
[    0.325478] pci 0000:00:1d.0:   bridge window [mem 0xdf100000-0xdf1fffff]
[    0.325488] pci_bus 0000:00: resource 4 [io  0x0000-0x0cf7 window]
[    0.325489] pci_bus 0000:00: resource 5 [io  0x0d00-0xffff window]
[    0.325490] pci_bus 0000:00: resource 6 [mem 0x000a0000-0x000fffff window]
[    0.325491] pci_bus 0000:00: resource 7 [mem 0x90000000-0xdfffffff window]
[    0.325492] pci_bus 0000:00: resource 8 [mem 0xfd000000-0xfe7fffff window]
[    0.325493] pci_bus 0000:01: resource 0 [io  0xe000-0xefff]
[    0.325494] pci_bus 0000:01: resource 1 [mem 0xde000000-0xdf0fffff]
[    0.325495] pci_bus 0000:01: resource 2 [mem 0xc0000000-0xd20fffff 64bit pref]
[    0.325496] pci_bus 0000:02: resource 1 [mem 0xdf400000-0xdf4fffff]
[    0.325497] pci_bus 0000:04: resource 1 [mem 0xdf300000-0xdf3fffff]
[    0.325498] pci_bus 0000:05: resource 1 [mem 0xdf200000-0xdf2fffff]
[    0.325499] pci_bus 0000:06: resource 1 [mem 0xdf100000-0xdf1fffff]
[    0.325899] pci 0000:01:00.1: extending delay after power-on from D3hot to 20 msec
[    0.325922] pci 0000:01:00.1: D0 power state depends on 0000:01:00.0
[    0.325964] pci 0000:01:00.2: D0 power state depends on 0000:01:00.0
[    0.326147] pci 0000:01:00.3: D0 power state depends on 0000:01:00.0
[    0.326153] pci 0000:04:00.0: PME# does not work under D0, disabling it
[    0.326308] PCI: CLS 64 bytes, default 64
[    0.326316] DMAR: ACPI device "device:7c" under DMAR at fed90000 as 00:15.0
[    0.326319] DMAR: ACPI device "device:7d" under DMAR at fed90000 as 00:15.1
[    0.326321] DMAR: ACPI device "device:7e" under DMAR at fed90000 as 00:1e.0
[    0.326328] PCI-DMA: Using software bounce buffering for IO (SWIOTLB)
[    0.326329] software IO TLB: mapped [mem 0x0000000083793000-0x0000000087793000] (64MB)
[    0.326345] Trying to unpack rootfs image as initramfs...
[    0.326778] Initialise system trusted keyrings
[    0.326784] Key type blacklist registered
[    0.326815] workingset: timestamp_bits=36 max_order=23 bucket_order=0
[    0.326825] zbud: loaded
[    0.326955] squashfs: version 4.0 (2009/01/31) Phillip Lougher
[    0.326993] fuse: init (API version 7.38)
[    0.327065] integrity: Platform Keyring initialized
[    0.327066] integrity: Machine keyring initialized
[    0.331676] Key type asymmetric registered
[    0.331678] Asymmetric key parser 'x509' registered
[    0.331691] Block layer SCSI generic (bsg) driver version 0.4 loaded (major 243)
[    0.331723] io scheduler mq-deadline registered
[    0.332624] shpchp: Standard Hot Plug PCI Controller Driver version: 0.4
[    0.333138] input: Sleep Button as /devices/LNXSYSTM:00/LNXSYBUS:00/PNP0C0E:00/input/input0
[    0.333155] ACPI: button: Sleep Button [SLPB]
[    0.333175] input: Power Button as /devices/LNXSYSTM:00/LNXSYBUS:00/PNP0C0C:00/input/input1
[    0.333186] ACPI: button: Power Button [PWRB]
[    0.333206] input: Power Button as /devices/LNXSYSTM:00/LNXPWRBN:00/input/input2
[    0.333230] ACPI: button: Power Button [PWRF]
[    0.333859] thermal LNXTHERM:00: registered as thermal_zone0
[    0.333860] ACPI: thermal: Thermal Zone [TZ00] (28 C)
[    0.333995] thermal LNXTHERM:01: registered as thermal_zone1
[    0.333997] ACPI: thermal: Thermal Zone [TZ01] (30 C)
[    0.334177] Serial: 8250/16550 driver, 32 ports, IRQ sharing enabled
[    0.354984] serial8250: ttyS0 at I/O 0x3f8 (irq = 4, base_baud = 115200) is a 16550A
[    0.375830] serial8250: ttyS1 at I/O 0x2f8 (irq = 3, base_baud = 115200) is a 16550A
[    0.376975] Linux agpgart interface v0.103
[    0.378113] loop: module loaded
[    0.378270] tun: Universal TUN/TAP device driver, 1.6
[    0.378286] PPP generic driver version 2.4.2
[    0.378363] VFIO - User Level meta-driver version: 0.3
[    0.378423] i8042: PNP: No PS/2 controller found.
[    0.378449] mousedev: PS/2 mouse device common for all mice
[    0.378512] rtc_cmos 00:03: RTC can wake from S4
[    0.379152] rtc_cmos 00:03: registered as rtc0
[    0.379277] rtc_cmos 00:03: setting system clock to 2023-09-24T06:20:20 UTC (1695536420)
[    0.379296] rtc_cmos 00:03: alarms up to one month, y3k, 242 bytes nvram
[    0.379301] i2c_dev: i2c /dev entries driver
[    0.379423] device-mapper: core: CONFIG_IMA_DISABLE_HTABLE is disabled. Duplicate IMA measurements will not be recorded in the IMA log.
[    0.379430] device-mapper: uevent: version 1.0.3
[    0.379469] device-mapper: ioctl: 4.48.0-ioctl (2023-03-01) initialised: dm-devel@redhat.com
[    0.379483] platform eisa.0: Probing EISA bus 0
[    0.379485] platform eisa.0: EISA: Cannot allocate resource for mainboard
[    0.379486] platform eisa.0: Cannot allocate resource for EISA slot 1
[    0.379487] platform eisa.0: Cannot allocate resource for EISA slot 2
[    0.379488] platform eisa.0: Cannot allocate resource for EISA slot 3
[    0.379488] platform eisa.0: Cannot allocate resource for EISA slot 4
[    0.379489] platform eisa.0: Cannot allocate resource for EISA slot 5
[    0.379490] platform eisa.0: Cannot allocate resource for EISA slot 6
[    0.379491] platform eisa.0: Cannot allocate resource for EISA slot 7
[    0.379492] platform eisa.0: Cannot allocate resource for EISA slot 8
[    0.379492] platform eisa.0: EISA: Detected 0 cards
[    0.379495] intel_pstate: Intel P-state driver initializing
[    0.379766] intel_pstate: Disabling energy efficiency optimization
[    0.379767] intel_pstate: HWP enabled
[    0.379803] ledtrig-cpu: registered to indicate activity on CPUs
[    0.379819] efifb: probing for efifb
[    0.379830] efifb: Ignoring BGRT: unexpected or invalid BMP data
[    0.379831] efifb: framebuffer at 0xc0000000, using 3072k, total 3072k
[    0.379832] efifb: mode is 1024x768x32, linelength=4096, pages=1
[    0.379833] efifb: scrolling: redraw
[    0.379834] efifb: Truecolor: size=8:8:8:8, shift=24:16:8:0
[    0.379875] fbcon: Deferring console take-over
[    0.379875] fb0: EFI VGA frame buffer device
[    0.379905] resource: resource sanity check: requesting [mem 0x00000000fdffe800-0x00000000fe0007ff], which spans more than pnp 00:06 [mem 0xfdb00000-0xfdffffff]
[    0.379907] caller pmc_core_probe+0xe3/0x260 mapping multiple BARs
[    0.379919] intel_pmc_core INT33A1:00:  initialized
[    0.379982] drop_monitor: Initializing network drop monitor service
[    0.390000] NET: Registered PF_INET6 protocol family
[    0.738568] Freeing initrd memory: 119128K
[    0.743263] Segment Routing with IPv6
[    0.743272] In-situ OAM (IOAM) with IPv6
[    0.743295] NET: Registered PF_PACKET protocol family
[    0.743351] Key type dns_resolver registered
[    0.743898] microcode: Microcode Update Driver: v2.2.
[    0.743903] IPI shorthand broadcast: enabled
[    0.744965] sched_clock: Marking stable (744001453, 276346)->(750020148, -5742349)
[    0.745085] registered taskstats version 1
[    0.745269] Loading compiled-in X.509 certificates
[    0.745612] Loaded X.509 cert 'Build time autogenerated kernel key: 3d2fb25b7fd2961f41ec9557f5c1618a1a83e229'
[    0.745908] Loaded X.509 cert 'Canonical Ltd. Live Patch Signing: 14df34d1a87cf37625abec039ef2bf521249b969'
[    0.746197] Loaded X.509 cert 'Canonical Ltd. Kernel Module Signing: 88f752e560a1e0737e31163a466ad7b70a850c19'
[    0.746198] blacklist: Loading compiled-in revocation X.509 certificates
[    0.746210] Loaded X.509 cert 'Canonical Ltd. Secure Boot Signing: 61482aa2830d0ab2ad5af10b7250da9033ddcef0'
[    0.746219] Loaded X.509 cert 'Canonical Ltd. Secure Boot Signing (2017): 242ade75ac4a15e50d50c84b0d45ff3eae707a03'
[    0.746230] Loaded X.509 cert 'Canonical Ltd. Secure Boot Signing (ESM 2018): 365188c1d374d6b07c3c8f240f8ef722433d6a8b'
[    0.746239] Loaded X.509 cert 'Canonical Ltd. Secure Boot Signing (2019): c0746fd6c5da3ae827864651ad66ae47fe24b3e8'
[    0.746248] Loaded X.509 cert 'Canonical Ltd. Secure Boot Signing (2021 v1): a8d54bbb3825cfb94fa13c9f8a594a195c107b8d'
[    0.746258] Loaded X.509 cert 'Canonical Ltd. Secure Boot Signing (2021 v2): 4cf046892d6fd3c9a5b03f98d845f90851dc6a8c'
[    0.746267] Loaded X.509 cert 'Canonical Ltd. Secure Boot Signing (2021 v3): 100437bb6de6e469b581e61cd66bce3ef4ed53af'
[    0.746277] Loaded X.509 cert 'Canonical Ltd. Secure Boot Signing (Ubuntu Core 2019): c1d57b8f6b743f23ee41f4f7ee292f06eecadfb9'
[    0.747499] Key type .fscrypt registered
[    0.747500] Key type fscrypt-provisioning registered
[    0.749671] Key type encrypted registered
[    0.749673] AppArmor: AppArmor sha1 policy hashing enabled
[    0.751384] ima: No TPM chip found, activating TPM-bypass!
[    0.751386] Loading compiled-in module X.509 certificates
[    0.751688] Loaded X.509 cert 'Build time autogenerated kernel key: 3d2fb25b7fd2961f41ec9557f5c1618a1a83e229'
[    0.751689] ima: Allocated hash algorithm: sha1
[    0.751694] ima: No architecture policies found
[    0.751703] evm: Initialising EVM extended attributes:
[    0.751704] evm: security.selinux
[    0.751705] evm: security.SMACK64
[    0.751705] evm: security.SMACK64EXEC
[    0.751706] evm: security.SMACK64TRANSMUTE
[    0.751706] evm: security.SMACK64MMAP
[    0.751707] evm: security.apparmor
[    0.751707] evm: security.ima
[    0.751708] evm: security.capability
[    0.751708] evm: HMAC attrs: 0x1
[    0.751888] PM:   Magic number: 7:727:317
[    0.751905] tty tty42: hash matches
[    0.751937] reg-dummy reg-dummy: hash matches
[    0.751946] memory memory171: hash matches
[    0.752041] RAS: Correctable Errors collector initialized.
[    0.752081] clk: Disabling unused clocks
[    0.752865] Freeing unused decrypted memory: 2036K
[    0.753259] Freeing unused kernel image (initmem) memory: 4716K
[    0.788329] Write protecting the kernel read-only data: 34816k
[    0.788690] Freeing unused kernel image (rodata/data gap) memory: 1436K
[    0.823597] x86/mm: Checked W+X mappings: passed, no W+X pages found.
[    0.823598] x86/mm: Checking user space page tables
[    0.854273] x86/mm: Checked W+X mappings: passed, no W+X pages found.
[    0.854276] Run /init as init process
[    0.854277]   with arguments:
[    0.854278]     /init
[    0.854279]     splash
[    0.854280]   with environment:
[    0.854280]     HOME=/
[    0.854281]     TERM=linux
[    1.012808] xhci_hcd 0000:00:14.0: xHCI Host Controller
[    1.012816] xhci_hcd 0000:00:14.0: new USB bus registered, assigned bus number 1
[    1.013872] xhci_hcd 0000:00:14.0: hcc params 0x200077c1 hci version 0x100 quirks 0x0000000000009810
[    1.014068] xhci_hcd 0000:00:14.0: xHCI Host Controller
[    1.014071] xhci_hcd 0000:00:14.0: new USB bus registered, assigned bus number 2
[    1.014073] xhci_hcd 0000:00:14.0: Host supports USB 3.0 SuperSpeed
[    1.014099] usb usb1: New USB device found, idVendor=1d6b, idProduct=0002, bcdDevice= 6.04
[    1.014101] usb usb1: New USB device strings: Mfr=3, Product=2, SerialNumber=1
[    1.014102] usb usb1: Product: xHCI Host Controller
[    1.014103] usb usb1: Manufacturer: Linux 6.4.6-76060406-generic xhci-hcd
[    1.014104] usb usb1: SerialNumber: 0000:00:14.0
[    1.014233] hub 1-0:1.0: USB hub found
[    1.014250] hub 1-0:1.0: 16 ports detected
[    1.016190] intel-lpss 0000:00:15.0: enabling device (0000 -> 0002)
[    1.016408] ahci 0000:00:17.0: version 3.0
[    1.016457] idma64 idma64.0: Found Intel integrated DMA 64-bit
[    1.019234] i801_smbus 0000:00:1f.4: SMBus using PCI interrupt
[    1.019293] pci 0000:00:1f.1: [8086:a2a0] type 00 class 0x058000
[    1.019352] pci 0000:00:1f.1: reg 0x10: [mem 0xfd000000-0xfdffffff 64bit]
[    1.020951] usb usb2: New USB device found, idVendor=1d6b, idProduct=0003, bcdDevice= 6.04
[    1.020954] usb usb2: New USB device strings: Mfr=3, Product=2, SerialNumber=1
[    1.020955] usb usb2: Product: xHCI Host Controller
[    1.020956] usb usb2: Manufacturer: Linux 6.4.6-76060406-generic xhci-hcd
[    1.020957] usb usb2: SerialNumber: 0000:00:14.0
[    1.021048] hub 2-0:1.0: USB hub found
[    1.021060] hub 2-0:1.0: 10 ports detected
[    1.024863] xhci_hcd 0000:01:00.2: xHCI Host Controller
[    1.024867] xhci_hcd 0000:01:00.2: new USB bus registered, assigned bus number 3
[    1.025467] xhci_hcd 0000:01:00.2: hcc params 0x0180ff05 hci version 0x110 quirks 0x0000000000000010
[    1.025577] xhci_hcd 0000:01:00.2: xHCI Host Controller
[    1.025579] xhci_hcd 0000:01:00.2: new USB bus registered, assigned bus number 4
[    1.025580] xhci_hcd 0000:01:00.2: Host supports USB 3.1 Enhanced SuperSpeed
[    1.025620] usb usb3: New USB device found, idVendor=1d6b, idProduct=0002, bcdDevice= 6.04
[    1.025622] usb usb3: New USB device strings: Mfr=3, Product=2, SerialNumber=1
[    1.025624] usb usb3: Product: xHCI Host Controller
[    1.025625] usb usb3: Manufacturer: Linux 6.4.6-76060406-generic xhci-hcd
[    1.025626] usb usb3: SerialNumber: 0000:01:00.2
[    1.025692] hub 3-0:1.0: USB hub found
[    1.025698] hub 3-0:1.0: 2 ports detected
[    1.025783] usb usb4: We don't know the algorithms for LPM for this host, disabling LPM.
[    1.025799] usb usb4: New USB device found, idVendor=1d6b, idProduct=0003, bcdDevice= 6.04
[    1.025802] usb usb4: New USB device strings: Mfr=3, Product=2, SerialNumber=1
[    1.025803] usb usb4: Product: xHCI Host Controller
[    1.025805] usb usb4: Manufacturer: Linux 6.4.6-76060406-generic xhci-hcd
[    1.025806] usb usb4: SerialNumber: 0000:01:00.2
[    1.025873] hub 4-0:1.0: USB hub found
[    1.025882] hub 4-0:1.0: 4 ports detected
[    1.026031] e1000e: Intel(R) PRO/1000 Network Driver
[    1.026033] e1000e: Copyright(c) 1999 - 2015 Intel Corporation.
[    1.026150] xhci_hcd 0000:04:00.0: xHCI Host Controller
[    1.026155] xhci_hcd 0000:04:00.0: new USB bus registered, assigned bus number 5
[    1.026255] cryptd: max_cpu_qlen set to 1000
[    1.026268] i2c i2c-0: 4/4 memory slots populated (from DMI)
[    1.026609] i2c i2c-0: Successfully instantiated SPD at 0x50
[    1.026993] i2c i2c-0: Successfully instantiated SPD at 0x51
[    1.027335] i2c i2c-0: Successfully instantiated SPD at 0x52
[    1.027338] ahci 0000:00:17.0: AHCI 0001.0301 32 slots 4 ports 6 Gbps 0xf impl SATA mode
[    1.027343] ahci 0000:00:17.0: flags: 64bit ncq sntf led clo only pio slum part ems deso sadm sds apst 
[    1.027494] e1000e 0000:00:1f.6: Interrupt Throttling Rate (ints/sec) set to dynamic conservative mode
[    1.027662] i2c i2c-0: Successfully instantiated SPD at 0x53
[    1.030047] AVX2 version of gcm_enc/dec engaged.
[    1.030069] AES CTR mode by8 optimization enabled
[    1.030769] intel-lpss 0000:00:15.1: enabling device (0000 -> 0002)
[    1.033226] nvme nvme0: pci function 0000:02:00.0
[    1.033382] nvme nvme1: pci function 0000:06:00.0
[    1.034517] idma64 idma64.1: Found Intel integrated DMA 64-bit
[    1.039466] intel-lpss 0000:00:1e.0: enabling device (0000 -> 0002)
[    1.039694] idma64 idma64.2: Found Intel integrated DMA 64-bit
[    1.040384] nvme nvme0: 8/0/0 default/read/poll queues
[    1.043871]  nvme0n1: p1 p2 p3
[    1.046201] nvme nvme1: Shutdown timeout set to 8 seconds
[    1.067677] nvme nvme1: allocated 64 MiB host memory buffer.
[    1.068604] scsi host0: ahci
[    1.068792] scsi host1: ahci
[    1.068918] scsi host2: ahci
[    1.069029] scsi host3: ahci
[    1.069080] ata1: SATA max UDMA/133 abar m2048@0xdf54c000 port 0xdf54c100 irq 128
[    1.069083] ata2: SATA max UDMA/133 abar m2048@0xdf54c000 port 0xdf54c180 irq 128
[    1.069085] ata3: SATA max UDMA/133 abar m2048@0xdf54c000 port 0xdf54c200 irq 128
[    1.069087] ata4: SATA max UDMA/133 abar m2048@0xdf54c000 port 0xdf54c280 irq 128
[    1.080976] xhci_hcd 0000:04:00.0: hcc params 0x0200ef80 hci version 0x110 quirks 0x0000000000800010
[    1.081227] xhci_hcd 0000:04:00.0: xHCI Host Controller
[    1.081231] xhci_hcd 0000:04:00.0: new USB bus registered, assigned bus number 6
[    1.081236] xhci_hcd 0000:04:00.0: Host supports USB 3.1 Enhanced SuperSpeed
[    1.081273] usb usb5: New USB device found, idVendor=1d6b, idProduct=0002, bcdDevice= 6.04
[    1.081275] usb usb5: New USB device strings: Mfr=3, Product=2, SerialNumber=1
[    1.081276] usb usb5: Product: xHCI Host Controller
[    1.081277] usb usb5: Manufacturer: Linux 6.4.6-76060406-generic xhci-hcd
[    1.081278] usb usb5: SerialNumber: 0000:04:00.0
[    1.081373] hub 5-0:1.0: USB hub found
[    1.081380] hub 5-0:1.0: 2 ports detected
[    1.081764] usb usb6: We don't know the algorithms for LPM for this host, disabling LPM.
[    1.081778] usb usb6: New USB device found, idVendor=1d6b, idProduct=0003, bcdDevice= 6.04
[    1.081780] usb usb6: New USB device strings: Mfr=3, Product=2, SerialNumber=1
[    1.081781] usb usb6: Product: xHCI Host Controller
[    1.081782] usb usb6: Manufacturer: Linux 6.4.6-76060406-generic xhci-hcd
[    1.081783] usb usb6: SerialNumber: 0000:04:00.0
[    1.081841] hub 6-0:1.0: USB hub found
[    1.081847] hub 6-0:1.0: 2 ports detected
[    1.110377] nvme nvme1: 8/0/0 default/read/poll queues
[    1.118207]  nvme1n1: p1 p2 p3
[    1.312376] usb 1-7: new full-speed USB device number 2 using xhci_hcd
[    1.344325] tsc: Refined TSC clocksource calibration: 4199.996 MHz
[    1.344330] clocksource: tsc: mask: 0xffffffffffffffff max_cycles: 0x3c8a5dbeece, max_idle_ns: 440795356272 ns
[    1.344354] clocksource: Switched to clocksource tsc
[    1.382952] ata4: SATA link up 6.0 Gbps (SStatus 133 SControl 300)
[    1.383000] ata1: SATA link up 6.0 Gbps (SStatus 133 SControl 300)
[    1.383023] ata3: SATA link down (SStatus 4 SControl 300)
[    1.383049] ata2: SATA link up 6.0 Gbps (SStatus 133 SControl 300)
[    1.386624] ata4.00: ACPI cmd f5/00:00:00:00:00:00(SECURITY FREEZE LOCK) filtered out
[    1.386634] ata4.00: ACPI cmd b1/c1:00:00:00:00:00(DEVICE CONFIGURATION OVERLAY) filtered out
[    1.386644] ata1.00: ACPI cmd f5/00:00:00:00:00:00(SECURITY FREEZE LOCK) filtered out
[    1.386654] ata1.00: ACPI cmd b1/c1:00:00:00:00:00(DEVICE CONFIGURATION OVERLAY) filtered out
[    1.386695] ata2.00: ACPI cmd f5/00:00:00:00:00:00(SECURITY FREEZE LOCK) filtered out
[    1.386704] ata2.00: ACPI cmd b1/c1:00:00:00:00:00(DEVICE CONFIGURATION OVERLAY) filtered out
[    1.386938] ata2.00: supports DRM functions and may not be fully accessible
[    1.386949] ata2.00: ATA-9: Samsung SSD 850 EVO 250GB, EMT02B6Q, max UDMA/133
[    1.386959] ata4.00: ATA-10: WDC WD60EZAZ-00SF3B0, 80.00A80, max UDMA/133
[    1.386969] ata1.00: supports DRM functions and may not be fully accessible
[    1.386974] ata1.00: ATA-9: Samsung SSD 850 EVO 500GB, EMT03B6Q, max UDMA/133
[    1.387561] ata2.00: 488397168 sectors, multi 1: LBA48 NCQ (depth 32), AA
[    1.387641] ata1.00: 976773168 sectors, multi 1: LBA48 NCQ (depth 32), AA
[    1.389629] ata2.00: Features: Trust Dev-Sleep NCQ-sndrcv
[    1.389726] ata1.00: Features: Trust Dev-Sleep NCQ-sndrcv
[    1.391237] ata2.00: ACPI cmd f5/00:00:00:00:00:00(SECURITY FREEZE LOCK) filtered out
[    1.391250] ata2.00: ACPI cmd b1/c1:00:00:00:00:00(DEVICE CONFIGURATION OVERLAY) filtered out
[    1.392822] ata2.00: supports DRM functions and may not be fully accessible
[    1.392832] ata1.00: ACPI cmd f5/00:00:00:00:00:00(SECURITY FREEZE LOCK) filtered out
[    1.392849] ata1.00: ACPI cmd b1/c1:00:00:00:00:00(DEVICE CONFIGURATION OVERLAY) filtered out
[    1.393138] ata1.00: supports DRM functions and may not be fully accessible
[    1.393350] ata4.00: 11721045168 sectors, multi 16: LBA48 NCQ (depth 32), AA
[    1.393364] ata4.00: Features: NCQ-prio
[    1.395709] ata4.00: ACPI cmd f5/00:00:00:00:00:00(SECURITY FREEZE LOCK) filtered out
[    1.395725] ata4.00: ACPI cmd b1/c1:00:00:00:00:00(DEVICE CONFIGURATION OVERLAY) filtered out
[    1.397254] ata2.00: configured for UDMA/133
[    1.398110] ata1.00: configured for UDMA/133
[    1.398452] scsi 0:0:0:0: Direct-Access     ATA      Samsung SSD 850  3B6Q PQ: 0 ANSI: 5
[    1.399975] sd 0:0:0:0: Attached scsi generic sg0 type 0
[    1.400239] sd 0:0:0:0: [sda] 976773168 512-byte logical blocks: (500 GB/466 GiB)
[    1.400300] sd 0:0:0:0: [sda] Write Protect is off
[    1.400316] sd 0:0:0:0: [sda] Mode Sense: 00 3a 00 00
[    1.400429] sd 0:0:0:0: [sda] Write cache: enabled, read cache: enabled, doesn't support DPO or FUA
[    1.400461] scsi 1:0:0:0: Direct-Access     ATA      Samsung SSD 850  2B6Q PQ: 0 ANSI: 5
[    1.400679] sd 0:0:0:0: [sda] Preferred minimum I/O size 512 bytes
[    1.401627] sd 1:0:0:0: Attached scsi generic sg1 type 0
[    1.401716] sd 1:0:0:0: [sdb] 488397168 512-byte logical blocks: (250 GB/233 GiB)
[    1.401754] sd 1:0:0:0: [sdb] Write Protect is off
[    1.401764] sd 1:0:0:0: [sdb] Mode Sense: 00 3a 00 00
[    1.401830] sd 1:0:0:0: [sdb] Write cache: enabled, read cache: enabled, doesn't support DPO or FUA
[    1.401970] sd 1:0:0:0: [sdb] Preferred minimum I/O size 512 bytes
[    1.402536] ata4.00: configured for UDMA/133
[    1.402793] scsi 3:0:0:0: Direct-Access     ATA      WDC WD60EZAZ-00S 0A80 PQ: 0 ANSI: 5
[    1.404024] sd 3:0:0:0: Attached scsi generic sg2 type 0
[    1.404136] sd 3:0:0:0: [sdc] 11721045168 512-byte logical blocks: (6.00 TB/5.46 TiB)
[    1.404150] sd 3:0:0:0: [sdc] 4096-byte physical blocks
[    1.404200] sd 3:0:0:0: [sdc] Write Protect is off
[    1.404208] sd 3:0:0:0: [sdc] Mode Sense: 00 3a 00 00
[    1.404320] sd 3:0:0:0: [sdc] Write cache: enabled, read cache: enabled, doesn't support DPO or FUA
[    1.404365]  sda: sda1 sda2
[    1.404454] sd 3:0:0:0: [sdc] Preferred minimum I/O size 4096 bytes
[    1.404828]  sdb: sdb1
[    1.405669] sd 1:0:0:0: [sdb] supports TCG Opal
[    1.405679] sd 1:0:0:0: [sdb] Attached SCSI disk
[    1.405692] sd 0:0:0:0: [sda] supports TCG Opal
[    1.405706] sd 0:0:0:0: [sda] Attached SCSI disk
[    1.431770] e1000e 0000:00:1f.6 0000:00:1f.6 (uninitialized): registered PHC clock
[    1.441569]  sdc: sdc1 sdc2 sdc3
[    1.442066] sd 3:0:0:0: [sdc] Attached SCSI disk
[    1.469639] usb 1-7: New USB device found, idVendor=8087, idProduct=0032, bcdDevice= 0.00
[    1.469652] usb 1-7: New USB device strings: Mfr=0, Product=0, SerialNumber=0
[    1.499128] e1000e 0000:00:1f.6 eth0: (PCI Express:2.5GT/s:Width x1) 30:9c:23:47:15:83
[    1.499134] e1000e 0000:00:1f.6 eth0: Intel(R) PRO/1000 Network Connection
[    1.499196] e1000e 0000:00:1f.6 eth0: MAC: 12, PHY: 12, PBA No: FFFFFF-0FF
[    1.500546] e1000e 0000:00:1f.6 enp0s31f6: renamed from eth0
[    1.600432] usb 2-7: new SuperSpeed USB device number 2 using xhci_hcd
[    1.622040] usb 2-7: New USB device found, idVendor=090c, idProduct=1000, bcdDevice=11.00
[    1.622055] usb 2-7: New USB device strings: Mfr=1, Product=2, SerialNumber=3
[    1.622063] usb 2-7: Product: Flash Drive
[    1.622069] usb 2-7: Manufacturer: Samsung
[    1.622075] usb 2-7: SerialNumber: 0317522030003710
[    1.752361] usb 1-9: new high-speed USB device number 3 using xhci_hcd
[    1.757147] usb-storage 2-7:1.0: USB Mass Storage device detected
[    1.757594] scsi host4: usb-storage 2-7:1.0
[    1.757943] usbcore: registered new interface driver usb-storage
[    1.762670] usbcore: registered new interface driver uas
[    1.900757] usb 1-9: New USB device found, idVendor=1a40, idProduct=0101, bcdDevice= 1.11
[    1.900772] usb 1-9: New USB device strings: Mfr=0, Product=1, SerialNumber=0
[    1.900780] usb 1-9: Product: USB 2.0 Hub
[    1.902724] hub 1-9:1.0: USB hub found
[    1.902813] hub 1-9:1.0: 4 ports detected
[    2.288350] usb 1-9.2: new high-speed USB device number 4 using xhci_hcd
[    2.488886] usb 1-9.2: New USB device found, idVendor=214b, idProduct=7250, bcdDevice= 1.00
[    2.488901] usb 1-9.2: New USB device strings: Mfr=0, Product=1, SerialNumber=0
[    2.488909] usb 1-9.2: Product: USB2.0 HUB
[    2.489990] hub 1-9.2:1.0: USB hub found
[    2.490082] hub 1-9.2:1.0: 4 ports detected
[    2.672350] usb 1-9.3: new full-speed USB device number 5 using xhci_hcd
[    2.894494] usb 1-9.3: New USB device found, idVendor=1532, idProduct=021e, bcdDevice= 2.00
[    2.894509] usb 1-9.3: New USB device strings: Mfr=1, Product=2, SerialNumber=0
[    2.894517] usb 1-9.3: Product: Razer Ornata Chroma
[    2.894523] usb 1-9.3: Manufacturer: Razer
[    2.910587] hid: raw HID events driver (C) Jiri Kosina
[    2.976345] usb 1-9.2.1: new full-speed USB device number 6 using xhci_hcd
[    3.078074] usb 1-9.2.1: New USB device found, idVendor=03f0, idProduct=028c, bcdDevice=61.02
[    3.078089] usb 1-9.2.1: New USB device strings: Mfr=1, Product=2, SerialNumber=0
[    3.078098] usb 1-9.2.1: Product: HyperX QuadCast S
[    3.078104] usb 1-9.2.1: Manufacturer: HP, Inc
[    3.097680] usbhid 1-9.2.1:1.0: couldn't find an input interrupt endpoint
[    3.098876] usbcore: registered new interface driver usbhid
[    3.098884] usbhid: USB HID core driver
[    3.276354] usb 1-9.4: new full-speed USB device number 7 using xhci_hcd
[    3.496798] usb 1-9.4: not running at top speed; connect to a high speed hub
[    3.497913] usb 1-9.4: New USB device found, idVendor=1e7d, idProduct=2e24, bcdDevice= 1.00
[    3.497928] usb 1-9.4: New USB device strings: Mfr=1, Product=2, SerialNumber=0
[    3.497936] usb 1-9.4: Product: ROCCAT Kone EMP
[    3.497942] usb 1-9.4: Manufacturer: ROCCAT
[    3.513091] input: Razer Razer Ornata Chroma as /devices/pci0000:00/0000:00:14.0/usb1/1-9/1-9.3/1-9.3:1.0/0003:1532:021E.0001/input/input3
[    3.572524] hid-generic 0003:1532:021E.0001: input,hidraw0: USB HID v1.11 Keyboard [Razer Razer Ornata Chroma] on usb-0000:00:14.0-9.3/input0
[    3.573064] input: Razer Razer Ornata Chroma Keyboard as /devices/pci0000:00/0000:00:14.0/usb1/1-9/1-9.3/1-9.3:1.1/0003:1532:021E.0002/input/input4
[    3.580347] usb 1-9.2.4: new full-speed USB device number 8 using xhci_hcd
[    3.632670] input: Razer Razer Ornata Chroma as /devices/pci0000:00/0000:00:14.0/usb1/1-9/1-9.3/1-9.3:1.1/0003:1532:021E.0002/input/input5
[    3.633139] hid-generic 0003:1532:021E.0002: input,hidraw1: USB HID v1.11 Keyboard [Razer Razer Ornata Chroma] on usb-0000:00:14.0-9.3/input1
[    3.633606] input: Razer Razer Ornata Chroma as /devices/pci0000:00/0000:00:14.0/usb1/1-9/1-9.3/1-9.3:1.2/0003:1532:021E.0003/input/input6
[    3.634149] hid-generic 0003:1532:021E.0003: input,hidraw2: USB HID v1.11 Mouse [Razer Razer Ornata Chroma] on usb-0000:00:14.0-9.3/input2
[    3.636533] input: HP, Inc HyperX QuadCast S Consumer Control as /devices/pci0000:00/0000:00:14.0/usb1/1-9/1-9.2/1-9.2.1/1-9.2.1:1.1/0003:03F0:028C.0004/input/input7
[    3.689965] usb 1-9.2.4: New USB device found, idVendor=03f0, idProduct=0294, bcdDevice=41.01
[    3.689980] usb 1-9.2.4: New USB device strings: Mfr=1, Product=2, SerialNumber=0
[    3.689988] usb 1-9.2.4: Product: HyperX QuadCast S
[    3.689994] usb 1-9.2.4: Manufacturer: HP, Inc
[    3.696683] input: HP, Inc HyperX QuadCast S as /devices/pci0000:00/0000:00:14.0/usb1/1-9/1-9.2/1-9.2.1/1-9.2.1:1.1/0003:03F0:028C.0004/input/input8
[    3.697183] input: HP, Inc HyperX QuadCast S as /devices/pci0000:00/0000:00:14.0/usb1/1-9/1-9.2/1-9.2.4/1-9.2.4:1.3/0003:03F0:0294.0007/input/input9
[    3.697524] hid-generic 0003:03F0:028C.0004: input,hiddev0,hidraw3: USB HID v1.11 Device [HP, Inc HyperX QuadCast S] on usb-0000:00:14.0-9.2.1/input1
[    3.698788] input: ROCCAT ROCCAT Kone EMP Mouse as /devices/pci0000:00/0000:00:14.0/usb1/1-9/1-9.4/1-9.4:1.0/0003:1E7D:2E24.0005/input/input10
[    3.756781] hid-generic 0003:03F0:0294.0007: input,hidraw4: USB HID v1.11 Device [HP, Inc HyperX QuadCast S] on usb-0000:00:14.0-9.2.4/input3
[    3.757183] input: ROCCAT ROCCAT Kone EMP Consumer Control as /devices/pci0000:00/0000:00:14.0/usb1/1-9/1-9.4/1-9.4:1.0/0003:1E7D:2E24.0005/input/input11
[    3.816625] input: ROCCAT ROCCAT Kone EMP System Control as /devices/pci0000:00/0000:00:14.0/usb1/1-9/1-9.4/1-9.4:1.0/0003:1E7D:2E24.0005/input/input12
[    3.816976] input: ROCCAT ROCCAT Kone EMP as /devices/pci0000:00/0000:00:14.0/usb1/1-9/1-9.4/1-9.4:1.0/0003:1E7D:2E24.0005/input/input13
[    3.817522] hid-generic 0003:1E7D:2E24.0005: input,hiddev1,hidraw5: USB HID v1.11 Mouse [ROCCAT ROCCAT Kone EMP] on usb-0000:00:14.0-9.4/input0
[    3.817952] input: ROCCAT ROCCAT Kone EMP as /devices/pci0000:00/0000:00:14.0/usb1/1-9/1-9.4/1-9.4:1.1/0003:1E7D:2E24.0006/input/input14
[    3.876687] hid-generic 0003:1E7D:2E24.0006: input,hidraw6: USB HID v1.11 Keyboard [ROCCAT ROCCAT Kone EMP] on usb-0000:00:14.0-9.4/input1
[    4.552863] scsi 4:0:0:0: Direct-Access     Samsung  Flash Drive      1100 PQ: 0 ANSI: 6
[    4.553647] sd 4:0:0:0: Attached scsi generic sg3 type 0
[    4.554150] sd 4:0:0:0: [sdd] 501253132 512-byte logical blocks: (257 GB/239 GiB)
[    4.554424] sd 4:0:0:0: [sdd] Write Protect is off
[    4.554438] sd 4:0:0:0: [sdd] Mode Sense: 43 00 00 00
[    4.554663] sd 4:0:0:0: [sdd] Write cache: enabled, read cache: enabled, doesn't support DPO or FUA
[    4.557428]  sdd: sdd1 sdd2
[    4.557986] sd 4:0:0:0: [sdd] Attached SCSI removable disk
[    4.564853] razerkbd: loading out-of-tree module taints kernel.
[    4.564861] razerkbd: module verification failed: signature and/or required key missing - tainting kernel
[    4.657642] input: Razer Razer Ornata Chroma as /devices/pci0000:00/0000:00:14.0/usb1/1-9/1-9.3/1-9.3:1.0/0003:1532:021E.0001/input/input15
[    4.716807] razerkbd 0003:1532:021E.0001: input,hidraw0: USB HID v1.11 Keyboard [Razer Razer Ornata Chroma] on usb-0000:00:14.0-9.3/input0
[    4.781735] input: Razer Razer Ornata Chroma as /devices/pci0000:00/0000:00:14.0/usb1/1-9/1-9.3/1-9.3:1.1/0003:1532:021E.0002/input/input16
[    4.840795] razerkbd 0003:1532:021E.0002: input,hidraw1: USB HID v1.11 Keyboard [Razer Razer Ornata Chroma] on usb-0000:00:14.0-9.3/input1
[    4.874849] input: Razer Razer Ornata Chroma as /devices/pci0000:00/0000:00:14.0/usb1/1-9/1-9.3/1-9.3:1.2/0003:1532:021E.0003/input/input17
[    4.875531] razerkbd 0003:1532:021E.0003: input,hidraw2: USB HID v1.11 Mouse [Razer Razer Ornata Chroma] on usb-0000:00:14.0-9.3/input2
[    5.001339] system76: Model does not utilize this driver
[    5.058566] usbcore: registered new interface driver system76-io
[    5.144278] raid6: avx2x4   gen() 39558 MB/s
[    5.212278] raid6: avx2x2   gen() 53309 MB/s
[    5.280278] raid6: avx2x1   gen() 43281 MB/s
[    5.280279] raid6: using algorithm avx2x2 gen() 53309 MB/s
[    5.348278] raid6: .... xor() 29740 MB/s, rmw enabled
[    5.348279] raid6: using avx2x2 recovery algorithm
[    5.348819] xor: automatically using best checksumming function   avx       
[    5.349255] async_tx: api initialized (async)
[    5.570486] Btrfs loaded, zoned=yes, fsverity=yes
[    5.653387] BTRFS: device fsid 5023fe3c-89dd-431c-a2a3-f91e472e4fb8 devid 1 transid 619667 /dev/nvme1n1p3 scanned by btrfs (281)
[    5.709544] BTRFS info (device nvme1n1p3): using crc32c (crc32c-intel) checksum algorithm
[    5.709573] BTRFS info (device nvme1n1p3): using free space tree
[    5.984089] BTRFS info (device nvme1n1p3): enabling ssd optimizations
[    5.984098] BTRFS info (device nvme1n1p3): auto enabling async discard
[    6.154198] systemd[1]: Inserted module 'autofs4'
[    6.184636] systemd[1]: Successfully credited entropy passed from boot loader.
[    6.187290] systemd[1]: systemd 249.11-0ubuntu3.9pop0~1694041276~22.04~a8269a8 running in system mode (+PAM +AUDIT +SELINUX +APPARMOR +IMA +SMACK +SECCOMP +GCRYPT +GNUTLS +OPENSSL +ACL +BLKID +CURL +ELFUTILS +FIDO2 +IDN2 -IDN +IPTC +KMOD +LIBCRYPTSETUP +LIBFDISK +PCRE2 -PWQUALITY -P11KIT -QRENCODE +BZIP2 +LZ4 +XZ +ZLIB +ZSTD -XKBCOMMON +UTMP +SYSVINIT default-hierarchy=unified)
[    6.187423] systemd[1]: Detected architecture x86-64.
[    6.187869] systemd[1]: Hostname set to <pop-os>.
[    6.209723] memfd_create() without MFD_EXEC nor MFD_NOEXEC_SEAL, pid=1 'systemd'
[    6.415571] block nvme1n1: the capability attribute has been deprecated.
[    6.496612] systemd[1]: /run/systemd/generator/systemd-cryptsetup@nvme1n1p3.service:13: RequiresMountsFor= path is not absolute, ignoring: bitlk
[    6.504179] systemd[1]: Queued start job for default target Graphical Interface.
[    6.532520] systemd[1]: Created slice Virtual Machine and Container Slice.
[    6.532857] systemd[1]: Created slice Slice /system/modprobe.
[    6.533039] systemd[1]: Created slice Cryptsetup Units Slice.
[    6.533167] systemd[1]: Created slice User and Session Slice.
[    6.533221] systemd[1]: Started Forward Password Requests to Wall Directory Watch.
[    6.533335] systemd[1]: Set up automount Arbitrary Executable File Formats File System Automount Point.
[    6.533422] systemd[1]: Reached target User and Group Name Lookups.
[    6.533432] systemd[1]: Reached target Remote File Systems.
[    6.533440] systemd[1]: Reached target Slice Units.
[    6.533451] systemd[1]: Reached target Mounting snaps.
[    6.533463] systemd[1]: Reached target Swaps.
[    6.533473] systemd[1]: Reached target System Time Set.
[    6.533500] systemd[1]: Reached target Local Verity Protected Volumes.
[    6.533510] systemd[1]: Reached target Libvirt guests shutdown.
[    6.533564] systemd[1]: Listening on Device-mapper event daemon FIFOs.
[    6.533638] systemd[1]: Listening on LVM2 poll daemon socket.
[    6.533882] systemd[1]: Listening on Syslog Socket.
[    6.533924] systemd[1]: Listening on initctl Compatibility Named Pipe.
[    6.534065] systemd[1]: Listening on Journal Audit Socket.
[    6.534133] systemd[1]: Listening on Journal Socket (/dev/log).
[    6.534218] systemd[1]: Listening on Journal Socket.
[    6.534315] systemd[1]: Listening on udev Control Socket.
[    6.534385] systemd[1]: Listening on udev Kernel Socket.
[    6.534922] systemd[1]: Mounting Huge Pages File System...
[    6.535491] systemd[1]: Mounting POSIX Message Queue File System...
[    6.536128] systemd[1]: Mounting Kernel Debug File System...
[    6.536715] systemd[1]: Mounting Kernel Trace File System...
[    6.538025] systemd[1]: Starting Journal Service...
[    6.538181] systemd[1]: Finished Availability of block devices.
[    6.538991] systemd[1]: Starting Set the console keyboard layout...
[    6.539687] systemd[1]: Starting Create List of Static Device Nodes...
[    6.540390] systemd[1]: Starting Monitoring of LVM2 mirrors, snapshots etc. using dmeventd or progress polling...
[    6.541357] systemd[1]: Starting Load Kernel Module chromeos_pstore...
[    6.542323] systemd[1]: Starting Load Kernel Module configfs...
[    6.543214] systemd[1]: Starting Load Kernel Module drm...
[    6.544115] systemd[1]: Starting Load Kernel Module efi_pstore...
[    6.545149] systemd[1]: Starting Load Kernel Module fuse...
[    6.546146] systemd[1]: Starting Load Kernel Module pstore_blk...
[    6.547185] systemd[1]: Starting Load Kernel Module pstore_zone...
[    6.548429] pstore: Using crash dump compression: deflate
[    6.548719] systemd[1]: Starting Load Kernel Module ramoops...
[    6.555145] systemd[1]: Started Nameserver information manager.
[    6.560066] systemd[1]: Starting Load Kernel Modules...
[    6.561533] systemd[1]: Starting Remount Root and Kernel File Systems...
[    6.571887] systemd[1]: Starting Coldplug All udev Devices...
[    6.581421] pstore: Registered efi_pstore as persistent store backend
[    6.581911] systemd[1]: Mounted Huge Pages File System.
[    6.582034] systemd[1]: Mounted POSIX Message Queue File System.
[    6.582137] systemd[1]: Mounted Kernel Debug File System.
[    6.582234] systemd[1]: Mounted Kernel Trace File System.
[    6.582572] systemd[1]: Finished Create List of Static Device Nodes.
[    6.582827] systemd[1]: modprobe@configfs.service: Deactivated successfully.
[    6.583035] systemd[1]: Finished Load Kernel Module configfs.
[    6.583265] systemd[1]: modprobe@efi_pstore.service: Deactivated successfully.
[    6.583443] BTRFS info (device nvme1n1p3: state M): use zstd compression, level 3
[    6.583483] systemd[1]: Finished Load Kernel Module efi_pstore.
[    6.584018] systemd[1]: modprobe@fuse.service: Deactivated successfully.
[    6.584217] systemd[1]: Finished Load Kernel Module fuse.
[    6.585297] systemd[1]: modprobe@pstore_blk.service: Deactivated successfully.
[    6.585613] systemd[1]: Finished Load Kernel Module pstore_blk.
[    6.585834] systemd[1]: modprobe@pstore_zone.service: Deactivated successfully.
[    6.586031] systemd[1]: Finished Load Kernel Module pstore_zone.
[    6.586235] systemd[1]: modprobe@ramoops.service: Deactivated successfully.
[    6.586429] systemd[1]: Finished Load Kernel Module ramoops.
[    6.586927] systemd[1]: Finished Remount Root and Kernel File Systems.
[    6.587818] systemd[1]: Mounting FUSE Control File System...
[    6.588562] systemd[1]: Mounting Kernel Configuration File System...
[    6.589391] systemd[1]: Starting Load/Save Random Seed...
[    6.590217] systemd[1]: Starting Create System Users...
[    6.590979] systemd[1]: Mounted FUSE Control File System.
[    6.591092] systemd[1]: Mounted Kernel Configuration File System.
[    6.626482] systemd[1]: Started Journal Service.
[    6.628486] ACPI: bus type drm_connector registered
[    6.632662] lp: driver loaded but no devices found
[    6.633349] systemd-journald[367]: Received client request to flush runtime journal.
[    6.635149] ppdev: user-space parallel port driver
[    6.643286] io scheduler kyber registered
[    6.673993] loop0: detected capacity change from 0 to 575592
[    6.674329] loop1: detected capacity change from 0 to 635672
[    6.676110] loop2: detected capacity change from 0 to 19584
[    6.676854] loop3: detected capacity change from 0 to 19608
[    6.678847] loop4: detected capacity change from 0 to 216728
[    6.680978] loop5: detected capacity change from 0 to 216592
[    6.682096] loop6: detected capacity change from 0 to 114000
[    6.682770] loop7: detected capacity change from 0 to 113992
[    6.696251] loop8: detected capacity change from 0 to 129944
[    6.708815] loop9: detected capacity change from 0 to 151296
[    6.756854] loop10: detected capacity change from 0 to 151352
[    6.757104] loop11: detected capacity change from 0 to 9552
[    6.757244] loop12: detected capacity change from 0 to 109072
[    6.757337] loop13: detected capacity change from 0 to 129976
[    6.757800] loop14: detected capacity change from 0 to 83648
[    7.566319] mei_me 0000:00:16.0: enabling device (0000 -> 0002)
[    7.575363] io scheduler bfq registered
[    7.626311] nvidia: module license 'NVIDIA' taints kernel.
[    7.626315] Disabling lock debugging due to kernel taint
[    7.626318] nvidia: module license taints kernel.
[    7.681294] Bluetooth: Core ver 2.22
[    7.681314] NET: Registered PF_BLUETOOTH protocol family
[    7.681315] Bluetooth: HCI device and connection manager initialized
[    7.681318] Bluetooth: HCI socket layer initialized
[    7.681320] Bluetooth: L2CAP socket layer initialized
[    7.681322] Bluetooth: SCO socket layer initialized
[    7.770851] nvidia-nvlink: Nvlink Core is being initialized, major device number 511

[    7.771555] dw-apb-uart.2: ttyS4 at MMIO 0xdf54b000 (irq = 20, base_baud = 115200) is a 16550A
[    7.771560] fbcon: Taking over console
[    7.771607] Console: switching to colour frame buffer device 128x48
[    7.772757] nvidia 0000:01:00.0: vgaarb: changed VGA decodes: olddecodes=io+mem,decodes=none:owns=io+mem
[    7.793522] cfg80211: Loading compiled-in X.509 certificates for regulatory database
[    7.793733] Loaded X.509 cert 'sforshee: 00b28ddf47aef9cea7'
[    7.835224] ee1004 0-0050: 512 byte EE1004-compliant SPD EEPROM, read-only
[    7.838699] ee1004 0-0051: 512 byte EE1004-compliant SPD EEPROM, read-only
[    7.841690] ee1004 0-0052: 512 byte EE1004-compliant SPD EEPROM, read-only
[    7.842548] ee1004 0-0053: 512 byte EE1004-compliant SPD EEPROM, read-only
[    7.844004] Intel(R) Wireless WiFi driver for Linux
[    7.844057] iwlwifi 0000:05:00.0: enabling device (0000 -> 0002)
[    7.852084] iwlwifi 0000:05:00.0: Detected crf-id 0x400410, cnv-id 0x400410 wfpm id 0x80000000
[    7.852090] iwlwifi 0000:05:00.0: PCI dev 2725/0024, rev=0x420, rfid=0x10d000
[    7.896649] NVRM: loading NVIDIA UNIX x86_64 Kernel Module  535.104.05  Sat Aug 19 01:15:15 UTC 2023
[    7.900844] mc: Linux media interface: v0.10
[    7.903216] iwlwifi 0000:05:00.0: api flags index 2 larger than supported by driver
[    7.903239] iwlwifi 0000:05:00.0: TLV_FW_FSEQ_VERSION: FSEQ Version: 0.0.2.39
[    7.903573] iwlwifi 0000:05:00.0: loaded firmware version 78.3bfdc55f.0 ty-a0-gf-a0-78.ucode op_mode iwlmvm
[    7.914741] nvidia-modeset: Loading NVIDIA Kernel Mode Setting Driver for UNIX platforms  535.104.05  Sat Aug 19 00:59:57 UTC 2023
[    7.916876] usbcore: registered new interface driver btusb
[    7.918745] Bluetooth: hci0: Device revision is 0
[    7.918751] Bluetooth: hci0: Secure boot is enabled
[    7.918752] Bluetooth: hci0: OTP lock is enabled
[    7.918752] Bluetooth: hci0: API lock is enabled
[    7.918753] Bluetooth: hci0: Debug lock is disabled
[    7.918754] Bluetooth: hci0: Minimum firmware build 1 week 10 2014
[    7.918756] Bluetooth: hci0: Bootloader timestamp 2019.40 buildtype 1 build 38
[    7.926602] Bluetooth: hci0: Found device firmware: intel/ibt-0041-0041.sfi
[    7.926681] Bluetooth: hci0: Boot Address: 0x100800
[    7.926682] Bluetooth: hci0: Firmware Version: 252-24.23
[    7.966171] usbcore: registered new interface driver snd-usb-audio
[    7.975221] [drm] [nvidia-drm] [GPU ID 0x00000100] Loading driver
[    8.028904] iwlwifi 0000:05:00.0: Detected Intel(R) Wi-Fi 6 AX210 160MHz, REV=0x420
[    8.037207] RAPL PMU: API unit is 2^-32 Joules, 3 fixed counters, 655360 ms ovfl timer
[    8.037210] RAPL PMU: hw unit of domain pp0-core 2^-14 Joules
[    8.037211] RAPL PMU: hw unit of domain package 2^-14 Joules
[    8.037212] RAPL PMU: hw unit of domain dram 2^-14 Joules
[    8.061837] thermal thermal_zone2: failed to read out thermal zone (-61)
[    8.067216] snd_hda_intel 0000:00:1f.3: enabling device (0000 -> 0002)
[    8.067909] snd_hda_intel 0000:01:00.1: enabling device (0000 -> 0002)
[    8.067963] snd_hda_intel 0000:01:00.1: Disabling MSI
[    8.067967] snd_hda_intel 0000:01:00.1: Handle vga_switcheroo audio client
[    8.069559] iwlwifi 0000:05:00.0: WRT: Invalid buffer destination
[    8.144576] audit: type=1400 audit(1695536428.257:2): apparmor="STATUS" operation="profile_load" profile="unconfined" name="nvidia_modprobe" pid=742 comm="apparmor_parser"
[    8.144585] audit: type=1400 audit(1695536428.257:3): apparmor="STATUS" operation="profile_load" profile="unconfined" name="nvidia_modprobe//kmod" pid=742 comm="apparmor_parser"
[    8.144588] audit: type=1400 audit(1695536428.257:4): apparmor="STATUS" operation="profile_load" profile="unconfined" name="lsb_release" pid=741 comm="apparmor_parser"
[    8.144976] audit: type=1400 audit(1695536428.261:5): apparmor="STATUS" operation="profile_load" profile="unconfined" name="/usr/bin/man" pid=745 comm="apparmor_parser"
[    8.144980] audit: type=1400 audit(1695536428.261:6): apparmor="STATUS" operation="profile_load" profile="unconfined" name="man_filter" pid=745 comm="apparmor_parser"
[    8.144983] audit: type=1400 audit(1695536428.261:7): apparmor="STATUS" operation="profile_load" profile="unconfined" name="man_groff" pid=745 comm="apparmor_parser"
[    8.146234] audit: type=1400 audit(1695536428.261:8): apparmor="STATUS" operation="profile_load" profile="unconfined" name="swtpm" pid=746 comm="apparmor_parser"
[    8.146333] audit: type=1400 audit(1695536428.261:9): apparmor="STATUS" operation="profile_load" profile="unconfined" name="libreoffice-senddoc" pid=749 comm="apparmor_parser"
[    8.146723] audit: type=1400 audit(1695536428.261:10): apparmor="STATUS" operation="profile_load" profile="unconfined" name="libreoffice-xpdfimport" pid=751 comm="apparmor_parser"
[    8.147841] audit: type=1400 audit(1695536428.261:11): apparmor="STATUS" operation="profile_load" profile="unconfined" name="libreoffice-oosplash" pid=748 comm="apparmor_parser"
[    8.159164] input: HDA NVidia HDMI/DP,pcm=3 as /devices/pci0000:00/0000:00:01.0/0000:01:00.1/sound/card2/input18
[    8.161224] input: HDA NVidia HDMI/DP,pcm=7 as /devices/pci0000:00/0000:00:01.0/0000:01:00.1/sound/card2/input19
[    8.189105] input: HDA NVidia HDMI/DP,pcm=8 as /devices/pci0000:00/0000:00:01.0/0000:01:00.1/sound/card2/input20
[    8.193021] input: HDA NVidia HDMI/DP,pcm=9 as /devices/pci0000:00/0000:00:01.0/0000:01:00.1/sound/card2/input21
[    8.225586] iwlwifi 0000:05:00.0: WFPM_UMAC_PD_NOTIFICATION: 0x1f
[    8.225597] iwlwifi 0000:05:00.0: WFPM_LMAC2_PD_NOTIFICATION: 0x1f
[    8.225609] iwlwifi 0000:05:00.0: WFPM_AUTH_KEY_0: 0x80
[    8.225622] iwlwifi 0000:05:00.0: CNVI_SCU_SEQ_DATA_DW9: 0x0
[    8.240475] snd_hda_codec_realtek hdaudioC0D0: autoconfig for ALC1220: line_outs=3 (0x14/0x15/0x16/0x0/0x0) type:line
[    8.240479] snd_hda_codec_realtek hdaudioC0D0:    speaker_outs=0 (0x0/0x0/0x0/0x0/0x0)
[    8.240481] snd_hda_codec_realtek hdaudioC0D0:    hp_outs=1 (0x1b/0x0/0x0/0x0/0x0)
[    8.240482] snd_hda_codec_realtek hdaudioC0D0:    mono: mono_out=0x0
[    8.240483] snd_hda_codec_realtek hdaudioC0D0:    dig-out=0x1e/0x0
[    8.240483] snd_hda_codec_realtek hdaudioC0D0:    inputs:
[    8.240484] snd_hda_codec_realtek hdaudioC0D0:      Front Mic=0x19
[    8.240485] snd_hda_codec_realtek hdaudioC0D0:      Rear Mic=0x18
[    8.240486] snd_hda_codec_realtek hdaudioC0D0:      Line=0x1a
[    8.243521] iwlwifi 0000:05:00.0: loaded PNVM version 181407b3
[    8.254808] input: HDA Intel PCH Front Mic as /devices/pci0000:00/0000:00:1f.3/sound/card0/input22
[    8.254843] input: HDA Intel PCH Rear Mic as /devices/pci0000:00/0000:00:1f.3/sound/card0/input23
[    8.254871] input: HDA Intel PCH Line as /devices/pci0000:00/0000:00:1f.3/sound/card0/input24
[    8.254898] input: HDA Intel PCH Line Out Front as /devices/pci0000:00/0000:00:1f.3/sound/card0/input25
[    8.254926] input: HDA Intel PCH Line Out Surround as /devices/pci0000:00/0000:00:1f.3/sound/card0/input26
[    8.254950] input: HDA Intel PCH Line Out CLFE as /devices/pci0000:00/0000:00:1f.3/sound/card0/input27
[    8.254976] input: HDA Intel PCH Front Headphone as /devices/pci0000:00/0000:00:1f.3/sound/card0/input28
[    8.258918] iwlwifi 0000:05:00.0: Detected RF GF, rfid=0x10d000
[    8.282608] intel_tcc_cooling: Programmable TCC Offset detected
[    8.328614] iwlwifi 0000:05:00.0: base HW address: 7c:b5:66:65:a0:77
[    8.399520] intel_rapl_common: Found RAPL domain package
[    8.399523] intel_rapl_common: Found RAPL domain core
[    8.399524] intel_rapl_common: Found RAPL domain dram
[    8.475243] iwlwifi 0000:05:00.0 wlp5s0: renamed from wlan0
[    9.054805] [drm] Initialized nvidia-drm 0.0.0 20160202 for 0000:01:00.0 on minor 0
[    9.247060] Bluetooth: hci0: Waiting for firmware download to complete
[    9.247708] Bluetooth: hci0: Firmware loaded in 1290138 usecs
[    9.247736] Bluetooth: hci0: Waiting for device to boot
[    9.272711] Bluetooth: hci0: Device booted in 24400 usecs
[    9.272734] Bluetooth: hci0: Malformed MSFT vendor event: 0x02
[    9.273070] Bluetooth: hci0: Found Intel DDC parameters: intel/ibt-0041-0041.ddc
[    9.274737] Bluetooth: hci0: Applying Intel DDC parameters completed
[    9.277759] Bluetooth: hci0: Firmware timestamp 2023.24 buildtype 1 build 67068
[   22.651911] BTRFS: device fsid 66cf79e4-057f-4790-ab31-4c0e1a7d51f6 devid 1 transid 192 /dev/dm-5 scanned by systemd-udevd (1098)
[   22.743365] BTRFS info (device dm-5): using crc32c (crc32c-intel) checksum algorithm
[   22.743375] BTRFS info (device dm-5): enabling auto defrag
[   22.743378] BTRFS info (device dm-5): use zstd compression, level 3
[   22.743380] BTRFS info (device dm-5): using free space tree
[   23.374112] BTRFS: device fsid ea2272c9-7dc4-48a5-9268-cc4103e08f4d devid 1 transid 193 /dev/dm-6 scanned by systemd-udevd (1098)
[   23.513442] BTRFS info (device dm-6): using crc32c (crc32c-intel) checksum algorithm
[   23.513466] BTRFS info (device dm-6): use zstd compression, level 3
[   23.513479] BTRFS info (device dm-6): turning on async discard
[   23.513485] BTRFS info (device dm-6): using free space tree
[   23.518504] BTRFS info (device dm-6): enabling ssd optimizations
[   23.652430] zram: Added device: zram0
[   23.673445] ahci 0000:00:17.0: port does not support device sleep
[   23.721727] zram0: detected capacity change from 0 to 33554432
[   23.775386] Adding 16777212k swap on /dev/zram0.  Priority:1000 extents:1 across:16777212k SSFS
[   23.951631] Bluetooth: BNEP (Ethernet Emulation) ver 1.3
[   23.951635] Bluetooth: BNEP filters: protocol multicast
[   23.951638] Bluetooth: BNEP socket layer initialized
[   23.953444] Bluetooth: MGMT ver 1.22
[   23.960529] NET: Registered PF_ALG protocol family
[   24.021088] Dynamic Preempt: full
[   24.386312] iwlwifi 0000:05:00.0: WRT: Invalid buffer destination
[   24.537218] iwlwifi 0000:05:00.0: WFPM_UMAC_PD_NOTIFICATION: 0x1f
[   24.537232] iwlwifi 0000:05:00.0: WFPM_LMAC2_PD_NOTIFICATION: 0x1f
[   24.537250] iwlwifi 0000:05:00.0: WFPM_AUTH_KEY_0: 0x80
[   24.537262] iwlwifi 0000:05:00.0: CNVI_SCU_SEQ_DATA_DW9: 0x0
[   24.610907] kauditd_printk_skb: 50 callbacks suppressed
[   24.610910] audit: type=1400 audit(1695536444.728:62): apparmor="DENIED" operation="capable" class="cap" profile="/usr/sbin/cupsd" pid=1715 comm="cupsd" capability=12  capname="net_admin"
[   24.625846] iwlwifi 0000:05:00.0: Registered PHC clock: iwlwifi-PTP, with index: 1
[   24.646405] bridge: filtering via arp/ip/ip6tables is no longer available by default. Update your scripts to load br_netfilter if you need this.
[   24.751503] audit: type=1400 audit(1695536444.868:63): apparmor="DENIED" operation="capable" class="cap" profile="/snap/snapd/20092/usr/lib/snapd/snap-confine" pid=1510 comm="snap-confine" capability=12  capname="net_admin"
[   24.751511] audit: type=1400 audit(1695536444.868:64): apparmor="DENIED" operation="capable" class="cap" profile="/snap/snapd/20092/usr/lib/snapd/snap-confine" pid=1510 comm="snap-confine" capability=38  capname="perfmon"
[   24.751937] audit: type=1400 audit(1695536444.868:65): apparmor="DENIED" operation="open" class="file" profile="/snap/snapd/20092/usr/lib/snapd/snap-confine" name="/etc/pop-os/os-release" pid=1510 comm="snap-confine" requested_mask="r" denied_mask="r" fsuid=0 ouid=0
[   24.752143] audit: type=1400 audit(1695536444.868:66): apparmor="DENIED" operation="open" class="file" profile="/snap/snapd/20092/usr/lib/snapd/snap-confine" name="/etc/pop-os/os-release" pid=1510 comm="snap-confine" requested_mask="r" denied_mask="r" fsuid=0 ouid=0
[   24.767349] audit: type=1400 audit(1695536444.884:67): apparmor="DENIED" operation="open" class="file" profile="/snap/snapd/20092/usr/lib/snapd/snap-confine" name="/etc/pop-os/os-release" pid=1510 comm="snap-confine" requested_mask="r" denied_mask="r" fsuid=0 ouid=0
[   24.860888] loop15: detected capacity change from 0 to 8
[   25.188958] audit: type=1400 audit(1695536445.308:68): apparmor="DENIED" operation="open" class="file" profile="snap-update-ns.canonical-livepatch" name="/etc/pop-os/os-release" pid=1829 comm="5" requested_mask="r" denied_mask="r" fsuid=0 ouid=0
[   25.332758] audit: type=1400 audit(1695536445.452:69): apparmor="DENIED" operation="sendmsg" class="net" profile="snap-update-ns.canonical-livepatch" pid=1829 comm="5" family="unix" sock_type="stream" protocol=0 requested_mask="send" denied_mask="send"
[   25.427982] audit: type=1400 audit(1695536445.544:70): apparmor="DENIED" operation="sendmsg" class="net" profile="snap-update-ns.canonical-livepatch" pid=1829 comm="5" family="unix" sock_type="stream" protocol=0 requested_mask="send" denied_mask="send"
[   25.429853] audit: type=1400 audit(1695536445.548:71): apparmor="DENIED" operation="sendmsg" class="net" profile="snap-update-ns.canonical-livepatch" pid=1829 comm="5" family="unix" sock_type="stream" protocol=0 requested_mask="send" denied_mask="send"
[   25.881087] [drm:nv_drm_master_set [nvidia_drm]] *ERROR* [nvidia-drm] [GPU ID 0x00000100] Failed to grab modeset ownership
[   26.425841] Bluetooth: RFCOMM TTY layer initialized
[   26.425851] Bluetooth: RFCOMM socket layer initialized
[   26.425855] Bluetooth: RFCOMM ver 1.11
[   27.346792] e1000e 0000:00:1f.6 enp0s31f6: NIC Link is Up 1000 Mbps Full Duplex, Flow Control: Rx/Tx
[   27.346856] IPv6: ADDRCONF(NETDEV_CHANGE): enp0s31f6: link becomes ready
[   28.472784] kvm_intel: L1TF CPU bug present and SMT on, data leak possible. See CVE-2018-3646 and https://www.kernel.org/doc/html/latest/admin-guide/hw-vuln/l1tf.html for details.
[   29.248718] rfkill: input handler disabled
[   32.211157] vboxdrv: Found 8 processor cores/threads
[   32.232572] vboxdrv: TSC mode is Invariant, tentative frequency 4200061463 Hz
[   32.232575] vboxdrv: Successfully loaded version 7.0.10_Ubuntu r158379 (interface 0x00330004)
[   32.241099] VBoxNetFlt: Successfully started.
[   32.285265] VBoxNetAdp: Successfully started.
[   38.348503] rfkill: input handler enabled
[   43.793746] rfkill: input handler disabled
[   45.765456] nvidia_uvm: module uses symbols nvUvmInterfaceDisableAccessCntr from proprietary module nvidia, inheriting taint.
[   45.848106] nvidia-uvm: Loaded the UVM driver, major device number 508.
[   47.149061] input: Logitech Wireless Mouse PID:4038 as /devices/virtual/input/input29
[   47.150435] input: Touchscreen passthrough as /devices/virtual/input/input30
[   47.151293] input: Keyboard passthrough as /devices/virtual/input/input31
[   48.598974] show_signal: 23 callbacks suppressed
[   48.598977] traps: Chrome_IOThread[6646] trap int3 ip:556373547ab4 sp:7f4f33ffb490 error:0 in premid[556370f6f000+5f8d000]
[ 1431.779400] audit: type=1400 audit(1695537849.459:95): apparmor="DENIED" operation="open" class="file" profile="/snap/snapd/20092/usr/lib/snapd/snap-confine" name="/etc/pop-os/os-release" pid=24507 comm="snap-confine" requested_mask="r" denied_mask="r" fsuid=0 ouid=0
[ 1431.783652] audit: type=1400 audit(1695537849.463:96): apparmor="DENIED" operation="open" class="file" profile="snap.canonical-livepatch.canonical-livepatch" name="/etc/pop-os/os-release" pid=24507 comm="snap-exec" requested_mask="r" denied_mask="r" fsuid=0 ouid=0
