Sep 24 08:20:26 pop-os kernel: microcode: updated early: 0x8e -> 0xf4, date = 2023-02-23
Sep 24 08:20:26 pop-os kernel: Linux version 6.4.6-76060406-generic (jenkins@warp.pop-os.org) (x86_64-linux-gnu-gcc-12 (Ubuntu 12.3.0-1ubuntu1~22.04) 12.3.0, GNU ld (GNU Binutils for Ubuntu) 2.38) #202307241739~1694621917~22.04~ac5e1a8 SMP PREEMPT_DYNAMIC Wed S
Sep 24 08:20:26 pop-os kernel: Command line: initrd=\EFI\Pop_OS-5023fe3c-89dd-431c-a2a3-f91e472e4fb8\initrd.img root=UUID=5023fe3c-89dd-431c-a2a3-f91e472e4fb8 ro quiet loglevel=0 systemd.show_status=false splash rootflags=subvol=@
Sep 24 08:20:26 pop-os kernel: KERNEL supported cpus:
Sep 24 08:20:26 pop-os kernel:   Intel GenuineIntel
Sep 24 08:20:26 pop-os kernel:   AMD AuthenticAMD
Sep 24 08:20:26 pop-os kernel:   Hygon HygonGenuine
Sep 24 08:20:26 pop-os kernel:   Centaur CentaurHauls
Sep 24 08:20:26 pop-os kernel:   zhaoxin   Shanghai  
Sep 24 08:20:26 pop-os kernel: x86/fpu: Supporting XSAVE feature 0x001: 'x87 floating point registers'
Sep 24 08:20:26 pop-os kernel: x86/fpu: Supporting XSAVE feature 0x002: 'SSE registers'
Sep 24 08:20:26 pop-os kernel: x86/fpu: Supporting XSAVE feature 0x004: 'AVX registers'
Sep 24 08:20:26 pop-os kernel: x86/fpu: Supporting XSAVE feature 0x008: 'MPX bounds registers'
Sep 24 08:20:26 pop-os kernel: x86/fpu: Supporting XSAVE feature 0x010: 'MPX CSR'
Sep 24 08:20:26 pop-os kernel: x86/fpu: xstate_offset[2]:  576, xstate_sizes[2]:  256
Sep 24 08:20:26 pop-os kernel: x86/fpu: xstate_offset[3]:  832, xstate_sizes[3]:   64
Sep 24 08:20:26 pop-os kernel: x86/fpu: xstate_offset[4]:  896, xstate_sizes[4]:   64
Sep 24 08:20:26 pop-os kernel: x86/fpu: Enabled xstate features 0x1f, context size is 960 bytes, using 'compacted' format.
Sep 24 08:20:26 pop-os kernel: signal: max sigframe size: 2032
Sep 24 08:20:26 pop-os kernel: BIOS-provided physical RAM map:
Sep 24 08:20:26 pop-os kernel: BIOS-e820: [mem 0x0000000000000000-0x0000000000057fff] usable
Sep 24 08:20:26 pop-os kernel: BIOS-e820: [mem 0x0000000000058000-0x0000000000058fff] reserved
Sep 24 08:20:26 pop-os kernel: BIOS-e820: [mem 0x0000000000059000-0x000000000009dfff] usable
Sep 24 08:20:26 pop-os kernel: BIOS-e820: [mem 0x000000000009e000-0x00000000000fffff] reserved
Sep 24 08:20:26 pop-os kernel: BIOS-e820: [mem 0x0000000000100000-0x0000000072a20fff] usable
Sep 24 08:20:26 pop-os kernel: BIOS-e820: [mem 0x0000000072a21000-0x0000000072a21fff] ACPI NVS
Sep 24 08:20:26 pop-os kernel: BIOS-e820: [mem 0x0000000072a22000-0x0000000072a22fff] reserved
Sep 24 08:20:26 pop-os kernel: BIOS-e820: [mem 0x0000000072a23000-0x000000008e4c2fff] usable
Sep 24 08:20:26 pop-os kernel: BIOS-e820: [mem 0x000000008e4c3000-0x000000008e973fff] reserved
Sep 24 08:20:26 pop-os kernel: BIOS-e820: [mem 0x000000008e974000-0x000000008e9a5fff] ACPI data
Sep 24 08:20:26 pop-os kernel: BIOS-e820: [mem 0x000000008e9a6000-0x000000008edfefff] ACPI NVS
Sep 24 08:20:26 pop-os kernel: BIOS-e820: [mem 0x000000008edff000-0x000000008fbfdfff] reserved
Sep 24 08:20:26 pop-os kernel: BIOS-e820: [mem 0x000000008fbfe000-0x000000008fbfefff] usable
Sep 24 08:20:26 pop-os kernel: BIOS-e820: [mem 0x000000008fbff000-0x000000008fffffff] reserved
Sep 24 08:20:26 pop-os kernel: BIOS-e820: [mem 0x00000000e0000000-0x00000000efffffff] reserved
Sep 24 08:20:26 pop-os kernel: BIOS-e820: [mem 0x00000000fe000000-0x00000000fe010fff] reserved
Sep 24 08:20:26 pop-os kernel: BIOS-e820: [mem 0x00000000fec00000-0x00000000fec00fff] reserved
Sep 24 08:20:26 pop-os kernel: BIOS-e820: [mem 0x00000000fed00000-0x00000000fed00fff] reserved
Sep 24 08:20:26 pop-os kernel: BIOS-e820: [mem 0x00000000fee00000-0x00000000fee00fff] reserved
Sep 24 08:20:26 pop-os kernel: BIOS-e820: [mem 0x00000000ff000000-0x00000000ffffffff] reserved
Sep 24 08:20:26 pop-os kernel: BIOS-e820: [mem 0x0000000100000000-0x000000086effffff] usable
Sep 24 08:20:26 pop-os kernel: NX (Execute Disable) protection: active
Sep 24 08:20:26 pop-os kernel: e820: update [mem 0x6b1af018-0x6b1cf057] usable ==> usable
Sep 24 08:20:26 pop-os kernel: e820: update [mem 0x6b1af018-0x6b1cf057] usable ==> usable
Sep 24 08:20:26 pop-os kernel: e820: update [mem 0x6b19e018-0x6b1aee57] usable ==> usable
Sep 24 08:20:26 pop-os kernel: e820: update [mem 0x6b19e018-0x6b1aee57] usable ==> usable
Sep 24 08:20:26 pop-os kernel: extended physical RAM map:
Sep 24 08:20:26 pop-os kernel: reserve setup_data: [mem 0x0000000000000000-0x0000000000057fff] usable
Sep 24 08:20:26 pop-os kernel: reserve setup_data: [mem 0x0000000000058000-0x0000000000058fff] reserved
Sep 24 08:20:26 pop-os kernel: reserve setup_data: [mem 0x0000000000059000-0x000000000009dfff] usable
Sep 24 08:20:26 pop-os kernel: reserve setup_data: [mem 0x000000000009e000-0x00000000000fffff] reserved
Sep 24 08:20:26 pop-os kernel: reserve setup_data: [mem 0x0000000000100000-0x000000006b19e017] usable
Sep 24 08:20:26 pop-os kernel: reserve setup_data: [mem 0x000000006b19e018-0x000000006b1aee57] usable
Sep 24 08:20:26 pop-os kernel: reserve setup_data: [mem 0x000000006b1aee58-0x000000006b1af017] usable
Sep 24 08:20:26 pop-os kernel: reserve setup_data: [mem 0x000000006b1af018-0x000000006b1cf057] usable
Sep 24 08:20:26 pop-os kernel: reserve setup_data: [mem 0x000000006b1cf058-0x0000000072a20fff] usable
Sep 24 08:20:26 pop-os kernel: reserve setup_data: [mem 0x0000000072a21000-0x0000000072a21fff] ACPI NVS
Sep 24 08:20:26 pop-os kernel: reserve setup_data: [mem 0x0000000072a22000-0x0000000072a22fff] reserved
Sep 24 08:20:26 pop-os kernel: reserve setup_data: [mem 0x0000000072a23000-0x000000008e4c2fff] usable
Sep 24 08:20:26 pop-os kernel: reserve setup_data: [mem 0x000000008e4c3000-0x000000008e973fff] reserved
Sep 24 08:20:26 pop-os kernel: reserve setup_data: [mem 0x000000008e974000-0x000000008e9a5fff] ACPI data
Sep 24 08:20:26 pop-os kernel: reserve setup_data: [mem 0x000000008e9a6000-0x000000008edfefff] ACPI NVS
Sep 24 08:20:26 pop-os kernel: reserve setup_data: [mem 0x000000008edff000-0x000000008fbfdfff] reserved
Sep 24 08:20:26 pop-os kernel: reserve setup_data: [mem 0x000000008fbfe000-0x000000008fbfefff] usable
Sep 24 08:20:26 pop-os kernel: reserve setup_data: [mem 0x000000008fbff000-0x000000008fffffff] reserved
Sep 24 08:20:26 pop-os kernel: reserve setup_data: [mem 0x00000000e0000000-0x00000000efffffff] reserved
Sep 24 08:20:26 pop-os kernel: reserve setup_data: [mem 0x00000000fe000000-0x00000000fe010fff] reserved
Sep 24 08:20:26 pop-os kernel: reserve setup_data: [mem 0x00000000fec00000-0x00000000fec00fff] reserved
Sep 24 08:20:26 pop-os kernel: reserve setup_data: [mem 0x00000000fed00000-0x00000000fed00fff] reserved
Sep 24 08:20:26 pop-os kernel: reserve setup_data: [mem 0x00000000fee00000-0x00000000fee00fff] reserved
Sep 24 08:20:26 pop-os kernel: reserve setup_data: [mem 0x00000000ff000000-0x00000000ffffffff] reserved
Sep 24 08:20:26 pop-os kernel: reserve setup_data: [mem 0x0000000100000000-0x000000086effffff] usable
Sep 24 08:20:26 pop-os kernel: efi: EFI v2.6 by American Megatrends
Sep 24 08:20:26 pop-os kernel: efi: ACPI 2.0=0x8ed87000 ACPI=0x8ed87000 SMBIOS=0x8fa66000 ESRT=0x8786ae98 MEMATTR=0x87820018 INITRD=0x72aefa18 
Sep 24 08:20:26 pop-os kernel: efi: Remove mem32: MMIO range=[0xe0000000-0xefffffff] (256MB) from e820 map
Sep 24 08:20:26 pop-os kernel: e820: remove [mem 0xe0000000-0xefffffff] reserved
Sep 24 08:20:26 pop-os kernel: efi: Not removing mem33: MMIO range=[0xfe000000-0xfe010fff] (68KB) from e820 map
Sep 24 08:20:26 pop-os kernel: efi: Not removing mem34: MMIO range=[0xfec00000-0xfec00fff] (4KB) from e820 map
Sep 24 08:20:26 pop-os kernel: efi: Not removing mem35: MMIO range=[0xfed00000-0xfed00fff] (4KB) from e820 map
Sep 24 08:20:26 pop-os kernel: efi: Not removing mem36: MMIO range=[0xfee00000-0xfee00fff] (4KB) from e820 map
Sep 24 08:20:26 pop-os kernel: efi: Remove mem37: MMIO range=[0xff000000-0xffffffff] (16MB) from e820 map
Sep 24 08:20:26 pop-os kernel: e820: remove [mem 0xff000000-0xffffffff] reserved
Sep 24 08:20:26 pop-os kernel: SMBIOS 3.0 present.
Sep 24 08:20:26 pop-os kernel: DMI: MSI MS-7A63/Z270 GAMING PRO CARBON (MS-7A63), BIOS 1.90 07/03/2018
Sep 24 08:20:26 pop-os kernel: tsc: Detected 4200.000 MHz processor
Sep 24 08:20:26 pop-os kernel: e820: update [mem 0x00000000-0x00000fff] usable ==> reserved
Sep 24 08:20:26 pop-os kernel: e820: remove [mem 0x000a0000-0x000fffff] usable
Sep 24 08:20:26 pop-os kernel: last_pfn = 0x86f000 max_arch_pfn = 0x400000000
Sep 24 08:20:26 pop-os kernel: x86/PAT: Configuration [0-7]: WB  WC  UC- UC  WB  WP  UC- WT  
Sep 24 08:20:26 pop-os kernel: last_pfn = 0x8fbff max_arch_pfn = 0x400000000
Sep 24 08:20:26 pop-os kernel: esrt: Reserving ESRT space from 0x000000008786ae98 to 0x000000008786aed0.
Sep 24 08:20:26 pop-os kernel: e820: update [mem 0x8786a000-0x8786afff] usable ==> reserved
Sep 24 08:20:26 pop-os kernel: Using GB pages for direct mapping
Sep 24 08:20:26 pop-os kernel: Secure boot disabled
Sep 24 08:20:26 pop-os kernel: RAMDISK: [mem 0x6b1d0000-0x72625fff]
Sep 24 08:20:26 pop-os kernel: ACPI: Early table checksum verification disabled
Sep 24 08:20:26 pop-os kernel: ACPI: RSDP 0x000000008ED87000 000024 (v02 ALASKA)
Sep 24 08:20:26 pop-os kernel: ACPI: XSDT 0x000000008ED870B0 0000DC (v01 ALASKA A M I    01072009 AMI  00010013)
Sep 24 08:20:26 pop-os kernel: ACPI: FACP 0x000000008EDAE458 000114 (v06 ALASKA A M I    01072009 AMI  00010013)
Sep 24 08:20:26 pop-os kernel: ACPI: DSDT 0x000000008ED87220 027237 (v02 ALASKA A M I    01072009 INTL 20160422)
Sep 24 08:20:26 pop-os kernel: ACPI: FACS 0x000000008EDFED80 000040
Sep 24 08:20:26 pop-os kernel: ACPI: APIC 0x000000008EDAE570 0000BC (v03 ALASKA A M I    01072009 AMI  00010013)
Sep 24 08:20:26 pop-os kernel: ACPI: FPDT 0x000000008EDAE630 000044 (v01 ALASKA A M I    01072009 AMI  00010013)
Sep 24 08:20:26 pop-os kernel: ACPI: FIDT 0x000000008EDAE678 00009C (v01 ALASKA A M I    01072009 AMI  00010013)
Sep 24 08:20:26 pop-os kernel: ACPI: MCFG 0x000000008EDAE718 00003C (v01 ALASKA A M I    01072009 MSFT 00000097)
Sep 24 08:20:26 pop-os kernel: ACPI: SSDT 0x000000008EDAE758 0003A3 (v01 SataRe SataTabl 00001000 INTL 20160422)
Sep 24 08:20:26 pop-os kernel: ACPI: SSDT 0x000000008EDAEB00 003176 (v02 SaSsdt SaSsdt   00003000 INTL 20160422)
Sep 24 08:20:26 pop-os kernel: ACPI: SSDT 0x000000008EDB1C78 0025A5 (v02 PegSsd PegSsdt  00001000 INTL 20160422)
Sep 24 08:20:26 pop-os kernel: ACPI: HPET 0x000000008EDB4220 000038 (v01 INTEL  KBL      00000001 MSFT 0000005F)
Sep 24 08:20:26 pop-os kernel: ACPI: SSDT 0x000000008EDB4258 000DE5 (v02 INTEL  Ther_Rvp 00001000 INTL 20160422)
Sep 24 08:20:26 pop-os kernel: ACPI: SSDT 0x000000008EDB5040 000A2C (v02 INTEL  xh_rvp08 00000000 INTL 20160422)
Sep 24 08:20:26 pop-os kernel: ACPI: UEFI 0x000000008EDB5A70 000042 (v01 ALASKA A M I    00000002      01000013)
Sep 24 08:20:26 pop-os kernel: ACPI: SSDT 0x000000008EDB5AB8 000EDE (v02 CpuRef CpuSsdt  00003000 INTL 20160422)
Sep 24 08:20:26 pop-os kernel: ACPI: LPIT 0x000000008EDB6998 000094 (v01 INTEL  KBL      00000000 MSFT 0000005F)
Sep 24 08:20:26 pop-os kernel: ACPI: SSDT 0x000000008EDB6A30 000141 (v02 INTEL  HdaDsp   00000000 INTL 20160422)
Sep 24 08:20:26 pop-os kernel: ACPI: SSDT 0x000000008EDB6B78 00029F (v02 INTEL  sensrhub 00000000 INTL 20160422)
Sep 24 08:20:26 pop-os kernel: ACPI: SSDT 0x000000008EDB6E18 003002 (v02 INTEL  PtidDevc 00001000 INTL 20160422)
Sep 24 08:20:26 pop-os kernel: ACPI: SSDT 0x000000008EDB9E20 000517 (v02 INTEL  TbtTypeC 00000000 INTL 20160422)
Sep 24 08:20:26 pop-os kernel: ACPI: DBGP 0x000000008EDBA338 000034 (v01 INTEL           00000002 MSFT 0000005F)
Sep 24 08:20:26 pop-os kernel: ACPI: DBG2 0x000000008EDBA370 000054 (v00 INTEL           00000002 MSFT 0000005F)
Sep 24 08:20:26 pop-os kernel: ACPI: DMAR 0x000000008EDBA3C8 0000DC (v01 INTEL  KBL      00000001 INTL 00000001)
Sep 24 08:20:26 pop-os kernel: ACPI: BGRT 0x000000008EDBA4A8 000038 (v01 ALASKA A M I    01072009 AMI  00010013)
Sep 24 08:20:26 pop-os kernel: ACPI: WSMT 0x000000008EDBA4E0 000028 (v01 ALASKA A M I    01072009 AMI  00010013)
Sep 24 08:20:26 pop-os kernel: ACPI: Reserving FACP table memory at [mem 0x8edae458-0x8edae56b]
Sep 24 08:20:26 pop-os kernel: ACPI: Reserving DSDT table memory at [mem 0x8ed87220-0x8edae456]
Sep 24 08:20:26 pop-os kernel: ACPI: Reserving FACS table memory at [mem 0x8edfed80-0x8edfedbf]
Sep 24 08:20:26 pop-os kernel: ACPI: Reserving APIC table memory at [mem 0x8edae570-0x8edae62b]
Sep 24 08:20:26 pop-os kernel: ACPI: Reserving FPDT table memory at [mem 0x8edae630-0x8edae673]
Sep 24 08:20:26 pop-os kernel: ACPI: Reserving FIDT table memory at [mem 0x8edae678-0x8edae713]
Sep 24 08:20:26 pop-os kernel: ACPI: Reserving MCFG table memory at [mem 0x8edae718-0x8edae753]
Sep 24 08:20:26 pop-os kernel: ACPI: Reserving SSDT table memory at [mem 0x8edae758-0x8edaeafa]
Sep 24 08:20:26 pop-os kernel: ACPI: Reserving SSDT table memory at [mem 0x8edaeb00-0x8edb1c75]
Sep 24 08:20:26 pop-os kernel: ACPI: Reserving SSDT table memory at [mem 0x8edb1c78-0x8edb421c]
Sep 24 08:20:26 pop-os kernel: ACPI: Reserving HPET table memory at [mem 0x8edb4220-0x8edb4257]
Sep 24 08:20:26 pop-os kernel: ACPI: Reserving SSDT table memory at [mem 0x8edb4258-0x8edb503c]
Sep 24 08:20:26 pop-os kernel: ACPI: Reserving SSDT table memory at [mem 0x8edb5040-0x8edb5a6b]
Sep 24 08:20:26 pop-os kernel: ACPI: Reserving UEFI table memory at [mem 0x8edb5a70-0x8edb5ab1]
Sep 24 08:20:26 pop-os kernel: ACPI: Reserving SSDT table memory at [mem 0x8edb5ab8-0x8edb6995]
Sep 24 08:20:26 pop-os kernel: ACPI: Reserving LPIT table memory at [mem 0x8edb6998-0x8edb6a2b]
Sep 24 08:20:26 pop-os kernel: ACPI: Reserving SSDT table memory at [mem 0x8edb6a30-0x8edb6b70]
Sep 24 08:20:26 pop-os kernel: ACPI: Reserving SSDT table memory at [mem 0x8edb6b78-0x8edb6e16]
Sep 24 08:20:26 pop-os kernel: ACPI: Reserving SSDT table memory at [mem 0x8edb6e18-0x8edb9e19]
Sep 24 08:20:26 pop-os kernel: ACPI: Reserving SSDT table memory at [mem 0x8edb9e20-0x8edba336]
Sep 24 08:20:26 pop-os kernel: ACPI: Reserving DBGP table memory at [mem 0x8edba338-0x8edba36b]
Sep 24 08:20:26 pop-os kernel: ACPI: Reserving DBG2 table memory at [mem 0x8edba370-0x8edba3c3]
Sep 24 08:20:26 pop-os kernel: ACPI: Reserving DMAR table memory at [mem 0x8edba3c8-0x8edba4a3]
Sep 24 08:20:26 pop-os kernel: ACPI: Reserving BGRT table memory at [mem 0x8edba4a8-0x8edba4df]
Sep 24 08:20:26 pop-os kernel: ACPI: Reserving WSMT table memory at [mem 0x8edba4e0-0x8edba507]
Sep 24 08:20:26 pop-os kernel: No NUMA configuration found
Sep 24 08:20:26 pop-os kernel: Faking a node at [mem 0x0000000000000000-0x000000086effffff]
Sep 24 08:20:26 pop-os kernel: NODE_DATA(0) allocated [mem 0x86efd5000-0x86effffff]
Sep 24 08:20:26 pop-os kernel: Zone ranges:
Sep 24 08:20:26 pop-os kernel:   DMA      [mem 0x0000000000001000-0x0000000000ffffff]
Sep 24 08:20:26 pop-os kernel:   DMA32    [mem 0x0000000001000000-0x00000000ffffffff]
Sep 24 08:20:26 pop-os kernel:   Normal   [mem 0x0000000100000000-0x000000086effffff]
Sep 24 08:20:26 pop-os kernel:   Device   empty
Sep 24 08:20:26 pop-os kernel: Movable zone start for each node
Sep 24 08:20:26 pop-os kernel: Early memory node ranges
Sep 24 08:20:26 pop-os kernel:   node   0: [mem 0x0000000000001000-0x0000000000057fff]
Sep 24 08:20:26 pop-os kernel:   node   0: [mem 0x0000000000059000-0x000000000009dfff]
Sep 24 08:20:26 pop-os kernel:   node   0: [mem 0x0000000000100000-0x0000000072a20fff]
Sep 24 08:20:26 pop-os kernel:   node   0: [mem 0x0000000072a23000-0x000000008e4c2fff]
Sep 24 08:20:26 pop-os kernel:   node   0: [mem 0x000000008fbfe000-0x000000008fbfefff]
Sep 24 08:20:26 pop-os kernel:   node   0: [mem 0x0000000100000000-0x000000086effffff]
Sep 24 08:20:26 pop-os kernel: Initmem setup node 0 [mem 0x0000000000001000-0x000000086effffff]
Sep 24 08:20:26 pop-os kernel: On node 0, zone DMA: 1 pages in unavailable ranges
Sep 24 08:20:26 pop-os kernel: On node 0, zone DMA: 1 pages in unavailable ranges
Sep 24 08:20:26 pop-os kernel: On node 0, zone DMA: 98 pages in unavailable ranges
Sep 24 08:20:26 pop-os kernel: On node 0, zone DMA32: 2 pages in unavailable ranges
Sep 24 08:20:26 pop-os kernel: On node 0, zone DMA32: 5947 pages in unavailable ranges
Sep 24 08:20:26 pop-os kernel: On node 0, zone Normal: 1025 pages in unavailable ranges
Sep 24 08:20:26 pop-os kernel: On node 0, zone Normal: 4096 pages in unavailable ranges
Sep 24 08:20:26 pop-os kernel: ACPI: PM-Timer IO Port: 0x1808
Sep 24 08:20:26 pop-os kernel: ACPI: LAPIC_NMI (acpi_id[0x01] high edge lint[0x1])
Sep 24 08:20:26 pop-os kernel: ACPI: LAPIC_NMI (acpi_id[0x02] high edge lint[0x1])
Sep 24 08:20:26 pop-os kernel: ACPI: LAPIC_NMI (acpi_id[0x03] high edge lint[0x1])
Sep 24 08:20:26 pop-os kernel: ACPI: LAPIC_NMI (acpi_id[0x04] high edge lint[0x1])
Sep 24 08:20:26 pop-os kernel: ACPI: LAPIC_NMI (acpi_id[0x05] high edge lint[0x1])
Sep 24 08:20:26 pop-os kernel: ACPI: LAPIC_NMI (acpi_id[0x06] high edge lint[0x1])
Sep 24 08:20:26 pop-os kernel: ACPI: LAPIC_NMI (acpi_id[0x07] high edge lint[0x1])
Sep 24 08:20:26 pop-os kernel: ACPI: LAPIC_NMI (acpi_id[0x08] high edge lint[0x1])
Sep 24 08:20:26 pop-os kernel: IOAPIC[0]: apic_id 2, version 32, address 0xfec00000, GSI 0-119
Sep 24 08:20:26 pop-os kernel: ACPI: INT_SRC_OVR (bus 0 bus_irq 0 global_irq 2 dfl dfl)
Sep 24 08:20:26 pop-os kernel: ACPI: INT_SRC_OVR (bus 0 bus_irq 9 global_irq 9 high level)
Sep 24 08:20:26 pop-os kernel: ACPI: Using ACPI (MADT) for SMP configuration information
Sep 24 08:20:26 pop-os kernel: ACPI: HPET id: 0x8086a201 base: 0xfed00000
Sep 24 08:20:26 pop-os kernel: e820: update [mem 0x87793000-0x877d4fff] usable ==> reserved
Sep 24 08:20:26 pop-os kernel: TSC deadline timer available
Sep 24 08:20:26 pop-os kernel: smpboot: Allowing 8 CPUs, 0 hotplug CPUs
Sep 24 08:20:26 pop-os kernel: PM: hibernation: Registered nosave memory: [mem 0x00000000-0x00000fff]
Sep 24 08:20:26 pop-os kernel: PM: hibernation: Registered nosave memory: [mem 0x00058000-0x00058fff]
Sep 24 08:20:26 pop-os kernel: PM: hibernation: Registered nosave memory: [mem 0x0009e000-0x000fffff]
Sep 24 08:20:26 pop-os kernel: PM: hibernation: Registered nosave memory: [mem 0x6b19e000-0x6b19efff]
Sep 24 08:20:26 pop-os kernel: PM: hibernation: Registered nosave memory: [mem 0x6b1ae000-0x6b1aefff]
Sep 24 08:20:26 pop-os kernel: PM: hibernation: Registered nosave memory: [mem 0x6b1af000-0x6b1affff]
Sep 24 08:20:26 pop-os kernel: PM: hibernation: Registered nosave memory: [mem 0x6b1cf000-0x6b1cffff]
Sep 24 08:20:26 pop-os kernel: PM: hibernation: Registered nosave memory: [mem 0x72a21000-0x72a21fff]
Sep 24 08:20:26 pop-os kernel: PM: hibernation: Registered nosave memory: [mem 0x72a22000-0x72a22fff]
Sep 24 08:20:26 pop-os kernel: PM: hibernation: Registered nosave memory: [mem 0x87793000-0x877d4fff]
Sep 24 08:20:26 pop-os kernel: PM: hibernation: Registered nosave memory: [mem 0x8786a000-0x8786afff]
Sep 24 08:20:26 pop-os kernel: PM: hibernation: Registered nosave memory: [mem 0x8e4c3000-0x8e973fff]
Sep 24 08:20:26 pop-os kernel: PM: hibernation: Registered nosave memory: [mem 0x8e974000-0x8e9a5fff]
Sep 24 08:20:26 pop-os kernel: PM: hibernation: Registered nosave memory: [mem 0x8e9a6000-0x8edfefff]
Sep 24 08:20:26 pop-os kernel: PM: hibernation: Registered nosave memory: [mem 0x8edff000-0x8fbfdfff]
Sep 24 08:20:26 pop-os kernel: PM: hibernation: Registered nosave memory: [mem 0x8fbff000-0x8fffffff]
Sep 24 08:20:26 pop-os kernel: PM: hibernation: Registered nosave memory: [mem 0x90000000-0xfdffffff]
Sep 24 08:20:26 pop-os kernel: PM: hibernation: Registered nosave memory: [mem 0xfe000000-0xfe010fff]
Sep 24 08:20:26 pop-os kernel: PM: hibernation: Registered nosave memory: [mem 0xfe011000-0xfebfffff]
Sep 24 08:20:26 pop-os kernel: PM: hibernation: Registered nosave memory: [mem 0xfec00000-0xfec00fff]
Sep 24 08:20:26 pop-os kernel: PM: hibernation: Registered nosave memory: [mem 0xfec01000-0xfecfffff]
Sep 24 08:20:26 pop-os kernel: PM: hibernation: Registered nosave memory: [mem 0xfed00000-0xfed00fff]
Sep 24 08:20:26 pop-os kernel: PM: hibernation: Registered nosave memory: [mem 0xfed01000-0xfedfffff]
Sep 24 08:20:26 pop-os kernel: PM: hibernation: Registered nosave memory: [mem 0xfee00000-0xfee00fff]
Sep 24 08:20:26 pop-os kernel: PM: hibernation: Registered nosave memory: [mem 0xfee01000-0xffffffff]
Sep 24 08:20:26 pop-os kernel: [mem 0x90000000-0xfdffffff] available for PCI devices
Sep 24 08:20:26 pop-os kernel: Booting paravirtualized kernel on bare hardware
Sep 24 08:20:26 pop-os kernel: clocksource: refined-jiffies: mask: 0xffffffff max_cycles: 0xffffffff, max_idle_ns: 7645519600211568 ns
Sep 24 08:20:26 pop-os kernel: setup_percpu: NR_CPUS:8192 nr_cpumask_bits:8 nr_cpu_ids:8 nr_node_ids:1
Sep 24 08:20:26 pop-os kernel: percpu: Embedded 62 pages/cpu s217088 r8192 d28672 u262144
Sep 24 08:20:26 pop-os kernel: pcpu-alloc: s217088 r8192 d28672 u262144 alloc=1*2097152
Sep 24 08:20:26 pop-os kernel: pcpu-alloc: [0] 0 1 2 3 4 5 6 7 
Sep 24 08:20:26 pop-os kernel: Kernel command line: initrd=\EFI\Pop_OS-5023fe3c-89dd-431c-a2a3-f91e472e4fb8\initrd.img root=UUID=5023fe3c-89dd-431c-a2a3-f91e472e4fb8 ro quiet loglevel=0 systemd.show_status=false splash rootflags=subvol=@
Sep 24 08:20:26 pop-os kernel: Unknown kernel command line parameters "splash", will be passed to user space.
Sep 24 08:20:26 pop-os kernel: random: crng init done
Sep 24 08:20:26 pop-os kernel: Dentry cache hash table entries: 4194304 (order: 13, 33554432 bytes, linear)
Sep 24 08:20:26 pop-os kernel: Inode-cache hash table entries: 2097152 (order: 12, 16777216 bytes, linear)
Sep 24 08:20:26 pop-os kernel: Fallback order for Node 0: 0 
Sep 24 08:20:26 pop-os kernel: Built 1 zonelists, mobility grouping on.  Total pages: 8246382
Sep 24 08:20:26 pop-os kernel: Policy zone: Normal
Sep 24 08:20:26 pop-os kernel: mem auto-init: stack:all(zero), heap alloc:on, heap free:off
Sep 24 08:20:26 pop-os kernel: software IO TLB: area num 8.
Sep 24 08:20:26 pop-os kernel: Memory: 32572804K/33509752K available (20480K kernel code, 4204K rwdata, 12900K rodata, 4716K init, 17532K bss, 936688K reserved, 0K cma-reserved)
Sep 24 08:20:26 pop-os kernel: SLUB: HWalign=64, Order=0-3, MinObjects=0, CPUs=8, Nodes=1
Sep 24 08:20:26 pop-os kernel: Kernel/User page tables isolation: enabled
Sep 24 08:20:26 pop-os kernel: ftrace: allocating 54010 entries in 211 pages
Sep 24 08:20:26 pop-os kernel: ftrace: allocated 211 pages with 5 groups
Sep 24 08:20:26 pop-os kernel: Dynamic Preempt: voluntary
Sep 24 08:20:26 pop-os kernel: rcu: Preemptible hierarchical RCU implementation.
Sep 24 08:20:26 pop-os kernel: rcu:         RCU restricting CPUs from NR_CPUS=8192 to nr_cpu_ids=8.
Sep 24 08:20:26 pop-os kernel:         Trampoline variant of Tasks RCU enabled.
Sep 24 08:20:26 pop-os kernel:         Rude variant of Tasks RCU enabled.
Sep 24 08:20:26 pop-os kernel:         Tracing variant of Tasks RCU enabled.
Sep 24 08:20:26 pop-os kernel: rcu: RCU calculated value of scheduler-enlistment delay is 25 jiffies.
Sep 24 08:20:26 pop-os kernel: rcu: Adjusting geometry for rcu_fanout_leaf=16, nr_cpu_ids=8
Sep 24 08:20:26 pop-os kernel: NR_IRQS: 524544, nr_irqs: 2048, preallocated irqs: 16
Sep 24 08:20:26 pop-os kernel: rcu: srcu_init: Setting srcu_struct sizes based on contention.
Sep 24 08:20:26 pop-os kernel: Console: colour dummy device 80x25
Sep 24 08:20:26 pop-os kernel: printk: console [tty0] enabled
Sep 24 08:20:26 pop-os kernel: ACPI: Core revision 20230331
Sep 24 08:20:26 pop-os kernel: clocksource: hpet: mask: 0xffffffff max_cycles: 0xffffffff, max_idle_ns: 79635855245 ns
Sep 24 08:20:26 pop-os kernel: APIC: Switch to symmetric I/O mode setup
Sep 24 08:20:26 pop-os kernel: DMAR: Host address width 39
Sep 24 08:20:26 pop-os kernel: DMAR: DRHD base: 0x000000fed90000 flags: 0x1
Sep 24 08:20:26 pop-os kernel: DMAR: dmar0: reg_base_addr fed90000 ver 1:0 cap d2008c40660462 ecap f050da
Sep 24 08:20:26 pop-os kernel: DMAR: RMRR base: 0x0000008e8d9000 end: 0x0000008e8f8fff
Sep 24 08:20:26 pop-os kernel: DMAR: ANDD device: 1 name: \_SB.PCI0.I2C0
Sep 24 08:20:26 pop-os kernel: DMAR: ANDD device: 2 name: \_SB.PCI0.I2C1
Sep 24 08:20:26 pop-os kernel: DMAR: ANDD device: 9 name: \_SB.PCI0.UA00
Sep 24 08:20:26 pop-os kernel: DMAR-IR: IOAPIC id 2 under DRHD base  0xfed90000 IOMMU 0
Sep 24 08:20:26 pop-os kernel: DMAR-IR: HPET id 0 under DRHD base 0xfed90000
Sep 24 08:20:26 pop-os kernel: DMAR-IR: Queued invalidation will be enabled to support x2apic and Intr-remapping.
Sep 24 08:20:26 pop-os kernel: DMAR-IR: Enabled IRQ remapping in x2apic mode
Sep 24 08:20:26 pop-os kernel: x2apic enabled
Sep 24 08:20:26 pop-os kernel: Switched APIC routing to cluster x2apic.
Sep 24 08:20:26 pop-os kernel: ..TIMER: vector=0x30 apic1=0 pin1=2 apic2=-1 pin2=-1
Sep 24 08:20:26 pop-os kernel: clocksource: tsc-early: mask: 0xffffffffffffffff max_cycles: 0x3c8a615336c, max_idle_ns: 440795257976 ns
Sep 24 08:20:26 pop-os kernel: Calibrating delay loop (skipped), value calculated using timer frequency.. 8400.00 BogoMIPS (lpj=16800000)
Sep 24 08:20:26 pop-os kernel: pid_max: default: 32768 minimum: 301
Sep 24 08:20:26 pop-os kernel: LSM: initializing lsm=lockdown,capability,landlock,yama,apparmor,integrity
Sep 24 08:20:26 pop-os kernel: landlock: Up and running.
Sep 24 08:20:26 pop-os kernel: Yama: becoming mindful.
Sep 24 08:20:26 pop-os kernel: AppArmor: AppArmor initialized
Sep 24 08:20:26 pop-os kernel: Mount-cache hash table entries: 65536 (order: 7, 524288 bytes, linear)
Sep 24 08:20:26 pop-os kernel: Mountpoint-cache hash table entries: 65536 (order: 7, 524288 bytes, linear)
Sep 24 08:20:26 pop-os kernel: x86/cpu: SGX disabled by BIOS.
Sep 24 08:20:26 pop-os kernel: CPU0: Thermal monitoring enabled (TM1)
Sep 24 08:20:26 pop-os kernel: process: using mwait in idle threads
Sep 24 08:20:26 pop-os kernel: Last level iTLB entries: 4KB 64, 2MB 8, 4MB 8
Sep 24 08:20:26 pop-os kernel: Last level dTLB entries: 4KB 64, 2MB 0, 4MB 0, 1GB 4
Sep 24 08:20:26 pop-os kernel: Spectre V1 : Mitigation: usercopy/swapgs barriers and __user pointer sanitization
Sep 24 08:20:26 pop-os kernel: Spectre V2 : Mitigation: IBRS
Sep 24 08:20:26 pop-os kernel: Spectre V2 : Spectre v2 / SpectreRSB mitigation: Filling RSB on context switch
Sep 24 08:20:26 pop-os kernel: Spectre V2 : Spectre v2 / SpectreRSB : Filling RSB on VMEXIT
Sep 24 08:20:26 pop-os kernel: RETBleed: Mitigation: IBRS
Sep 24 08:20:26 pop-os kernel: Spectre V2 : mitigation: Enabling conditional Indirect Branch Prediction Barrier
Sep 24 08:20:26 pop-os kernel: Spectre V2 : User space: Mitigation: STIBP via prctl
Sep 24 08:20:26 pop-os kernel: Speculative Store Bypass: Mitigation: Speculative Store Bypass disabled via prctl
Sep 24 08:20:26 pop-os kernel: MDS: Mitigation: Clear CPU buffers
Sep 24 08:20:26 pop-os kernel: TAA: Mitigation: TSX disabled
Sep 24 08:20:26 pop-os kernel: MMIO Stale Data: Mitigation: Clear CPU buffers
Sep 24 08:20:26 pop-os kernel: SRBDS: Mitigation: Microcode
Sep 24 08:20:26 pop-os kernel: Freeing SMP alternatives memory: 44K
Sep 24 08:20:26 pop-os kernel: smpboot: CPU0: Intel(R) Core(TM) i7-7700K CPU @ 4.20GHz (family: 0x6, model: 0x9e, stepping: 0x9)
Sep 24 08:20:26 pop-os kernel: cblist_init_generic: Setting adjustable number of callback queues.
Sep 24 08:20:26 pop-os kernel: cblist_init_generic: Setting shift to 3 and lim to 1.
Sep 24 08:20:26 pop-os kernel: cblist_init_generic: Setting shift to 3 and lim to 1.
Sep 24 08:20:26 pop-os kernel: cblist_init_generic: Setting shift to 3 and lim to 1.
Sep 24 08:20:26 pop-os kernel: Performance Events: PEBS fmt3+, Skylake events, 32-deep LBR, full-width counters, Intel PMU driver.
Sep 24 08:20:26 pop-os kernel: ... version:                4
Sep 24 08:20:26 pop-os kernel: ... bit width:              48
Sep 24 08:20:26 pop-os kernel: ... generic registers:      4
Sep 24 08:20:26 pop-os kernel: ... value mask:             0000ffffffffffff
Sep 24 08:20:26 pop-os kernel: ... max period:             00007fffffffffff
Sep 24 08:20:26 pop-os kernel: ... fixed-purpose events:   3
Sep 24 08:20:26 pop-os kernel: ... event mask:             000000070000000f
Sep 24 08:20:26 pop-os kernel: Estimated ratio of average max frequency by base frequency (times 1024): 1194
Sep 24 08:20:26 pop-os kernel: rcu: Hierarchical SRCU implementation.
Sep 24 08:20:26 pop-os kernel: rcu:         Max phase no-delay instances is 1000.
Sep 24 08:20:26 pop-os kernel: NMI watchdog: Enabled. Permanently consumes one hw-PMU counter.
Sep 24 08:20:26 pop-os kernel: smp: Bringing up secondary CPUs ...
Sep 24 08:20:26 pop-os kernel: x86: Booting SMP configuration:
Sep 24 08:20:26 pop-os kernel: .... node  #0, CPUs:      #1 #2 #3 #4
Sep 24 08:20:26 pop-os kernel: MDS CPU bug present and SMT on, data leak possible. See https://www.kernel.org/doc/html/latest/admin-guide/hw-vuln/mds.html for more details.
Sep 24 08:20:26 pop-os kernel: MMIO Stale Data CPU bug present and SMT on, data leak possible. See https://www.kernel.org/doc/html/latest/admin-guide/hw-vuln/processor_mmio_stale_data.html for more details.
Sep 24 08:20:26 pop-os kernel:  #5 #6 #7
Sep 24 08:20:26 pop-os kernel: smp: Brought up 1 node, 8 CPUs
Sep 24 08:20:26 pop-os kernel: smpboot: Max logical packages: 1
Sep 24 08:20:26 pop-os kernel: smpboot: Total of 8 processors activated (67200.00 BogoMIPS)
Sep 24 08:20:26 pop-os kernel: devtmpfs: initialized
Sep 24 08:20:26 pop-os kernel: x86/mm: Memory block size: 128MB
Sep 24 08:20:26 pop-os kernel: ACPI: PM: Registering ACPI NVS region [mem 0x72a21000-0x72a21fff] (4096 bytes)
Sep 24 08:20:26 pop-os kernel: ACPI: PM: Registering ACPI NVS region [mem 0x8e9a6000-0x8edfefff] (4558848 bytes)
Sep 24 08:20:26 pop-os kernel: clocksource: jiffies: mask: 0xffffffff max_cycles: 0xffffffff, max_idle_ns: 7645041785100000 ns
Sep 24 08:20:26 pop-os kernel: futex hash table entries: 2048 (order: 5, 131072 bytes, linear)
Sep 24 08:20:26 pop-os kernel: pinctrl core: initialized pinctrl subsystem
Sep 24 08:20:26 pop-os kernel: PM: RTC time: 06:20:20, date: 2023-09-24
Sep 24 08:20:26 pop-os kernel: NET: Registered PF_NETLINK/PF_ROUTE protocol family
Sep 24 08:20:26 pop-os kernel: DMA: preallocated 4096 KiB GFP_KERNEL pool for atomic allocations
Sep 24 08:20:26 pop-os kernel: DMA: preallocated 4096 KiB GFP_KERNEL|GFP_DMA pool for atomic allocations
Sep 24 08:20:26 pop-os kernel: DMA: preallocated 4096 KiB GFP_KERNEL|GFP_DMA32 pool for atomic allocations
Sep 24 08:20:26 pop-os kernel: audit: initializing netlink subsys (disabled)
Sep 24 08:20:26 pop-os kernel: audit: type=2000 audit(1695536420.052:1): state=initialized audit_enabled=0 res=1
Sep 24 08:20:26 pop-os kernel: thermal_sys: Registered thermal governor 'fair_share'
Sep 24 08:20:26 pop-os kernel: thermal_sys: Registered thermal governor 'bang_bang'
Sep 24 08:20:26 pop-os kernel: thermal_sys: Registered thermal governor 'step_wise'
Sep 24 08:20:26 pop-os kernel: thermal_sys: Registered thermal governor 'user_space'
Sep 24 08:20:26 pop-os kernel: thermal_sys: Registered thermal governor 'power_allocator'
Sep 24 08:20:26 pop-os kernel: EISA bus registered
Sep 24 08:20:26 pop-os kernel: cpuidle: using governor ladder
Sep 24 08:20:26 pop-os kernel: cpuidle: using governor menu
Sep 24 08:20:26 pop-os kernel: ACPI FADT declares the system doesn't support PCIe ASPM, so disable it
Sep 24 08:20:26 pop-os kernel: acpiphp: ACPI Hot Plug PCI Controller Driver version: 0.5
Sep 24 08:20:26 pop-os kernel: PCI: MMCONFIG for domain 0000 [bus 00-ff] at [mem 0xe0000000-0xefffffff] (base 0xe0000000)
Sep 24 08:20:26 pop-os kernel: PCI: not using MMCONFIG
Sep 24 08:20:26 pop-os kernel: PCI: Using configuration type 1 for base access
Sep 24 08:20:26 pop-os kernel: ENERGY_PERF_BIAS: Set to 'normal', was 'performance'
Sep 24 08:20:26 pop-os kernel: kprobes: kprobe jump-optimization is enabled. All kprobes are optimized if possible.
Sep 24 08:20:26 pop-os kernel: HugeTLB: registered 1.00 GiB page size, pre-allocated 0 pages
Sep 24 08:20:26 pop-os kernel: HugeTLB: 16380 KiB vmemmap can be freed for a 1.00 GiB page
Sep 24 08:20:26 pop-os kernel: HugeTLB: registered 2.00 MiB page size, pre-allocated 0 pages
Sep 24 08:20:26 pop-os kernel: HugeTLB: 28 KiB vmemmap can be freed for a 2.00 MiB page
Sep 24 08:20:26 pop-os kernel: ACPI: Added _OSI(Module Device)
Sep 24 08:20:26 pop-os kernel: ACPI: Added _OSI(Processor Device)
Sep 24 08:20:26 pop-os kernel: ACPI: Added _OSI(3.0 _SCP Extensions)
Sep 24 08:20:26 pop-os kernel: ACPI: Added _OSI(Processor Aggregator Device)
Sep 24 08:20:26 pop-os kernel: ACPI: 11 ACPI AML tables successfully acquired and loaded
Sep 24 08:20:26 pop-os kernel: ACPI: Dynamic OEM Table Load:
Sep 24 08:20:26 pop-os kernel: ACPI: SSDT 0xFFFFA09280C48000 00081F (v02 PmRef  Cpu0Ist  00003000 INTL 20160422)
Sep 24 08:20:26 pop-os kernel: ACPI: \_PR_.CPU0: _OSC native thermal LVT Acked
Sep 24 08:20:26 pop-os kernel: ACPI: Dynamic OEM Table Load:
Sep 24 08:20:26 pop-os kernel: ACPI: SSDT 0xFFFFA09281182000 00065C (v02 PmRef  ApIst    00003000 INTL 20160422)
Sep 24 08:20:26 pop-os kernel: ACPI: Dynamic OEM Table Load:
Sep 24 08:20:26 pop-os kernel: ACPI: SSDT 0xFFFFA092810E2400 000197 (v02 PmRef  ApHwp    00003000 INTL 20160422)
Sep 24 08:20:26 pop-os kernel: ACPI: Interpreter enabled
Sep 24 08:20:26 pop-os kernel: ACPI: PM: (supports S0 S3 S4 S5)
Sep 24 08:20:26 pop-os kernel: ACPI: Using IOAPIC for interrupt routing
Sep 24 08:20:26 pop-os kernel: PCI: MMCONFIG for domain 0000 [bus 00-ff] at [mem 0xe0000000-0xefffffff] (base 0xe0000000)
Sep 24 08:20:26 pop-os kernel: PCI: MMCONFIG at [mem 0xe0000000-0xefffffff] reserved as ACPI motherboard resource
Sep 24 08:20:26 pop-os kernel: PCI: Using host bridge windows from ACPI; if necessary, use "pci=nocrs" and report a bug
Sep 24 08:20:26 pop-os kernel: PCI: Using E820 reservations for host bridge windows
Sep 24 08:20:26 pop-os kernel: ACPI: Enabled 7 GPEs in block 00 to 7F
Sep 24 08:20:26 pop-os kernel: ACPI: \_SB_.PCI0.PEG0.PG00: New power resource
Sep 24 08:20:26 pop-os kernel: ACPI: \_SB_.PCI0.PEG1.PG01: New power resource
Sep 24 08:20:26 pop-os kernel: ACPI: \_SB_.PCI0.PEG2.PG02: New power resource
Sep 24 08:20:26 pop-os kernel: ACPI: \_SB_.PCI0.RP09.PXSX.WRST: New power resource
Sep 24 08:20:26 pop-os kernel: ACPI: \_SB_.PCI0.RP10.PXSX.WRST: New power resource
Sep 24 08:20:26 pop-os kernel: ACPI: \_SB_.PCI0.RP11.PXSX.WRST: New power resource
Sep 24 08:20:26 pop-os kernel: ACPI: \_SB_.PCI0.RP12.PXSX.WRST: New power resource
Sep 24 08:20:26 pop-os kernel: ACPI: \_SB_.PCI0.RP13.PXSX.WRST: New power resource
Sep 24 08:20:26 pop-os kernel: ACPI: \_SB_.PCI0.RP01.PXSX.WRST: New power resource
Sep 24 08:20:26 pop-os kernel: ACPI: \_SB_.PCI0.RP02.PXSX.WRST: New power resource
Sep 24 08:20:26 pop-os kernel: ACPI: \_SB_.PCI0.RP03.PXSX.WRST: New power resource
Sep 24 08:20:26 pop-os kernel: ACPI: \_SB_.PCI0.RP04.PXSX.WRST: New power resource
Sep 24 08:20:26 pop-os kernel: ACPI: \_SB_.PCI0.RP05.PXSX.WRST: New power resource
Sep 24 08:20:26 pop-os kernel: ACPI: \_SB_.PCI0.RP06.PXSX.WRST: New power resource
Sep 24 08:20:26 pop-os kernel: ACPI: \_SB_.PCI0.RP07.PXSX.WRST: New power resource
Sep 24 08:20:26 pop-os kernel: ACPI: \_SB_.PCI0.RP08.PXSX.WRST: New power resource
Sep 24 08:20:26 pop-os kernel: ACPI: \_SB_.PCI0.RP17.PXSX.WRST: New power resource
Sep 24 08:20:26 pop-os kernel: ACPI: \_SB_.PCI0.RP18.PXSX.WRST: New power resource
Sep 24 08:20:26 pop-os kernel: ACPI: \_SB_.PCI0.RP19.PXSX.WRST: New power resource
Sep 24 08:20:26 pop-os kernel: ACPI: \_SB_.PCI0.RP20.PXSX.WRST: New power resource
Sep 24 08:20:26 pop-os kernel: ACPI: \_SB_.PCI0.RP14.PXSX.WRST: New power resource
Sep 24 08:20:26 pop-os kernel: ACPI: \_SB_.PCI0.RP15.PXSX.WRST: New power resource
Sep 24 08:20:26 pop-os kernel: ACPI: \_SB_.PCI0.RP16.PXSX.WRST: New power resource
Sep 24 08:20:26 pop-os kernel: ACPI: \_TZ_.FN00: New power resource
Sep 24 08:20:26 pop-os kernel: ACPI: \_TZ_.FN01: New power resource
Sep 24 08:20:26 pop-os kernel: ACPI: \_TZ_.FN02: New power resource
Sep 24 08:20:26 pop-os kernel: ACPI: \_TZ_.FN03: New power resource
Sep 24 08:20:26 pop-os kernel: ACPI: \_TZ_.FN04: New power resource
Sep 24 08:20:26 pop-os kernel: ACPI: PCI Root Bridge [PCI0] (domain 0000 [bus 00-fe])
Sep 24 08:20:26 pop-os kernel: acpi PNP0A08:00: _OSC: OS supports [ExtendedConfig ASPM ClockPM Segments MSI EDR HPX-Type3]
Sep 24 08:20:26 pop-os kernel: acpi PNP0A08:00: _OSC: platform does not support [PCIeHotplug SHPCHotplug PME AER]
Sep 24 08:20:26 pop-os kernel: acpi PNP0A08:00: _OSC: OS now controls [PCIeCapability LTR DPC]
Sep 24 08:20:26 pop-os kernel: acpi PNP0A08:00: FADT indicates ASPM is unsupported, using BIOS configuration
Sep 24 08:20:26 pop-os kernel: PCI host bridge to bus 0000:00
Sep 24 08:20:26 pop-os kernel: pci_bus 0000:00: root bus resource [io  0x0000-0x0cf7 window]
Sep 24 08:20:26 pop-os kernel: pci_bus 0000:00: root bus resource [io  0x0d00-0xffff window]
Sep 24 08:20:26 pop-os kernel: pci_bus 0000:00: root bus resource [mem 0x000a0000-0x000fffff window]
Sep 24 08:20:26 pop-os kernel: pci_bus 0000:00: root bus resource [mem 0x90000000-0xdfffffff window]
Sep 24 08:20:26 pop-os kernel: pci_bus 0000:00: root bus resource [mem 0xfd000000-0xfe7fffff window]
Sep 24 08:20:26 pop-os kernel: pci_bus 0000:00: root bus resource [bus 00-fe]
Sep 24 08:20:26 pop-os kernel: pci 0000:00:00.0: [8086:591f] type 00 class 0x060000
Sep 24 08:20:26 pop-os kernel: pci 0000:00:01.0: [8086:1901] type 01 class 0x060400
Sep 24 08:20:26 pop-os kernel: pci 0000:00:01.0: PME# supported from D0 D3hot D3cold
Sep 24 08:20:26 pop-os kernel: pci 0000:00:08.0: [8086:1911] type 00 class 0x088000
Sep 24 08:20:26 pop-os kernel: pci 0000:00:08.0: reg 0x10: [mem 0xdf552000-0xdf552fff 64bit]
Sep 24 08:20:26 pop-os kernel: pci 0000:00:14.0: [8086:a2af] type 00 class 0x0c0330
Sep 24 08:20:26 pop-os kernel: pci 0000:00:14.0: reg 0x10: [mem 0xdf530000-0xdf53ffff 64bit]
Sep 24 08:20:26 pop-os kernel: pci 0000:00:14.0: PME# supported from D3hot D3cold
Sep 24 08:20:26 pop-os kernel: pci 0000:00:14.2: [8086:a2b1] type 00 class 0x118000
Sep 24 08:20:26 pop-os kernel: pci 0000:00:14.2: reg 0x10: [mem 0xdf551000-0xdf551fff 64bit]
Sep 24 08:20:26 pop-os kernel: pci 0000:00:15.0: [8086:a2e0] type 00 class 0x118000
Sep 24 08:20:26 pop-os kernel: pci 0000:00:15.0: reg 0x10: [mem 0xdf550000-0xdf550fff 64bit]
Sep 24 08:20:26 pop-os kernel: pci 0000:00:15.1: [8086:a2e1] type 00 class 0x118000
Sep 24 08:20:26 pop-os kernel: pci 0000:00:15.1: reg 0x10: [mem 0xdf54f000-0xdf54ffff 64bit]
Sep 24 08:20:26 pop-os kernel: pci 0000:00:16.0: [8086:a2ba] type 00 class 0x078000
Sep 24 08:20:26 pop-os kernel: pci 0000:00:16.0: reg 0x10: [mem 0xdf54e000-0xdf54efff 64bit]
Sep 24 08:20:26 pop-os kernel: pci 0000:00:16.0: PME# supported from D3hot
Sep 24 08:20:26 pop-os kernel: pci 0000:00:17.0: [8086:a282] type 00 class 0x010601
Sep 24 08:20:26 pop-os kernel: pci 0000:00:17.0: reg 0x10: [mem 0xdf548000-0xdf549fff]
Sep 24 08:20:26 pop-os kernel: pci 0000:00:17.0: reg 0x14: [mem 0xdf54d000-0xdf54d0ff]
Sep 24 08:20:26 pop-os kernel: pci 0000:00:17.0: reg 0x18: [io  0xf050-0xf057]
Sep 24 08:20:26 pop-os kernel: pci 0000:00:17.0: reg 0x1c: [io  0xf040-0xf043]
Sep 24 08:20:26 pop-os kernel: pci 0000:00:17.0: reg 0x20: [io  0xf020-0xf03f]
Sep 24 08:20:26 pop-os kernel: pci 0000:00:17.0: reg 0x24: [mem 0xdf54c000-0xdf54c7ff]
Sep 24 08:20:26 pop-os kernel: pci 0000:00:17.0: PME# supported from D3hot
Sep 24 08:20:26 pop-os kernel: pci 0000:00:1b.0: [8086:a2e7] type 01 class 0x060400
Sep 24 08:20:26 pop-os kernel: pci 0000:00:1b.0: PME# supported from D0 D3hot D3cold
Sep 24 08:20:26 pop-os kernel: pci 0000:00:1c.0: [8086:a290] type 01 class 0x060400
Sep 24 08:20:26 pop-os kernel: pci 0000:00:1c.0: PME# supported from D0 D3hot D3cold
Sep 24 08:20:26 pop-os kernel: pci 0000:00:1c.4: [8086:a294] type 01 class 0x060400
Sep 24 08:20:26 pop-os kernel: pci 0000:00:1c.4: PME# supported from D0 D3hot D3cold
Sep 24 08:20:26 pop-os kernel: pci 0000:00:1c.6: [8086:a296] type 01 class 0x060400
Sep 24 08:20:26 pop-os kernel: pci 0000:00:1c.6: PME# supported from D0 D3hot D3cold
Sep 24 08:20:26 pop-os kernel: pci 0000:00:1d.0: [8086:a298] type 01 class 0x060400
Sep 24 08:20:26 pop-os kernel: pci 0000:00:1d.0: PME# supported from D0 D3hot D3cold
Sep 24 08:20:26 pop-os kernel: pci 0000:00:1e.0: [8086:a2a7] type 00 class 0x118000
Sep 24 08:20:26 pop-os kernel: pci 0000:00:1e.0: reg 0x10: [mem 0xdf54b000-0xdf54bfff 64bit]
Sep 24 08:20:26 pop-os kernel: pci 0000:00:1f.0: [8086:a2c5] type 00 class 0x060100
Sep 24 08:20:26 pop-os kernel: pci 0000:00:1f.2: [8086:a2a1] type 00 class 0x058000
Sep 24 08:20:26 pop-os kernel: pci 0000:00:1f.2: reg 0x10: [mem 0xdf544000-0xdf547fff]
Sep 24 08:20:26 pop-os kernel: pci 0000:00:1f.3: [8086:a2f0] type 00 class 0x040300
Sep 24 08:20:26 pop-os kernel: pci 0000:00:1f.3: reg 0x10: [mem 0xdf540000-0xdf543fff 64bit]
Sep 24 08:20:26 pop-os kernel: pci 0000:00:1f.3: reg 0x20: [mem 0xdf520000-0xdf52ffff 64bit]
Sep 24 08:20:26 pop-os kernel: pci 0000:00:1f.3: PME# supported from D3hot D3cold
Sep 24 08:20:26 pop-os kernel: pci 0000:00:1f.4: [8086:a2a3] type 00 class 0x0c0500
Sep 24 08:20:26 pop-os kernel: pci 0000:00:1f.4: reg 0x10: [mem 0xdf54a000-0xdf54a0ff 64bit]
Sep 24 08:20:26 pop-os kernel: pci 0000:00:1f.4: reg 0x20: [io  0xf000-0xf01f]
Sep 24 08:20:26 pop-os kernel: pci 0000:00:1f.6: [8086:15b8] type 00 class 0x020000
Sep 24 08:20:26 pop-os kernel: pci 0000:00:1f.6: reg 0x10: [mem 0xdf500000-0xdf51ffff]
Sep 24 08:20:26 pop-os kernel: pci 0000:00:1f.6: PME# supported from D0 D3hot D3cold
Sep 24 08:20:26 pop-os kernel: pci 0000:01:00.0: [10de:1f07] type 00 class 0x030000
Sep 24 08:20:26 pop-os kernel: pci 0000:01:00.0: reg 0x10: [mem 0xde000000-0xdeffffff]
Sep 24 08:20:26 pop-os kernel: pci 0000:01:00.0: reg 0x14: [mem 0xc0000000-0xcfffffff 64bit pref]
Sep 24 08:20:26 pop-os kernel: pci 0000:01:00.0: reg 0x1c: [mem 0xd0000000-0xd1ffffff 64bit pref]
Sep 24 08:20:26 pop-os kernel: pci 0000:01:00.0: reg 0x24: [io  0xe000-0xe07f]
Sep 24 08:20:26 pop-os kernel: pci 0000:01:00.0: reg 0x30: [mem 0xdf000000-0xdf07ffff pref]
Sep 24 08:20:26 pop-os kernel: pci 0000:01:00.0: BAR 1: assigned to efifb
Sep 24 08:20:26 pop-os kernel: pci 0000:01:00.0: Video device with shadowed ROM at [mem 0x000c0000-0x000dffff]
Sep 24 08:20:26 pop-os kernel: pci 0000:01:00.0: PME# supported from D0 D3hot
Sep 24 08:20:26 pop-os kernel: pci 0000:01:00.0: 32.000 Gb/s available PCIe bandwidth, limited by 2.5 GT/s PCIe x16 link at 0000:00:01.0 (capable of 126.016 Gb/s with 8.0 GT/s PCIe x16 link)
Sep 24 08:20:26 pop-os kernel: pci 0000:01:00.1: [10de:10f9] type 00 class 0x040300
Sep 24 08:20:26 pop-os kernel: pci 0000:01:00.1: reg 0x10: [mem 0xdf080000-0xdf083fff]
Sep 24 08:20:26 pop-os kernel: pci 0000:01:00.2: [10de:1ada] type 00 class 0x0c0330
Sep 24 08:20:26 pop-os kernel: pci 0000:01:00.2: reg 0x10: [mem 0xd2000000-0xd203ffff 64bit pref]
Sep 24 08:20:26 pop-os kernel: pci 0000:01:00.2: reg 0x1c: [mem 0xd2040000-0xd204ffff 64bit pref]
Sep 24 08:20:26 pop-os kernel: pci 0000:01:00.2: PME# supported from D0 D3hot
Sep 24 08:20:26 pop-os kernel: pci 0000:01:00.3: [10de:1adb] type 00 class 0x0c8000
Sep 24 08:20:26 pop-os kernel: pci 0000:01:00.3: reg 0x10: [mem 0xdf084000-0xdf084fff]
Sep 24 08:20:26 pop-os kernel: pci 0000:01:00.3: PME# supported from D0 D3hot
Sep 24 08:20:26 pop-os kernel: pci 0000:00:01.0: PCI bridge to [bus 01]
Sep 24 08:20:26 pop-os kernel: pci 0000:00:01.0:   bridge window [io  0xe000-0xefff]
Sep 24 08:20:26 pop-os kernel: pci 0000:00:01.0:   bridge window [mem 0xde000000-0xdf0fffff]
Sep 24 08:20:26 pop-os kernel: pci 0000:00:01.0:   bridge window [mem 0xc0000000-0xd20fffff 64bit pref]
Sep 24 08:20:26 pop-os kernel: pci 0000:02:00.0: [8086:f1a6] type 00 class 0x010802
Sep 24 08:20:26 pop-os kernel: pci 0000:02:00.0: reg 0x10: [mem 0xdf400000-0xdf403fff 64bit]
Sep 24 08:20:26 pop-os kernel: pci 0000:00:1b.0: PCI bridge to [bus 02]
Sep 24 08:20:26 pop-os kernel: pci 0000:00:1b.0:   bridge window [mem 0xdf400000-0xdf4fffff]
Sep 24 08:20:26 pop-os kernel: acpiphp: Slot [1] registered
Sep 24 08:20:26 pop-os kernel: pci 0000:00:1c.0: PCI bridge to [bus 03]
Sep 24 08:20:26 pop-os kernel: pci 0000:04:00.0: [1b21:2142] type 00 class 0x0c0330
Sep 24 08:20:26 pop-os kernel: pci 0000:04:00.0: reg 0x10: [mem 0xdf300000-0xdf307fff 64bit]
Sep 24 08:20:26 pop-os kernel: pci 0000:04:00.0: enabling Extended Tags
Sep 24 08:20:26 pop-os kernel: pci 0000:04:00.0: PME# supported from D0 D3hot D3cold
Sep 24 08:20:26 pop-os kernel: pci 0000:00:1c.4: PCI bridge to [bus 04]
Sep 24 08:20:26 pop-os kernel: pci 0000:00:1c.4:   bridge window [mem 0xdf300000-0xdf3fffff]
Sep 24 08:20:26 pop-os kernel: pci 0000:05:00.0: [8086:2725] type 00 class 0x028000
Sep 24 08:20:26 pop-os kernel: pci 0000:05:00.0: reg 0x10: [mem 0xdf200000-0xdf203fff 64bit]
Sep 24 08:20:26 pop-os kernel: pci 0000:05:00.0: PME# supported from D0 D3hot D3cold
Sep 24 08:20:26 pop-os kernel: pci 0000:00:1c.6: PCI bridge to [bus 05]
Sep 24 08:20:26 pop-os kernel: pci 0000:00:1c.6:   bridge window [mem 0xdf200000-0xdf2fffff]
Sep 24 08:20:26 pop-os kernel: pci 0000:06:00.0: [144d:a809] type 00 class 0x010802
Sep 24 08:20:26 pop-os kernel: pci 0000:06:00.0: reg 0x10: [mem 0xdf100000-0xdf103fff 64bit]
Sep 24 08:20:26 pop-os kernel: pci 0000:00:1d.0: PCI bridge to [bus 06]
Sep 24 08:20:26 pop-os kernel: pci 0000:00:1d.0:   bridge window [mem 0xdf100000-0xdf1fffff]
Sep 24 08:20:26 pop-os kernel: ACPI: PCI: Interrupt link LNKA configured for IRQ 11
Sep 24 08:20:26 pop-os kernel: ACPI: PCI: Interrupt link LNKB configured for IRQ 10
Sep 24 08:20:26 pop-os kernel: ACPI: PCI: Interrupt link LNKC configured for IRQ 11
Sep 24 08:20:26 pop-os kernel: ACPI: PCI: Interrupt link LNKD configured for IRQ 11
Sep 24 08:20:26 pop-os kernel: ACPI: PCI: Interrupt link LNKE configured for IRQ 11
Sep 24 08:20:26 pop-os kernel: ACPI: PCI: Interrupt link LNKF configured for IRQ 11
Sep 24 08:20:26 pop-os kernel: ACPI: PCI: Interrupt link LNKG configured for IRQ 11
Sep 24 08:20:26 pop-os kernel: ACPI: PCI: Interrupt link LNKH configured for IRQ 11
Sep 24 08:20:26 pop-os kernel: iommu: Default domain type: Translated 
Sep 24 08:20:26 pop-os kernel: iommu: DMA domain TLB invalidation policy: lazy mode 
Sep 24 08:20:26 pop-os kernel: SCSI subsystem initialized
Sep 24 08:20:26 pop-os kernel: libata version 3.00 loaded.
Sep 24 08:20:26 pop-os kernel: ACPI: bus type USB registered
Sep 24 08:20:26 pop-os kernel: usbcore: registered new interface driver usbfs
Sep 24 08:20:26 pop-os kernel: usbcore: registered new interface driver hub
Sep 24 08:20:26 pop-os kernel: usbcore: registered new device driver usb
Sep 24 08:20:26 pop-os kernel: pps_core: LinuxPPS API ver. 1 registered
Sep 24 08:20:26 pop-os kernel: pps_core: Software ver. 5.3.6 - Copyright 2005-2007 Rodolfo Giometti <giometti@linux.it>
Sep 24 08:20:26 pop-os kernel: PTP clock support registered
Sep 24 08:20:26 pop-os kernel: EDAC MC: Ver: 3.0.0
Sep 24 08:20:26 pop-os kernel: efivars: Registered efivars operations
Sep 24 08:20:26 pop-os kernel: NetLabel: Initializing
Sep 24 08:20:26 pop-os kernel: NetLabel:  domain hash size = 128
Sep 24 08:20:26 pop-os kernel: NetLabel:  protocols = UNLABELED CIPSOv4 CALIPSO
Sep 24 08:20:26 pop-os kernel: NetLabel:  unlabeled traffic allowed by default
Sep 24 08:20:26 pop-os kernel: mctp: management component transport protocol core
Sep 24 08:20:26 pop-os kernel: NET: Registered PF_MCTP protocol family
Sep 24 08:20:26 pop-os kernel: PCI: Using ACPI for IRQ routing
Sep 24 08:20:26 pop-os kernel: PCI: pci_cache_line_size set to 64 bytes
Sep 24 08:20:26 pop-os kernel: e820: reserve RAM buffer [mem 0x00058000-0x0005ffff]
Sep 24 08:20:26 pop-os kernel: e820: reserve RAM buffer [mem 0x0009e000-0x0009ffff]
Sep 24 08:20:26 pop-os kernel: e820: reserve RAM buffer [mem 0x6b19e018-0x6bffffff]
Sep 24 08:20:26 pop-os kernel: e820: reserve RAM buffer [mem 0x6b1af018-0x6bffffff]
Sep 24 08:20:26 pop-os kernel: e820: reserve RAM buffer [mem 0x72a21000-0x73ffffff]
Sep 24 08:20:26 pop-os kernel: e820: reserve RAM buffer [mem 0x87793000-0x87ffffff]
Sep 24 08:20:26 pop-os kernel: e820: reserve RAM buffer [mem 0x8786a000-0x87ffffff]
Sep 24 08:20:26 pop-os kernel: e820: reserve RAM buffer [mem 0x8e4c3000-0x8fffffff]
Sep 24 08:20:26 pop-os kernel: e820: reserve RAM buffer [mem 0x8fbff000-0x8fffffff]
Sep 24 08:20:26 pop-os kernel: e820: reserve RAM buffer [mem 0x86f000000-0x86fffffff]
Sep 24 08:20:26 pop-os kernel: pci 0000:01:00.0: vgaarb: setting as boot VGA device
Sep 24 08:20:26 pop-os kernel: pci 0000:01:00.0: vgaarb: bridge control possible
Sep 24 08:20:26 pop-os kernel: pci 0000:01:00.0: vgaarb: VGA device added: decodes=io+mem,owns=io+mem,locks=none
Sep 24 08:20:26 pop-os kernel: vgaarb: loaded
Sep 24 08:20:26 pop-os kernel: hpet0: at MMIO 0xfed00000, IRQs 2, 8, 0, 0, 0, 0, 0, 0
Sep 24 08:20:26 pop-os kernel: hpet0: 8 comparators, 64-bit 24.000000 MHz counter
Sep 24 08:20:26 pop-os kernel: clocksource: Switched to clocksource tsc-early
Sep 24 08:20:26 pop-os kernel: VFS: Disk quotas dquot_6.6.0
Sep 24 08:20:26 pop-os kernel: VFS: Dquot-cache hash table entries: 512 (order 0, 4096 bytes)
Sep 24 08:20:26 pop-os kernel: AppArmor: AppArmor Filesystem Enabled
Sep 24 08:20:26 pop-os kernel: pnp: PnP ACPI init
Sep 24 08:20:26 pop-os kernel: system 00:00: [io  0x0a00-0x0a0f] has been reserved
Sep 24 08:20:26 pop-os kernel: system 00:00: [io  0x0a10-0x0a1f] has been reserved
Sep 24 08:20:26 pop-os kernel: system 00:00: [io  0x0a20-0x0a2f] has been reserved
Sep 24 08:20:26 pop-os kernel: system 00:00: [io  0x0a30-0x0a3f] has been reserved
Sep 24 08:20:26 pop-os kernel: system 00:01: [io  0x0680-0x069f] has been reserved
Sep 24 08:20:26 pop-os kernel: system 00:01: [io  0xffff] has been reserved
Sep 24 08:20:26 pop-os kernel: system 00:01: [io  0xffff] has been reserved
Sep 24 08:20:26 pop-os kernel: system 00:01: [io  0xffff] has been reserved
Sep 24 08:20:26 pop-os kernel: system 00:01: [io  0x1800-0x18fe] has been reserved
Sep 24 08:20:26 pop-os kernel: system 00:01: [io  0x164e-0x164f] has been reserved
Sep 24 08:20:26 pop-os kernel: system 00:02: [io  0x0800-0x087f] has been reserved
Sep 24 08:20:26 pop-os kernel: system 00:04: [io  0x1854-0x1857] has been reserved
Sep 24 08:20:26 pop-os kernel: system 00:05: [mem 0xfed10000-0xfed17fff] has been reserved
Sep 24 08:20:26 pop-os kernel: system 00:05: [mem 0xfed18000-0xfed18fff] has been reserved
Sep 24 08:20:26 pop-os kernel: system 00:05: [mem 0xfed19000-0xfed19fff] has been reserved
Sep 24 08:20:26 pop-os kernel: system 00:05: [mem 0xe0000000-0xefffffff] has been reserved
Sep 24 08:20:26 pop-os kernel: system 00:05: [mem 0xfed20000-0xfed3ffff] has been reserved
Sep 24 08:20:26 pop-os kernel: system 00:05: [mem 0xfed90000-0xfed93fff] could not be reserved
Sep 24 08:20:26 pop-os kernel: system 00:05: [mem 0xfed45000-0xfed8ffff] has been reserved
Sep 24 08:20:26 pop-os kernel: system 00:05: [mem 0xff000000-0xffffffff] has been reserved
Sep 24 08:20:26 pop-os kernel: system 00:05: [mem 0xfee00000-0xfeefffff] could not be reserved
Sep 24 08:20:26 pop-os kernel: system 00:05: [mem 0xdffc0000-0xdffdffff] has been reserved
Sep 24 08:20:26 pop-os kernel: system 00:06: [mem 0xfd000000-0xfdabffff] has been reserved
Sep 24 08:20:26 pop-os kernel: system 00:06: [mem 0xfdad0000-0xfdadffff] has been reserved
Sep 24 08:20:26 pop-os kernel: system 00:06: [mem 0xfdb00000-0xfdffffff] has been reserved
Sep 24 08:20:26 pop-os kernel: system 00:06: [mem 0xfe000000-0xfe01ffff] could not be reserved
Sep 24 08:20:26 pop-os kernel: system 00:06: [mem 0xfe036000-0xfe03bfff] has been reserved
Sep 24 08:20:26 pop-os kernel: system 00:06: [mem 0xfe03d000-0xfe3fffff] has been reserved
Sep 24 08:20:26 pop-os kernel: system 00:07: [io  0xff00-0xfffe] has been reserved
Sep 24 08:20:26 pop-os kernel: pnp: PnP ACPI: found 9 devices
Sep 24 08:20:26 pop-os kernel: clocksource: acpi_pm: mask: 0xffffff max_cycles: 0xffffff, max_idle_ns: 2085701024 ns
Sep 24 08:20:26 pop-os kernel: NET: Registered PF_INET protocol family
Sep 24 08:20:26 pop-os kernel: IP idents hash table entries: 262144 (order: 9, 2097152 bytes, linear)
Sep 24 08:20:26 pop-os kernel: tcp_listen_portaddr_hash hash table entries: 16384 (order: 6, 262144 bytes, linear)
Sep 24 08:20:26 pop-os kernel: Table-perturb hash table entries: 65536 (order: 6, 262144 bytes, linear)
Sep 24 08:20:26 pop-os kernel: TCP established hash table entries: 262144 (order: 9, 2097152 bytes, linear)
Sep 24 08:20:26 pop-os kernel: TCP bind hash table entries: 65536 (order: 9, 2097152 bytes, linear)
Sep 24 08:20:26 pop-os kernel: TCP: Hash tables configured (established 262144 bind 65536)
Sep 24 08:20:26 pop-os kernel: MPTCP token hash table entries: 32768 (order: 7, 786432 bytes, linear)
Sep 24 08:20:26 pop-os kernel: UDP hash table entries: 16384 (order: 7, 524288 bytes, linear)
Sep 24 08:20:26 pop-os kernel: UDP-Lite hash table entries: 16384 (order: 7, 524288 bytes, linear)
Sep 24 08:20:26 pop-os kernel: NET: Registered PF_UNIX/PF_LOCAL protocol family
Sep 24 08:20:26 pop-os kernel: NET: Registered PF_XDP protocol family
Sep 24 08:20:26 pop-os kernel: pci 0000:00:01.0: PCI bridge to [bus 01]
Sep 24 08:20:26 pop-os kernel: pci 0000:00:01.0:   bridge window [io  0xe000-0xefff]
Sep 24 08:20:26 pop-os kernel: pci 0000:00:01.0:   bridge window [mem 0xde000000-0xdf0fffff]
Sep 24 08:20:26 pop-os kernel: pci 0000:00:01.0:   bridge window [mem 0xc0000000-0xd20fffff 64bit pref]
Sep 24 08:20:26 pop-os kernel: pci 0000:00:1b.0: PCI bridge to [bus 02]
Sep 24 08:20:26 pop-os kernel: pci 0000:00:1b.0:   bridge window [mem 0xdf400000-0xdf4fffff]
Sep 24 08:20:26 pop-os kernel: pci 0000:00:1c.0: PCI bridge to [bus 03]
Sep 24 08:20:26 pop-os kernel: pci 0000:00:1c.4: PCI bridge to [bus 04]
Sep 24 08:20:26 pop-os kernel: pci 0000:00:1c.4:   bridge window [mem 0xdf300000-0xdf3fffff]
Sep 24 08:20:26 pop-os kernel: pci 0000:00:1c.6: PCI bridge to [bus 05]
Sep 24 08:20:26 pop-os kernel: pci 0000:00:1c.6:   bridge window [mem 0xdf200000-0xdf2fffff]
Sep 24 08:20:26 pop-os kernel: pci 0000:00:1d.0: PCI bridge to [bus 06]
Sep 24 08:20:26 pop-os kernel: pci 0000:00:1d.0:   bridge window [mem 0xdf100000-0xdf1fffff]
Sep 24 08:20:26 pop-os kernel: pci_bus 0000:00: resource 4 [io  0x0000-0x0cf7 window]
Sep 24 08:20:26 pop-os kernel: pci_bus 0000:00: resource 5 [io  0x0d00-0xffff window]
Sep 24 08:20:26 pop-os kernel: pci_bus 0000:00: resource 6 [mem 0x000a0000-0x000fffff window]
Sep 24 08:20:26 pop-os kernel: pci_bus 0000:00: resource 7 [mem 0x90000000-0xdfffffff window]
Sep 24 08:20:26 pop-os kernel: pci_bus 0000:00: resource 8 [mem 0xfd000000-0xfe7fffff window]
Sep 24 08:20:26 pop-os kernel: pci_bus 0000:01: resource 0 [io  0xe000-0xefff]
Sep 24 08:20:26 pop-os kernel: pci_bus 0000:01: resource 1 [mem 0xde000000-0xdf0fffff]
Sep 24 08:20:26 pop-os kernel: pci_bus 0000:01: resource 2 [mem 0xc0000000-0xd20fffff 64bit pref]
Sep 24 08:20:26 pop-os kernel: pci_bus 0000:02: resource 1 [mem 0xdf400000-0xdf4fffff]
Sep 24 08:20:26 pop-os kernel: pci_bus 0000:04: resource 1 [mem 0xdf300000-0xdf3fffff]
Sep 24 08:20:26 pop-os kernel: pci_bus 0000:05: resource 1 [mem 0xdf200000-0xdf2fffff]
Sep 24 08:20:26 pop-os kernel: pci_bus 0000:06: resource 1 [mem 0xdf100000-0xdf1fffff]
Sep 24 08:20:26 pop-os kernel: pci 0000:01:00.1: extending delay after power-on from D3hot to 20 msec
Sep 24 08:20:26 pop-os kernel: pci 0000:01:00.1: D0 power state depends on 0000:01:00.0
Sep 24 08:20:26 pop-os kernel: pci 0000:01:00.2: D0 power state depends on 0000:01:00.0
Sep 24 08:20:26 pop-os kernel: pci 0000:01:00.3: D0 power state depends on 0000:01:00.0
Sep 24 08:20:26 pop-os kernel: pci 0000:04:00.0: PME# does not work under D0, disabling it
Sep 24 08:20:26 pop-os kernel: PCI: CLS 64 bytes, default 64
Sep 24 08:20:26 pop-os kernel: DMAR: ACPI device "device:7c" under DMAR at fed90000 as 00:15.0
Sep 24 08:20:26 pop-os kernel: DMAR: ACPI device "device:7d" under DMAR at fed90000 as 00:15.1
Sep 24 08:20:26 pop-os kernel: DMAR: ACPI device "device:7e" under DMAR at fed90000 as 00:1e.0
Sep 24 08:20:26 pop-os kernel: PCI-DMA: Using software bounce buffering for IO (SWIOTLB)
Sep 24 08:20:26 pop-os kernel: software IO TLB: mapped [mem 0x0000000083793000-0x0000000087793000] (64MB)
Sep 24 08:20:26 pop-os kernel: Trying to unpack rootfs image as initramfs...
Sep 24 08:20:26 pop-os kernel: Initialise system trusted keyrings
Sep 24 08:20:26 pop-os kernel: Key type blacklist registered
Sep 24 08:20:26 pop-os kernel: workingset: timestamp_bits=36 max_order=23 bucket_order=0
Sep 24 08:20:26 pop-os kernel: zbud: loaded
Sep 24 08:20:26 pop-os kernel: squashfs: version 4.0 (2009/01/31) Phillip Lougher
Sep 24 08:20:26 pop-os kernel: fuse: init (API version 7.38)
Sep 24 08:20:26 pop-os kernel: integrity: Platform Keyring initialized
Sep 24 08:20:26 pop-os kernel: integrity: Machine keyring initialized
Sep 24 08:20:26 pop-os kernel: Key type asymmetric registered
Sep 24 08:20:26 pop-os kernel: Asymmetric key parser 'x509' registered
Sep 24 08:20:26 pop-os kernel: Block layer SCSI generic (bsg) driver version 0.4 loaded (major 243)
Sep 24 08:20:26 pop-os kernel: io scheduler mq-deadline registered
Sep 24 08:20:26 pop-os kernel: shpchp: Standard Hot Plug PCI Controller Driver version: 0.4
Sep 24 08:20:26 pop-os kernel: input: Sleep Button as /devices/LNXSYSTM:00/LNXSYBUS:00/PNP0C0E:00/input/input0
Sep 24 08:20:26 pop-os kernel: ACPI: button: Sleep Button [SLPB]
Sep 24 08:20:26 pop-os kernel: input: Power Button as /devices/LNXSYSTM:00/LNXSYBUS:00/PNP0C0C:00/input/input1
Sep 24 08:20:26 pop-os kernel: ACPI: button: Power Button [PWRB]
Sep 24 08:20:26 pop-os kernel: input: Power Button as /devices/LNXSYSTM:00/LNXPWRBN:00/input/input2
Sep 24 08:20:26 pop-os kernel: ACPI: button: Power Button [PWRF]
Sep 24 08:20:26 pop-os kernel: thermal LNXTHERM:00: registered as thermal_zone0
Sep 24 08:20:26 pop-os kernel: ACPI: thermal: Thermal Zone [TZ00] (28 C)
Sep 24 08:20:26 pop-os kernel: thermal LNXTHERM:01: registered as thermal_zone1
Sep 24 08:20:26 pop-os kernel: ACPI: thermal: Thermal Zone [TZ01] (30 C)
Sep 24 08:20:26 pop-os kernel: Serial: 8250/16550 driver, 32 ports, IRQ sharing enabled
Sep 24 08:20:26 pop-os kernel: serial8250: ttyS0 at I/O 0x3f8 (irq = 4, base_baud = 115200) is a 16550A
Sep 24 08:20:26 pop-os kernel: serial8250: ttyS1 at I/O 0x2f8 (irq = 3, base_baud = 115200) is a 16550A
Sep 24 08:20:26 pop-os kernel: Linux agpgart interface v0.103
Sep 24 08:20:26 pop-os kernel: loop: module loaded
Sep 24 08:20:26 pop-os kernel: tun: Universal TUN/TAP device driver, 1.6
Sep 24 08:20:26 pop-os kernel: PPP generic driver version 2.4.2
Sep 24 08:20:26 pop-os kernel: VFIO - User Level meta-driver version: 0.3
Sep 24 08:20:26 pop-os kernel: i8042: PNP: No PS/2 controller found.
Sep 24 08:20:26 pop-os kernel: mousedev: PS/2 mouse device common for all mice
Sep 24 08:20:26 pop-os kernel: rtc_cmos 00:03: RTC can wake from S4
Sep 24 08:20:26 pop-os kernel: rtc_cmos 00:03: registered as rtc0
Sep 24 08:20:26 pop-os kernel: rtc_cmos 00:03: setting system clock to 2023-09-24T06:20:20 UTC (1695536420)
Sep 24 08:20:26 pop-os kernel: rtc_cmos 00:03: alarms up to one month, y3k, 242 bytes nvram
Sep 24 08:20:26 pop-os kernel: i2c_dev: i2c /dev entries driver
Sep 24 08:20:26 pop-os kernel: device-mapper: core: CONFIG_IMA_DISABLE_HTABLE is disabled. Duplicate IMA measurements will not be recorded in the IMA log.
Sep 24 08:20:26 pop-os kernel: device-mapper: uevent: version 1.0.3
Sep 24 08:20:26 pop-os kernel: device-mapper: ioctl: 4.48.0-ioctl (2023-03-01) initialised: dm-devel@redhat.com
Sep 24 08:20:26 pop-os kernel: platform eisa.0: Probing EISA bus 0
Sep 24 08:20:26 pop-os kernel: platform eisa.0: EISA: Cannot allocate resource for mainboard
Sep 24 08:20:26 pop-os kernel: platform eisa.0: Cannot allocate resource for EISA slot 1
Sep 24 08:20:26 pop-os kernel: platform eisa.0: Cannot allocate resource for EISA slot 2
Sep 24 08:20:26 pop-os kernel: platform eisa.0: Cannot allocate resource for EISA slot 3
Sep 24 08:20:26 pop-os kernel: platform eisa.0: Cannot allocate resource for EISA slot 4
Sep 24 08:20:26 pop-os kernel: platform eisa.0: Cannot allocate resource for EISA slot 5
Sep 24 08:20:26 pop-os kernel: platform eisa.0: Cannot allocate resource for EISA slot 6
Sep 24 08:20:26 pop-os kernel: platform eisa.0: Cannot allocate resource for EISA slot 7
Sep 24 08:20:26 pop-os kernel: platform eisa.0: Cannot allocate resource for EISA slot 8
Sep 24 08:20:26 pop-os kernel: platform eisa.0: EISA: Detected 0 cards
Sep 24 08:20:26 pop-os kernel: intel_pstate: Intel P-state driver initializing
Sep 24 08:20:26 pop-os kernel: intel_pstate: Disabling energy efficiency optimization
Sep 24 08:20:26 pop-os kernel: intel_pstate: HWP enabled
Sep 24 08:20:26 pop-os kernel: ledtrig-cpu: registered to indicate activity on CPUs
Sep 24 08:20:26 pop-os kernel: efifb: probing for efifb
Sep 24 08:20:26 pop-os kernel: efifb: Ignoring BGRT: unexpected or invalid BMP data
Sep 24 08:20:26 pop-os kernel: efifb: framebuffer at 0xc0000000, using 3072k, total 3072k
Sep 24 08:20:26 pop-os kernel: efifb: mode is 1024x768x32, linelength=4096, pages=1
Sep 24 08:20:26 pop-os kernel: efifb: scrolling: redraw
Sep 24 08:20:26 pop-os kernel: efifb: Truecolor: size=8:8:8:8, shift=24:16:8:0
Sep 24 08:20:26 pop-os kernel: fbcon: Deferring console take-over
Sep 24 08:20:26 pop-os kernel: fb0: EFI VGA frame buffer device
Sep 24 08:20:26 pop-os kernel: resource: resource sanity check: requesting [mem 0x00000000fdffe800-0x00000000fe0007ff], which spans more than pnp 00:06 [mem 0xfdb00000-0xfdffffff]
Sep 24 08:20:26 pop-os kernel: caller pmc_core_probe+0xe3/0x260 mapping multiple BARs
Sep 24 08:20:26 pop-os kernel: intel_pmc_core INT33A1:00:  initialized
Sep 24 08:20:26 pop-os kernel: drop_monitor: Initializing network drop monitor service
Sep 24 08:20:26 pop-os kernel: NET: Registered PF_INET6 protocol family
Sep 24 08:20:26 pop-os kernel: Freeing initrd memory: 119128K
Sep 24 08:20:26 pop-os kernel: Segment Routing with IPv6
Sep 24 08:20:26 pop-os kernel: In-situ OAM (IOAM) with IPv6
Sep 24 08:20:26 pop-os kernel: NET: Registered PF_PACKET protocol family
Sep 24 08:20:26 pop-os kernel: Key type dns_resolver registered
Sep 24 08:20:26 pop-os kernel: microcode: Microcode Update Driver: v2.2.
Sep 24 08:20:26 pop-os kernel: IPI shorthand broadcast: enabled
Sep 24 08:20:26 pop-os kernel: sched_clock: Marking stable (744001453, 276346)->(750020148, -5742349)
Sep 24 08:20:26 pop-os kernel: registered taskstats version 1
Sep 24 08:20:26 pop-os kernel: Loading compiled-in X.509 certificates
Sep 24 08:20:26 pop-os kernel: Loaded X.509 cert 'Build time autogenerated kernel key: 3d2fb25b7fd2961f41ec9557f5c1618a1a83e229'
Sep 24 08:20:26 pop-os kernel: Loaded X.509 cert 'Canonical Ltd. Live Patch Signing: 14df34d1a87cf37625abec039ef2bf521249b969'
Sep 24 08:20:26 pop-os kernel: Loaded X.509 cert 'Canonical Ltd. Kernel Module Signing: 88f752e560a1e0737e31163a466ad7b70a850c19'
Sep 24 08:20:26 pop-os kernel: blacklist: Loading compiled-in revocation X.509 certificates
Sep 24 08:20:26 pop-os kernel: Loaded X.509 cert 'Canonical Ltd. Secure Boot Signing: 61482aa2830d0ab2ad5af10b7250da9033ddcef0'
Sep 24 08:20:26 pop-os kernel: Loaded X.509 cert 'Canonical Ltd. Secure Boot Signing (2017): 242ade75ac4a15e50d50c84b0d45ff3eae707a03'
Sep 24 08:20:26 pop-os kernel: Loaded X.509 cert 'Canonical Ltd. Secure Boot Signing (ESM 2018): 365188c1d374d6b07c3c8f240f8ef722433d6a8b'
Sep 24 08:20:26 pop-os kernel: Loaded X.509 cert 'Canonical Ltd. Secure Boot Signing (2019): c0746fd6c5da3ae827864651ad66ae47fe24b3e8'
Sep 24 08:20:26 pop-os kernel: Loaded X.509 cert 'Canonical Ltd. Secure Boot Signing (2021 v1): a8d54bbb3825cfb94fa13c9f8a594a195c107b8d'
Sep 24 08:20:26 pop-os kernel: Loaded X.509 cert 'Canonical Ltd. Secure Boot Signing (2021 v2): 4cf046892d6fd3c9a5b03f98d845f90851dc6a8c'
Sep 24 08:20:26 pop-os kernel: Loaded X.509 cert 'Canonical Ltd. Secure Boot Signing (2021 v3): 100437bb6de6e469b581e61cd66bce3ef4ed53af'
Sep 24 08:20:26 pop-os kernel: Loaded X.509 cert 'Canonical Ltd. Secure Boot Signing (Ubuntu Core 2019): c1d57b8f6b743f23ee41f4f7ee292f06eecadfb9'
Sep 24 08:20:26 pop-os kernel: Key type .fscrypt registered
Sep 24 08:20:26 pop-os kernel: Key type fscrypt-provisioning registered
Sep 24 08:20:26 pop-os kernel: Key type encrypted registered
Sep 24 08:20:26 pop-os kernel: AppArmor: AppArmor sha1 policy hashing enabled
Sep 24 08:20:26 pop-os kernel: ima: No TPM chip found, activating TPM-bypass!
Sep 24 08:20:26 pop-os kernel: Loading compiled-in module X.509 certificates
Sep 24 08:20:26 pop-os kernel: Loaded X.509 cert 'Build time autogenerated kernel key: 3d2fb25b7fd2961f41ec9557f5c1618a1a83e229'
Sep 24 08:20:26 pop-os kernel: ima: Allocated hash algorithm: sha1
Sep 24 08:20:26 pop-os kernel: ima: No architecture policies found
Sep 24 08:20:26 pop-os kernel: evm: Initialising EVM extended attributes:
Sep 24 08:20:26 pop-os kernel: evm: security.selinux
Sep 24 08:20:26 pop-os kernel: evm: security.SMACK64
Sep 24 08:20:26 pop-os kernel: evm: security.SMACK64EXEC
Sep 24 08:20:26 pop-os kernel: evm: security.SMACK64TRANSMUTE
Sep 24 08:20:26 pop-os kernel: evm: security.SMACK64MMAP
Sep 24 08:20:26 pop-os kernel: evm: security.apparmor
Sep 24 08:20:26 pop-os kernel: evm: security.ima
Sep 24 08:20:26 pop-os kernel: evm: security.capability
Sep 24 08:20:26 pop-os kernel: evm: HMAC attrs: 0x1
Sep 24 08:20:26 pop-os kernel: PM:   Magic number: 7:727:317
Sep 24 08:20:26 pop-os kernel: tty tty42: hash matches
Sep 24 08:20:26 pop-os kernel: reg-dummy reg-dummy: hash matches
Sep 24 08:20:26 pop-os kernel: memory memory171: hash matches
Sep 24 08:20:26 pop-os kernel: RAS: Correctable Errors collector initialized.
Sep 24 08:20:26 pop-os kernel: clk: Disabling unused clocks
Sep 24 08:20:26 pop-os kernel: Freeing unused decrypted memory: 2036K
Sep 24 08:20:26 pop-os kernel: Freeing unused kernel image (initmem) memory: 4716K
Sep 24 08:20:26 pop-os kernel: Write protecting the kernel read-only data: 34816k
Sep 24 08:20:26 pop-os kernel: Freeing unused kernel image (rodata/data gap) memory: 1436K
Sep 24 08:20:26 pop-os kernel: x86/mm: Checked W+X mappings: passed, no W+X pages found.
Sep 24 08:20:26 pop-os kernel: x86/mm: Checking user space page tables
Sep 24 08:20:26 pop-os kernel: x86/mm: Checked W+X mappings: passed, no W+X pages found.
Sep 24 08:20:26 pop-os kernel: Run /init as init process
Sep 24 08:20:26 pop-os kernel:   with arguments:
Sep 24 08:20:26 pop-os kernel:     /init
Sep 24 08:20:26 pop-os kernel:     splash
Sep 24 08:20:26 pop-os kernel:   with environment:
Sep 24 08:20:26 pop-os kernel:     HOME=/
Sep 24 08:20:26 pop-os kernel:     TERM=linux
Sep 24 08:20:26 pop-os kernel: xhci_hcd 0000:00:14.0: xHCI Host Controller
Sep 24 08:20:26 pop-os kernel: xhci_hcd 0000:00:14.0: new USB bus registered, assigned bus number 1
Sep 24 08:20:26 pop-os kernel: xhci_hcd 0000:00:14.0: hcc params 0x200077c1 hci version 0x100 quirks 0x0000000000009810
Sep 24 08:20:26 pop-os kernel: xhci_hcd 0000:00:14.0: xHCI Host Controller
Sep 24 08:20:26 pop-os kernel: xhci_hcd 0000:00:14.0: new USB bus registered, assigned bus number 2
Sep 24 08:20:26 pop-os kernel: xhci_hcd 0000:00:14.0: Host supports USB 3.0 SuperSpeed
Sep 24 08:20:26 pop-os kernel: usb usb1: New USB device found, idVendor=1d6b, idProduct=0002, bcdDevice= 6.04
Sep 24 08:20:26 pop-os kernel: usb usb1: New USB device strings: Mfr=3, Product=2, SerialNumber=1
Sep 24 08:20:26 pop-os kernel: usb usb1: Product: xHCI Host Controller
Sep 24 08:20:26 pop-os kernel: usb usb1: Manufacturer: Linux 6.4.6-76060406-generic xhci-hcd
Sep 24 08:20:26 pop-os kernel: usb usb1: SerialNumber: 0000:00:14.0
Sep 24 08:20:26 pop-os kernel: hub 1-0:1.0: USB hub found
Sep 24 08:20:26 pop-os kernel: hub 1-0:1.0: 16 ports detected
Sep 24 08:20:26 pop-os kernel: intel-lpss 0000:00:15.0: enabling device (0000 -> 0002)
Sep 24 08:20:26 pop-os kernel: ahci 0000:00:17.0: version 3.0
Sep 24 08:20:26 pop-os kernel: idma64 idma64.0: Found Intel integrated DMA 64-bit
Sep 24 08:20:26 pop-os kernel: i801_smbus 0000:00:1f.4: SMBus using PCI interrupt
Sep 24 08:20:26 pop-os kernel: pci 0000:00:1f.1: [8086:a2a0] type 00 class 0x058000
Sep 24 08:20:26 pop-os kernel: pci 0000:00:1f.1: reg 0x10: [mem 0xfd000000-0xfdffffff 64bit]
Sep 24 08:20:26 pop-os kernel: usb usb2: New USB device found, idVendor=1d6b, idProduct=0003, bcdDevice= 6.04
Sep 24 08:20:26 pop-os kernel: usb usb2: New USB device strings: Mfr=3, Product=2, SerialNumber=1
Sep 24 08:20:26 pop-os kernel: usb usb2: Product: xHCI Host Controller
Sep 24 08:20:26 pop-os kernel: usb usb2: Manufacturer: Linux 6.4.6-76060406-generic xhci-hcd
Sep 24 08:20:26 pop-os kernel: usb usb2: SerialNumber: 0000:00:14.0
Sep 24 08:20:26 pop-os kernel: hub 2-0:1.0: USB hub found
Sep 24 08:20:26 pop-os kernel: hub 2-0:1.0: 10 ports detected
Sep 24 08:20:26 pop-os kernel: xhci_hcd 0000:01:00.2: xHCI Host Controller
Sep 24 08:20:26 pop-os kernel: xhci_hcd 0000:01:00.2: new USB bus registered, assigned bus number 3
Sep 24 08:20:26 pop-os kernel: xhci_hcd 0000:01:00.2: hcc params 0x0180ff05 hci version 0x110 quirks 0x0000000000000010
Sep 24 08:20:26 pop-os kernel: xhci_hcd 0000:01:00.2: xHCI Host Controller
Sep 24 08:20:26 pop-os kernel: xhci_hcd 0000:01:00.2: new USB bus registered, assigned bus number 4
Sep 24 08:20:26 pop-os kernel: xhci_hcd 0000:01:00.2: Host supports USB 3.1 Enhanced SuperSpeed
Sep 24 08:20:26 pop-os kernel: usb usb3: New USB device found, idVendor=1d6b, idProduct=0002, bcdDevice= 6.04
Sep 24 08:20:26 pop-os kernel: usb usb3: New USB device strings: Mfr=3, Product=2, SerialNumber=1
Sep 24 08:20:26 pop-os kernel: usb usb3: Product: xHCI Host Controller
Sep 24 08:20:26 pop-os kernel: usb usb3: Manufacturer: Linux 6.4.6-76060406-generic xhci-hcd
Sep 24 08:20:26 pop-os kernel: usb usb3: SerialNumber: 0000:01:00.2
Sep 24 08:20:26 pop-os kernel: hub 3-0:1.0: USB hub found
Sep 24 08:20:26 pop-os kernel: hub 3-0:1.0: 2 ports detected
Sep 24 08:20:26 pop-os kernel: usb usb4: We don't know the algorithms for LPM for this host, disabling LPM.
Sep 24 08:20:26 pop-os kernel: usb usb4: New USB device found, idVendor=1d6b, idProduct=0003, bcdDevice= 6.04
Sep 24 08:20:26 pop-os kernel: usb usb4: New USB device strings: Mfr=3, Product=2, SerialNumber=1
Sep 24 08:20:26 pop-os kernel: usb usb4: Product: xHCI Host Controller
Sep 24 08:20:26 pop-os kernel: usb usb4: Manufacturer: Linux 6.4.6-76060406-generic xhci-hcd
Sep 24 08:20:26 pop-os kernel: usb usb4: SerialNumber: 0000:01:00.2
Sep 24 08:20:26 pop-os kernel: hub 4-0:1.0: USB hub found
Sep 24 08:20:26 pop-os kernel: hub 4-0:1.0: 4 ports detected
Sep 24 08:20:26 pop-os kernel: e1000e: Intel(R) PRO/1000 Network Driver
Sep 24 08:20:26 pop-os kernel: e1000e: Copyright(c) 1999 - 2015 Intel Corporation.
Sep 24 08:20:26 pop-os kernel: xhci_hcd 0000:04:00.0: xHCI Host Controller
Sep 24 08:20:26 pop-os kernel: xhci_hcd 0000:04:00.0: new USB bus registered, assigned bus number 5
Sep 24 08:20:26 pop-os kernel: cryptd: max_cpu_qlen set to 1000
Sep 24 08:20:26 pop-os kernel: i2c i2c-0: 4/4 memory slots populated (from DMI)
Sep 24 08:20:26 pop-os kernel: i2c i2c-0: Successfully instantiated SPD at 0x50
Sep 24 08:20:26 pop-os kernel: i2c i2c-0: Successfully instantiated SPD at 0x51
Sep 24 08:20:26 pop-os kernel: i2c i2c-0: Successfully instantiated SPD at 0x52
Sep 24 08:20:26 pop-os kernel: ahci 0000:00:17.0: AHCI 0001.0301 32 slots 4 ports 6 Gbps 0xf impl SATA mode
Sep 24 08:20:26 pop-os kernel: ahci 0000:00:17.0: flags: 64bit ncq sntf led clo only pio slum part ems deso sadm sds apst 
Sep 24 08:20:26 pop-os kernel: e1000e 0000:00:1f.6: Interrupt Throttling Rate (ints/sec) set to dynamic conservative mode
Sep 24 08:20:26 pop-os kernel: i2c i2c-0: Successfully instantiated SPD at 0x53
Sep 24 08:20:26 pop-os kernel: AVX2 version of gcm_enc/dec engaged.
Sep 24 08:20:26 pop-os kernel: AES CTR mode by8 optimization enabled
Sep 24 08:20:26 pop-os kernel: intel-lpss 0000:00:15.1: enabling device (0000 -> 0002)
Sep 24 08:20:26 pop-os kernel: nvme nvme0: pci function 0000:02:00.0
Sep 24 08:20:26 pop-os kernel: nvme nvme1: pci function 0000:06:00.0
Sep 24 08:20:26 pop-os kernel: idma64 idma64.1: Found Intel integrated DMA 64-bit
Sep 24 08:20:26 pop-os kernel: intel-lpss 0000:00:1e.0: enabling device (0000 -> 0002)
Sep 24 08:20:26 pop-os kernel: idma64 idma64.2: Found Intel integrated DMA 64-bit
Sep 24 08:20:26 pop-os kernel: nvme nvme0: 8/0/0 default/read/poll queues
Sep 24 08:20:26 pop-os kernel:  nvme0n1: p1 p2 p3
Sep 24 08:20:26 pop-os kernel: nvme nvme1: Shutdown timeout set to 8 seconds
Sep 24 08:20:26 pop-os kernel: nvme nvme1: allocated 64 MiB host memory buffer.
Sep 24 08:20:26 pop-os kernel: scsi host0: ahci
Sep 24 08:20:26 pop-os kernel: scsi host1: ahci
Sep 24 08:20:26 pop-os kernel: scsi host2: ahci
Sep 24 08:20:26 pop-os kernel: scsi host3: ahci
Sep 24 08:20:26 pop-os kernel: ata1: SATA max UDMA/133 abar m2048@0xdf54c000 port 0xdf54c100 irq 128
Sep 24 08:20:26 pop-os kernel: ata2: SATA max UDMA/133 abar m2048@0xdf54c000 port 0xdf54c180 irq 128
Sep 24 08:20:26 pop-os kernel: ata3: SATA max UDMA/133 abar m2048@0xdf54c000 port 0xdf54c200 irq 128
Sep 24 08:20:26 pop-os kernel: ata4: SATA max UDMA/133 abar m2048@0xdf54c000 port 0xdf54c280 irq 128
Sep 24 08:20:26 pop-os kernel: xhci_hcd 0000:04:00.0: hcc params 0x0200ef80 hci version 0x110 quirks 0x0000000000800010
Sep 24 08:20:26 pop-os kernel: xhci_hcd 0000:04:00.0: xHCI Host Controller
Sep 24 08:20:26 pop-os kernel: xhci_hcd 0000:04:00.0: new USB bus registered, assigned bus number 6
Sep 24 08:20:26 pop-os kernel: xhci_hcd 0000:04:00.0: Host supports USB 3.1 Enhanced SuperSpeed
Sep 24 08:20:26 pop-os kernel: usb usb5: New USB device found, idVendor=1d6b, idProduct=0002, bcdDevice= 6.04
Sep 24 08:20:26 pop-os kernel: usb usb5: New USB device strings: Mfr=3, Product=2, SerialNumber=1
Sep 24 08:20:26 pop-os kernel: usb usb5: Product: xHCI Host Controller
Sep 24 08:20:26 pop-os kernel: usb usb5: Manufacturer: Linux 6.4.6-76060406-generic xhci-hcd
Sep 24 08:20:26 pop-os kernel: usb usb5: SerialNumber: 0000:04:00.0
Sep 24 08:20:26 pop-os kernel: hub 5-0:1.0: USB hub found
Sep 24 08:20:26 pop-os kernel: hub 5-0:1.0: 2 ports detected
Sep 24 08:20:26 pop-os kernel: usb usb6: We don't know the algorithms for LPM for this host, disabling LPM.
Sep 24 08:20:26 pop-os kernel: usb usb6: New USB device found, idVendor=1d6b, idProduct=0003, bcdDevice= 6.04
Sep 24 08:20:26 pop-os kernel: usb usb6: New USB device strings: Mfr=3, Product=2, SerialNumber=1
Sep 24 08:20:26 pop-os kernel: usb usb6: Product: xHCI Host Controller
Sep 24 08:20:26 pop-os kernel: usb usb6: Manufacturer: Linux 6.4.6-76060406-generic xhci-hcd
Sep 24 08:20:26 pop-os kernel: usb usb6: SerialNumber: 0000:04:00.0
Sep 24 08:20:26 pop-os kernel: hub 6-0:1.0: USB hub found
Sep 24 08:20:26 pop-os kernel: hub 6-0:1.0: 2 ports detected
Sep 24 08:20:26 pop-os kernel: nvme nvme1: 8/0/0 default/read/poll queues
Sep 24 08:20:26 pop-os kernel:  nvme1n1: p1 p2 p3
Sep 24 08:20:26 pop-os kernel: usb 1-7: new full-speed USB device number 2 using xhci_hcd
Sep 24 08:20:26 pop-os kernel: tsc: Refined TSC clocksource calibration: 4199.996 MHz
Sep 24 08:20:26 pop-os kernel: clocksource: tsc: mask: 0xffffffffffffffff max_cycles: 0x3c8a5dbeece, max_idle_ns: 440795356272 ns
Sep 24 08:20:26 pop-os kernel: clocksource: Switched to clocksource tsc
Sep 24 08:20:26 pop-os kernel: ata4: SATA link up 6.0 Gbps (SStatus 133 SControl 300)
Sep 24 08:20:26 pop-os kernel: ata1: SATA link up 6.0 Gbps (SStatus 133 SControl 300)
Sep 24 08:20:26 pop-os kernel: ata3: SATA link down (SStatus 4 SControl 300)
Sep 24 08:20:26 pop-os kernel: ata2: SATA link up 6.0 Gbps (SStatus 133 SControl 300)
Sep 24 08:20:26 pop-os kernel: ata4.00: ACPI cmd f5/00:00:00:00:00:00(SECURITY FREEZE LOCK) filtered out
Sep 24 08:20:26 pop-os kernel: ata4.00: ACPI cmd b1/c1:00:00:00:00:00(DEVICE CONFIGURATION OVERLAY) filtered out
Sep 24 08:20:26 pop-os kernel: ata1.00: ACPI cmd f5/00:00:00:00:00:00(SECURITY FREEZE LOCK) filtered out
Sep 24 08:20:26 pop-os kernel: ata1.00: ACPI cmd b1/c1:00:00:00:00:00(DEVICE CONFIGURATION OVERLAY) filtered out
Sep 24 08:20:26 pop-os kernel: ata2.00: ACPI cmd f5/00:00:00:00:00:00(SECURITY FREEZE LOCK) filtered out
Sep 24 08:20:26 pop-os kernel: ata2.00: ACPI cmd b1/c1:00:00:00:00:00(DEVICE CONFIGURATION OVERLAY) filtered out
Sep 24 08:20:26 pop-os kernel: ata2.00: supports DRM functions and may not be fully accessible
Sep 24 08:20:26 pop-os kernel: ata2.00: ATA-9: Samsung SSD 850 EVO 250GB, EMT02B6Q, max UDMA/133
Sep 24 08:20:26 pop-os kernel: ata4.00: ATA-10: WDC WD60EZAZ-00SF3B0, 80.00A80, max UDMA/133
Sep 24 08:20:26 pop-os kernel: ata1.00: supports DRM functions and may not be fully accessible
Sep 24 08:20:26 pop-os kernel: ata1.00: ATA-9: Samsung SSD 850 EVO 500GB, EMT03B6Q, max UDMA/133
Sep 24 08:20:26 pop-os kernel: ata2.00: 488397168 sectors, multi 1: LBA48 NCQ (depth 32), AA
Sep 24 08:20:26 pop-os kernel: ata1.00: 976773168 sectors, multi 1: LBA48 NCQ (depth 32), AA
Sep 24 08:20:26 pop-os kernel: ata2.00: Features: Trust Dev-Sleep NCQ-sndrcv
Sep 24 08:20:26 pop-os kernel: ata1.00: Features: Trust Dev-Sleep NCQ-sndrcv
Sep 24 08:20:26 pop-os kernel: ata2.00: ACPI cmd f5/00:00:00:00:00:00(SECURITY FREEZE LOCK) filtered out
Sep 24 08:20:26 pop-os kernel: ata2.00: ACPI cmd b1/c1:00:00:00:00:00(DEVICE CONFIGURATION OVERLAY) filtered out
Sep 24 08:20:26 pop-os kernel: ata2.00: supports DRM functions and may not be fully accessible
Sep 24 08:20:26 pop-os kernel: ata1.00: ACPI cmd f5/00:00:00:00:00:00(SECURITY FREEZE LOCK) filtered out
Sep 24 08:20:26 pop-os kernel: ata1.00: ACPI cmd b1/c1:00:00:00:00:00(DEVICE CONFIGURATION OVERLAY) filtered out
Sep 24 08:20:26 pop-os kernel: ata1.00: supports DRM functions and may not be fully accessible
Sep 24 08:20:26 pop-os kernel: ata4.00: 11721045168 sectors, multi 16: LBA48 NCQ (depth 32), AA
Sep 24 08:20:26 pop-os kernel: ata4.00: Features: NCQ-prio
Sep 24 08:20:26 pop-os kernel: ata4.00: ACPI cmd f5/00:00:00:00:00:00(SECURITY FREEZE LOCK) filtered out
Sep 24 08:20:26 pop-os kernel: ata4.00: ACPI cmd b1/c1:00:00:00:00:00(DEVICE CONFIGURATION OVERLAY) filtered out
Sep 24 08:20:26 pop-os kernel: ata2.00: configured for UDMA/133
Sep 24 08:20:26 pop-os kernel: ata1.00: configured for UDMA/133
Sep 24 08:20:26 pop-os kernel: scsi 0:0:0:0: Direct-Access     ATA      Samsung SSD 850  3B6Q PQ: 0 ANSI: 5
Sep 24 08:20:26 pop-os kernel: sd 0:0:0:0: Attached scsi generic sg0 type 0
Sep 24 08:20:26 pop-os kernel: sd 0:0:0:0: [sda] 976773168 512-byte logical blocks: (500 GB/466 GiB)
Sep 24 08:20:26 pop-os kernel: sd 0:0:0:0: [sda] Write Protect is off
Sep 24 08:20:26 pop-os kernel: sd 0:0:0:0: [sda] Mode Sense: 00 3a 00 00
Sep 24 08:20:26 pop-os kernel: sd 0:0:0:0: [sda] Write cache: enabled, read cache: enabled, doesn't support DPO or FUA
Sep 24 08:20:26 pop-os kernel: scsi 1:0:0:0: Direct-Access     ATA      Samsung SSD 850  2B6Q PQ: 0 ANSI: 5
Sep 24 08:20:26 pop-os kernel: sd 0:0:0:0: [sda] Preferred minimum I/O size 512 bytes
Sep 24 08:20:26 pop-os kernel: sd 1:0:0:0: Attached scsi generic sg1 type 0
Sep 24 08:20:26 pop-os kernel: sd 1:0:0:0: [sdb] 488397168 512-byte logical blocks: (250 GB/233 GiB)
Sep 24 08:20:26 pop-os kernel: sd 1:0:0:0: [sdb] Write Protect is off
Sep 24 08:20:26 pop-os kernel: sd 1:0:0:0: [sdb] Mode Sense: 00 3a 00 00
Sep 24 08:20:26 pop-os kernel: sd 1:0:0:0: [sdb] Write cache: enabled, read cache: enabled, doesn't support DPO or FUA
Sep 24 08:20:26 pop-os kernel: sd 1:0:0:0: [sdb] Preferred minimum I/O size 512 bytes
Sep 24 08:20:26 pop-os kernel: ata4.00: configured for UDMA/133
Sep 24 08:20:26 pop-os kernel: scsi 3:0:0:0: Direct-Access     ATA      WDC WD60EZAZ-00S 0A80 PQ: 0 ANSI: 5
Sep 24 08:20:26 pop-os kernel: sd 3:0:0:0: Attached scsi generic sg2 type 0
Sep 24 08:20:26 pop-os kernel: sd 3:0:0:0: [sdc] 11721045168 512-byte logical blocks: (6.00 TB/5.46 TiB)
Sep 24 08:20:26 pop-os kernel: sd 3:0:0:0: [sdc] 4096-byte physical blocks
Sep 24 08:20:26 pop-os kernel: sd 3:0:0:0: [sdc] Write Protect is off
Sep 24 08:20:26 pop-os kernel: sd 3:0:0:0: [sdc] Mode Sense: 00 3a 00 00
Sep 24 08:20:26 pop-os kernel: sd 3:0:0:0: [sdc] Write cache: enabled, read cache: enabled, doesn't support DPO or FUA
Sep 24 08:20:26 pop-os kernel:  sda: sda1 sda2
Sep 24 08:20:26 pop-os kernel: sd 3:0:0:0: [sdc] Preferred minimum I/O size 4096 bytes
Sep 24 08:20:26 pop-os kernel:  sdb: sdb1
Sep 24 08:20:26 pop-os kernel: sd 1:0:0:0: [sdb] supports TCG Opal
Sep 24 08:20:26 pop-os kernel: sd 1:0:0:0: [sdb] Attached SCSI disk
Sep 24 08:20:26 pop-os kernel: sd 0:0:0:0: [sda] supports TCG Opal
Sep 24 08:20:26 pop-os kernel: sd 0:0:0:0: [sda] Attached SCSI disk
Sep 24 08:20:26 pop-os kernel: e1000e 0000:00:1f.6 0000:00:1f.6 (uninitialized): registered PHC clock
Sep 24 08:20:26 pop-os kernel:  sdc: sdc1 sdc2 sdc3
Sep 24 08:20:26 pop-os kernel: sd 3:0:0:0: [sdc] Attached SCSI disk
Sep 24 08:20:26 pop-os kernel: usb 1-7: New USB device found, idVendor=8087, idProduct=0032, bcdDevice= 0.00
Sep 24 08:20:26 pop-os kernel: usb 1-7: New USB device strings: Mfr=0, Product=0, SerialNumber=0
Sep 24 08:20:26 pop-os kernel: e1000e 0000:00:1f.6 eth0: (PCI Express:2.5GT/s:Width x1) 30:9c:23:47:15:83
Sep 24 08:20:26 pop-os kernel: e1000e 0000:00:1f.6 eth0: Intel(R) PRO/1000 Network Connection
Sep 24 08:20:26 pop-os kernel: e1000e 0000:00:1f.6 eth0: MAC: 12, PHY: 12, PBA No: FFFFFF-0FF
Sep 24 08:20:26 pop-os kernel: e1000e 0000:00:1f.6 enp0s31f6: renamed from eth0
Sep 24 08:20:26 pop-os kernel: usb 2-7: new SuperSpeed USB device number 2 using xhci_hcd
Sep 24 08:20:26 pop-os kernel: usb 2-7: New USB device found, idVendor=090c, idProduct=1000, bcdDevice=11.00
Sep 24 08:20:26 pop-os kernel: usb 2-7: New USB device strings: Mfr=1, Product=2, SerialNumber=3
Sep 24 08:20:26 pop-os kernel: usb 2-7: Product: Flash Drive
Sep 24 08:20:26 pop-os kernel: usb 2-7: Manufacturer: Samsung
Sep 24 08:20:26 pop-os kernel: usb 2-7: SerialNumber: 0317522030003710
Sep 24 08:20:26 pop-os kernel: usb 1-9: new high-speed USB device number 3 using xhci_hcd
Sep 24 08:20:26 pop-os kernel: usb-storage 2-7:1.0: USB Mass Storage device detected
Sep 24 08:20:26 pop-os kernel: scsi host4: usb-storage 2-7:1.0
Sep 24 08:20:26 pop-os kernel: usbcore: registered new interface driver usb-storage
Sep 24 08:20:26 pop-os kernel: usbcore: registered new interface driver uas
Sep 24 08:20:26 pop-os kernel: usb 1-9: New USB device found, idVendor=1a40, idProduct=0101, bcdDevice= 1.11
Sep 24 08:20:26 pop-os kernel: usb 1-9: New USB device strings: Mfr=0, Product=1, SerialNumber=0
Sep 24 08:20:26 pop-os kernel: usb 1-9: Product: USB 2.0 Hub
Sep 24 08:20:26 pop-os kernel: hub 1-9:1.0: USB hub found
Sep 24 08:20:26 pop-os kernel: hub 1-9:1.0: 4 ports detected
Sep 24 08:20:26 pop-os kernel: usb 1-9.2: new high-speed USB device number 4 using xhci_hcd
Sep 24 08:20:26 pop-os kernel: usb 1-9.2: New USB device found, idVendor=214b, idProduct=7250, bcdDevice= 1.00
Sep 24 08:20:26 pop-os kernel: usb 1-9.2: New USB device strings: Mfr=0, Product=1, SerialNumber=0
Sep 24 08:20:26 pop-os kernel: usb 1-9.2: Product: USB2.0 HUB
Sep 24 08:20:26 pop-os kernel: hub 1-9.2:1.0: USB hub found
Sep 24 08:20:26 pop-os kernel: hub 1-9.2:1.0: 4 ports detected
Sep 24 08:20:26 pop-os kernel: usb 1-9.3: new full-speed USB device number 5 using xhci_hcd
Sep 24 08:20:26 pop-os kernel: usb 1-9.3: New USB device found, idVendor=1532, idProduct=021e, bcdDevice= 2.00
Sep 24 08:20:26 pop-os kernel: usb 1-9.3: New USB device strings: Mfr=1, Product=2, SerialNumber=0
Sep 24 08:20:26 pop-os kernel: usb 1-9.3: Product: Razer Ornata Chroma
Sep 24 08:20:26 pop-os kernel: usb 1-9.3: Manufacturer: Razer
Sep 24 08:20:26 pop-os kernel: hid: raw HID events driver (C) Jiri Kosina
Sep 24 08:20:26 pop-os kernel: usb 1-9.2.1: new full-speed USB device number 6 using xhci_hcd
Sep 24 08:20:26 pop-os kernel: usb 1-9.2.1: New USB device found, idVendor=03f0, idProduct=028c, bcdDevice=61.02
Sep 24 08:20:26 pop-os kernel: usb 1-9.2.1: New USB device strings: Mfr=1, Product=2, SerialNumber=0
Sep 24 08:20:26 pop-os kernel: usb 1-9.2.1: Product: HyperX QuadCast S
Sep 24 08:20:26 pop-os kernel: usb 1-9.2.1: Manufacturer: HP, Inc
Sep 24 08:20:26 pop-os kernel: usbhid 1-9.2.1:1.0: couldn't find an input interrupt endpoint
Sep 24 08:20:26 pop-os kernel: usbcore: registered new interface driver usbhid
Sep 24 08:20:26 pop-os kernel: usbhid: USB HID core driver
Sep 24 08:20:26 pop-os kernel: usb 1-9.4: new full-speed USB device number 7 using xhci_hcd
Sep 24 08:20:26 pop-os kernel: usb 1-9.4: not running at top speed; connect to a high speed hub
Sep 24 08:20:26 pop-os kernel: usb 1-9.4: New USB device found, idVendor=1e7d, idProduct=2e24, bcdDevice= 1.00
Sep 24 08:20:26 pop-os kernel: usb 1-9.4: New USB device strings: Mfr=1, Product=2, SerialNumber=0
Sep 24 08:20:26 pop-os kernel: usb 1-9.4: Product: ROCCAT Kone EMP
Sep 24 08:20:26 pop-os kernel: usb 1-9.4: Manufacturer: ROCCAT
Sep 24 08:20:26 pop-os kernel: input: Razer Razer Ornata Chroma as /devices/pci0000:00/0000:00:14.0/usb1/1-9/1-9.3/1-9.3:1.0/0003:1532:021E.0001/input/input3
Sep 24 08:20:26 pop-os kernel: hid-generic 0003:1532:021E.0001: input,hidraw0: USB HID v1.11 Keyboard [Razer Razer Ornata Chroma] on usb-0000:00:14.0-9.3/input0
Sep 24 08:20:26 pop-os kernel: input: Razer Razer Ornata Chroma Keyboard as /devices/pci0000:00/0000:00:14.0/usb1/1-9/1-9.3/1-9.3:1.1/0003:1532:021E.0002/input/input4
Sep 24 08:20:26 pop-os kernel: usb 1-9.2.4: new full-speed USB device number 8 using xhci_hcd
Sep 24 08:20:26 pop-os kernel: input: Razer Razer Ornata Chroma as /devices/pci0000:00/0000:00:14.0/usb1/1-9/1-9.3/1-9.3:1.1/0003:1532:021E.0002/input/input5
Sep 24 08:20:26 pop-os kernel: hid-generic 0003:1532:021E.0002: input,hidraw1: USB HID v1.11 Keyboard [Razer Razer Ornata Chroma] on usb-0000:00:14.0-9.3/input1
Sep 24 08:20:26 pop-os kernel: input: Razer Razer Ornata Chroma as /devices/pci0000:00/0000:00:14.0/usb1/1-9/1-9.3/1-9.3:1.2/0003:1532:021E.0003/input/input6
Sep 24 08:20:26 pop-os kernel: hid-generic 0003:1532:021E.0003: input,hidraw2: USB HID v1.11 Mouse [Razer Razer Ornata Chroma] on usb-0000:00:14.0-9.3/input2
Sep 24 08:20:26 pop-os kernel: input: HP, Inc HyperX QuadCast S Consumer Control as /devices/pci0000:00/0000:00:14.0/usb1/1-9/1-9.2/1-9.2.1/1-9.2.1:1.1/0003:03F0:028C.0004/input/input7
Sep 24 08:20:26 pop-os kernel: usb 1-9.2.4: New USB device found, idVendor=03f0, idProduct=0294, bcdDevice=41.01
Sep 24 08:20:26 pop-os kernel: usb 1-9.2.4: New USB device strings: Mfr=1, Product=2, SerialNumber=0
Sep 24 08:20:26 pop-os kernel: usb 1-9.2.4: Product: HyperX QuadCast S
Sep 24 08:20:26 pop-os kernel: usb 1-9.2.4: Manufacturer: HP, Inc
Sep 24 08:20:26 pop-os kernel: input: HP, Inc HyperX QuadCast S as /devices/pci0000:00/0000:00:14.0/usb1/1-9/1-9.2/1-9.2.1/1-9.2.1:1.1/0003:03F0:028C.0004/input/input8
Sep 24 08:20:26 pop-os kernel: input: HP, Inc HyperX QuadCast S as /devices/pci0000:00/0000:00:14.0/usb1/1-9/1-9.2/1-9.2.4/1-9.2.4:1.3/0003:03F0:0294.0007/input/input9
Sep 24 08:20:26 pop-os kernel: hid-generic 0003:03F0:028C.0004: input,hiddev0,hidraw3: USB HID v1.11 Device [HP, Inc HyperX QuadCast S] on usb-0000:00:14.0-9.2.1/input1
Sep 24 08:20:26 pop-os kernel: input: ROCCAT ROCCAT Kone EMP Mouse as /devices/pci0000:00/0000:00:14.0/usb1/1-9/1-9.4/1-9.4:1.0/0003:1E7D:2E24.0005/input/input10
Sep 24 08:20:26 pop-os kernel: hid-generic 0003:03F0:0294.0007: input,hidraw4: USB HID v1.11 Device [HP, Inc HyperX QuadCast S] on usb-0000:00:14.0-9.2.4/input3
Sep 24 08:20:26 pop-os kernel: input: ROCCAT ROCCAT Kone EMP Consumer Control as /devices/pci0000:00/0000:00:14.0/usb1/1-9/1-9.4/1-9.4:1.0/0003:1E7D:2E24.0005/input/input11
Sep 24 08:20:26 pop-os kernel: input: ROCCAT ROCCAT Kone EMP System Control as /devices/pci0000:00/0000:00:14.0/usb1/1-9/1-9.4/1-9.4:1.0/0003:1E7D:2E24.0005/input/input12
Sep 24 08:20:26 pop-os kernel: input: ROCCAT ROCCAT Kone EMP as /devices/pci0000:00/0000:00:14.0/usb1/1-9/1-9.4/1-9.4:1.0/0003:1E7D:2E24.0005/input/input13
Sep 24 08:20:26 pop-os kernel: hid-generic 0003:1E7D:2E24.0005: input,hiddev1,hidraw5: USB HID v1.11 Mouse [ROCCAT ROCCAT Kone EMP] on usb-0000:00:14.0-9.4/input0
Sep 24 08:20:26 pop-os kernel: input: ROCCAT ROCCAT Kone EMP as /devices/pci0000:00/0000:00:14.0/usb1/1-9/1-9.4/1-9.4:1.1/0003:1E7D:2E24.0006/input/input14
Sep 24 08:20:26 pop-os kernel: hid-generic 0003:1E7D:2E24.0006: input,hidraw6: USB HID v1.11 Keyboard [ROCCAT ROCCAT Kone EMP] on usb-0000:00:14.0-9.4/input1
Sep 24 08:20:26 pop-os kernel: scsi 4:0:0:0: Direct-Access     Samsung  Flash Drive      1100 PQ: 0 ANSI: 6
Sep 24 08:20:26 pop-os kernel: sd 4:0:0:0: Attached scsi generic sg3 type 0
Sep 24 08:20:26 pop-os kernel: sd 4:0:0:0: [sdd] 501253132 512-byte logical blocks: (257 GB/239 GiB)
Sep 24 08:20:26 pop-os kernel: sd 4:0:0:0: [sdd] Write Protect is off
Sep 24 08:20:26 pop-os kernel: sd 4:0:0:0: [sdd] Mode Sense: 43 00 00 00
Sep 24 08:20:26 pop-os kernel: sd 4:0:0:0: [sdd] Write cache: enabled, read cache: enabled, doesn't support DPO or FUA
Sep 24 08:20:26 pop-os kernel:  sdd: sdd1 sdd2
Sep 24 08:20:26 pop-os kernel: sd 4:0:0:0: [sdd] Attached SCSI removable disk
Sep 24 08:20:26 pop-os kernel: razerkbd: loading out-of-tree module taints kernel.
Sep 24 08:20:26 pop-os kernel: razerkbd: module verification failed: signature and/or required key missing - tainting kernel
Sep 24 08:20:26 pop-os kernel: input: Razer Razer Ornata Chroma as /devices/pci0000:00/0000:00:14.0/usb1/1-9/1-9.3/1-9.3:1.0/0003:1532:021E.0001/input/input15
Sep 24 08:20:26 pop-os kernel: razerkbd 0003:1532:021E.0001: input,hidraw0: USB HID v1.11 Keyboard [Razer Razer Ornata Chroma] on usb-0000:00:14.0-9.3/input0
Sep 24 08:20:26 pop-os kernel: input: Razer Razer Ornata Chroma as /devices/pci0000:00/0000:00:14.0/usb1/1-9/1-9.3/1-9.3:1.1/0003:1532:021E.0002/input/input16
Sep 24 08:20:26 pop-os kernel: razerkbd 0003:1532:021E.0002: input,hidraw1: USB HID v1.11 Keyboard [Razer Razer Ornata Chroma] on usb-0000:00:14.0-9.3/input1
Sep 24 08:20:26 pop-os kernel: input: Razer Razer Ornata Chroma as /devices/pci0000:00/0000:00:14.0/usb1/1-9/1-9.3/1-9.3:1.2/0003:1532:021E.0003/input/input17
Sep 24 08:20:26 pop-os kernel: razerkbd 0003:1532:021E.0003: input,hidraw2: USB HID v1.11 Mouse [Razer Razer Ornata Chroma] on usb-0000:00:14.0-9.3/input2
Sep 24 08:20:26 pop-os kernel: system76: Model does not utilize this driver
Sep 24 08:20:26 pop-os kernel: usbcore: registered new interface driver system76-io
Sep 24 08:20:26 pop-os kernel: raid6: avx2x4   gen() 39558 MB/s
Sep 24 08:20:26 pop-os kernel: raid6: avx2x2   gen() 53309 MB/s
Sep 24 08:20:26 pop-os kernel: raid6: avx2x1   gen() 43281 MB/s
Sep 24 08:20:26 pop-os kernel: raid6: using algorithm avx2x2 gen() 53309 MB/s
Sep 24 08:20:26 pop-os kernel: raid6: .... xor() 29740 MB/s, rmw enabled
Sep 24 08:20:26 pop-os kernel: raid6: using avx2x2 recovery algorithm
Sep 24 08:20:26 pop-os kernel: xor: automatically using best checksumming function   avx       
Sep 24 08:20:26 pop-os kernel: async_tx: api initialized (async)
Sep 24 08:20:26 pop-os kernel: Btrfs loaded, zoned=yes, fsverity=yes
Sep 24 08:20:26 pop-os kernel: BTRFS: device fsid 5023fe3c-89dd-431c-a2a3-f91e472e4fb8 devid 1 transid 619667 /dev/nvme1n1p3 scanned by btrfs (281)
Sep 24 08:20:26 pop-os kernel: BTRFS info (device nvme1n1p3): using crc32c (crc32c-intel) checksum algorithm
Sep 24 08:20:26 pop-os kernel: BTRFS info (device nvme1n1p3): using free space tree
Sep 24 08:20:26 pop-os kernel: BTRFS info (device nvme1n1p3): enabling ssd optimizations
Sep 24 08:20:26 pop-os kernel: BTRFS info (device nvme1n1p3): auto enabling async discard
Sep 24 08:20:26 pop-os systemd[1]: Inserted module 'autofs4'
Sep 24 08:20:26 pop-os systemd[1]: Successfully credited entropy passed from boot loader.
Sep 24 08:20:26 pop-os systemd[1]: systemd 249.11-0ubuntu3.9pop0~1694041276~22.04~a8269a8 running in system mode (+PAM +AUDIT +SELINUX +APPARMOR +IMA +SMACK +SECCOMP +GCRYPT +GNUTLS +OPENSSL +ACL +BLKID +CURL +ELFUTILS +FIDO2 +IDN2 -IDN +IPTC +KMOD +LIBCRYPTSETUP +LIBFDISK +PCRE2 -PWQUALITY -P11KIT -QRENCODE +BZIP2 +LZ4 +XZ +ZLIB +ZSTD -XKBCOMMON +UTMP +SYSVINIT default-hierarchy=unified)
Sep 24 08:20:26 pop-os systemd[1]: Detected architecture x86-64.
Sep 24 08:20:26 pop-os systemd[1]: Hostname set to <pop-os>.
Sep 24 08:20:26 pop-os kernel: memfd_create() without MFD_EXEC nor MFD_NOEXEC_SEAL, pid=1 'systemd'
Sep 24 08:20:26 pop-os kernel: block nvme1n1: the capability attribute has been deprecated.
Sep 24 08:20:26 pop-os systemd[1]: /run/systemd/generator/systemd-cryptsetup@nvme1n1p3.service:13: RequiresMountsFor= path is not absolute, ignoring: bitlk
Sep 24 08:20:26 pop-os systemd[1]: Queued start job for default target Graphical Interface.
Sep 24 08:20:26 pop-os systemd[1]: Created slice Virtual Machine and Container Slice.
Sep 24 08:20:26 pop-os systemd[1]: Created slice Slice /system/modprobe.
Sep 24 08:20:26 pop-os systemd[1]: Created slice Cryptsetup Units Slice.
Sep 24 08:20:26 pop-os systemd[1]: Created slice User and Session Slice.
Sep 24 08:20:26 pop-os systemd[1]: Started Forward Password Requests to Wall Directory Watch.
Sep 24 08:20:26 pop-os systemd[1]: Set up automount Arbitrary Executable File Formats File System Automount Point.
Sep 24 08:20:26 pop-os systemd[1]: Reached target User and Group Name Lookups.
Sep 24 08:20:26 pop-os systemd[1]: Reached target Remote File Systems.
Sep 24 08:20:26 pop-os systemd[1]: Reached target Slice Units.
Sep 24 08:20:26 pop-os systemd[1]: Reached target Mounting snaps.
Sep 24 08:20:26 pop-os systemd[1]: Reached target Swaps.
Sep 24 08:20:26 pop-os systemd[1]: Reached target System Time Set.
Sep 24 08:20:26 pop-os systemd[1]: Reached target Local Verity Protected Volumes.
Sep 24 08:20:26 pop-os systemd[1]: Reached target Libvirt guests shutdown.
Sep 24 08:20:26 pop-os systemd[1]: Listening on Device-mapper event daemon FIFOs.
Sep 24 08:20:26 pop-os systemd[1]: Listening on LVM2 poll daemon socket.
Sep 24 08:20:26 pop-os systemd[1]: Listening on Syslog Socket.
Sep 24 08:20:26 pop-os systemd[1]: Listening on initctl Compatibility Named Pipe.
Sep 24 08:20:26 pop-os systemd[1]: Listening on Journal Audit Socket.
Sep 24 08:20:26 pop-os systemd[1]: Listening on Journal Socket (/dev/log).
Sep 24 08:20:26 pop-os systemd[1]: Listening on Journal Socket.
Sep 24 08:20:26 pop-os systemd[1]: Listening on udev Control Socket.
Sep 24 08:20:26 pop-os systemd[1]: Listening on udev Kernel Socket.
Sep 24 08:20:26 pop-os systemd[1]: Mounting Huge Pages File System...
Sep 24 08:20:26 pop-os systemd[1]: Mounting POSIX Message Queue File System...
Sep 24 08:20:26 pop-os systemd[1]: Mounting Kernel Debug File System...
Sep 24 08:20:26 pop-os systemd[1]: Mounting Kernel Trace File System...
Sep 24 08:20:26 pop-os systemd[1]: Starting Journal Service...
Sep 24 08:20:26 pop-os systemd[1]: Finished Availability of block devices.
Sep 24 08:20:26 pop-os systemd[1]: Starting Set the console keyboard layout...
Sep 24 08:20:26 pop-os systemd[1]: Starting Create List of Static Device Nodes...
Sep 24 08:20:26 pop-os systemd[1]: Starting Monitoring of LVM2 mirrors, snapshots etc. using dmeventd or progress polling...
Sep 24 08:20:26 pop-os systemd[1]: Starting Load Kernel Module chromeos_pstore...
Sep 24 08:20:26 pop-os systemd[1]: Starting Load Kernel Module configfs...
Sep 24 08:20:26 pop-os systemd[1]: Starting Load Kernel Module drm...
Sep 24 08:20:26 pop-os systemd[1]: Starting Load Kernel Module efi_pstore...
Sep 24 08:20:26 pop-os systemd[1]: Starting Load Kernel Module fuse...
Sep 24 08:20:26 pop-os systemd[1]: Starting Load Kernel Module pstore_blk...
Sep 24 08:20:26 pop-os systemd[1]: Starting Load Kernel Module pstore_zone...
Sep 24 08:20:26 pop-os kernel: pstore: Using crash dump compression: deflate
Sep 24 08:20:26 pop-os systemd[1]: Starting Load Kernel Module ramoops...
Sep 24 08:20:26 pop-os systemd[1]: Started Nameserver information manager.
Sep 24 08:20:26 pop-os systemd[1]: Starting Load Kernel Modules...
Sep 24 08:20:26 pop-os systemd[1]: Starting Remount Root and Kernel File Systems...
Sep 24 08:20:26 pop-os systemd[1]: Starting Coldplug All udev Devices...
Sep 24 08:20:26 pop-os kernel: pstore: Registered efi_pstore as persistent store backend
Sep 24 08:20:26 pop-os systemd[1]: Mounted Huge Pages File System.
Sep 24 08:20:26 pop-os systemd[1]: Mounted POSIX Message Queue File System.
Sep 24 08:20:26 pop-os systemd[1]: Mounted Kernel Debug File System.
Sep 24 08:20:26 pop-os systemd[1]: Mounted Kernel Trace File System.
Sep 24 08:20:26 pop-os systemd[1]: Finished Create List of Static Device Nodes.
Sep 24 08:20:26 pop-os systemd[1]: modprobe@configfs.service: Deactivated successfully.
Sep 24 08:20:26 pop-os systemd[1]: Finished Load Kernel Module configfs.
Sep 24 08:20:26 pop-os systemd[1]: modprobe@efi_pstore.service: Deactivated successfully.
Sep 24 08:20:26 pop-os kernel: BTRFS info (device nvme1n1p3: state M): use zstd compression, level 3
Sep 24 08:20:26 pop-os systemd[1]: Finished Load Kernel Module efi_pstore.
Sep 24 08:20:26 pop-os systemd[1]: modprobe@fuse.service: Deactivated successfully.
Sep 24 08:20:26 pop-os systemd[1]: Finished Load Kernel Module fuse.
Sep 24 08:20:26 pop-os systemd[1]: modprobe@pstore_blk.service: Deactivated successfully.
Sep 24 08:20:26 pop-os systemd[1]: Finished Load Kernel Module pstore_blk.
Sep 24 08:20:26 pop-os systemd[1]: modprobe@pstore_zone.service: Deactivated successfully.
Sep 24 08:20:26 pop-os systemd[1]: Finished Load Kernel Module pstore_zone.
Sep 24 08:20:26 pop-os systemd[1]: modprobe@ramoops.service: Deactivated successfully.
Sep 24 08:20:26 pop-os systemd[1]: Finished Load Kernel Module ramoops.
Sep 24 08:20:26 pop-os systemd[1]: Finished Remount Root and Kernel File Systems.
Sep 24 08:20:26 pop-os systemd[1]: Mounting FUSE Control File System...
Sep 24 08:20:26 pop-os systemd[1]: Mounting Kernel Configuration File System...
Sep 24 08:20:26 pop-os systemd[1]: Starting Load/Save Random Seed...
Sep 24 08:20:26 pop-os systemd[1]: Starting Create System Users...
Sep 24 08:20:26 pop-os systemd[1]: Mounted FUSE Control File System.
Sep 24 08:20:26 pop-os systemd[1]: Mounted Kernel Configuration File System.
Sep 24 08:20:26 pop-os systemd-journald[367]: Journal started
Sep 24 08:20:26 pop-os systemd-journald[367]: Runtime Journal (/run/log/journal/cc5237b61e65f506bb1120f0639693d7) is 8.0M, max 320.4M, 312.4M free.
Sep 24 08:20:26 pop-os systemd[1]: Started Journal Service.
Sep 24 08:20:26 pop-os systemd[1]: Starting Flush Journal to Persistent Storage...
Sep 24 08:20:26 pop-os systemd[1]: modprobe@chromeos_pstore.service: Deactivated successfully.
Sep 24 08:20:26 pop-os systemd[1]: Finished Load Kernel Module chromeos_pstore.
Sep 24 08:20:26 pop-os systemd[1]: modprobe@drm.service: Deactivated successfully.
Sep 24 08:20:26 pop-os systemd[1]: Finished Load Kernel Module drm.
Sep 24 08:20:26 pop-os systemd[1]: Finished Set the console keyboard layout.
Sep 24 08:20:26 pop-os systemd[1]: Condition check resulted in Platform Persistent Storage Archival being skipped.
Sep 24 08:20:26 pop-os systemd[1]: Finished Load/Save Random Seed.
Sep 24 08:20:26 pop-os systemd[1]: Condition check resulted in First Boot Complete being skipped.
Sep 24 08:20:26 pop-os kernel: ACPI: bus type drm_connector registered
Sep 24 08:20:26 pop-os systemd-modules-load[391]: Inserted module 'lp'
Sep 24 08:20:26 pop-os systemd-journald[367]: Time spent on flushing to /var/log/journal/cc5237b61e65f506bb1120f0639693d7 is 20.066ms for 1131 entries.
Sep 24 08:20:26 pop-os systemd-journald[367]: System Journal (/var/log/journal/cc5237b61e65f506bb1120f0639693d7) is 994.0M, max 1000.0M, 6.0M free.
Sep 24 08:20:27 pop-os kernel: lp: driver loaded but no devices found
Sep 24 08:20:27 pop-os kernel: ppdev: user-space parallel port driver
Sep 24 08:20:27 pop-os kernel: io scheduler kyber registered
